Archive member included because of file (symbol)

c:/program files (x86)/microchip/mplab c32 suite/bin/../lib/gcc/pic32mx/4.5.1/size\libgcc.a(floatunsisf.o)
                              build/default/production/_ext/1290698017/GDD_X_Event_Handler.o (__floatunsisf)
c:/program files (x86)/microchip/mplab c32 suite/bin/../lib/gcc/pic32mx/4.5.1/../../../../pic32mx/lib/size\libc.a(memcpy.o)
                              build/default/production/_ext/1687970324/SST25VF016.o (memcpy)
c:/program files (x86)/microchip/mplab c32 suite/bin/../lib/gcc/pic32mx/4.5.1/../../../../pic32mx/lib/size\libc.a(general-exception.o)
                              c:/program files (x86)/microchip/mplab c32 suite/bin/../lib/gcc/pic32mx/4.5.1/../../../../pic32mx/lib/size/crt0.o (_general_exception_context)
c:/program files (x86)/microchip/mplab c32 suite/bin/../lib/gcc/pic32mx/4.5.1/../../../../pic32mx/lib/size\libc.a(malloc.o)
                              build/default/production/_ext/803622919/Button.o (malloc)
c:/program files (x86)/microchip/mplab c32 suite/bin/../lib/gcc/pic32mx/4.5.1/../../../../pic32mx/lib/size\libc.a(sprintf_cdnopuxX.eo)
                              build/default/production/_ext/1290698017/GDD_Screens.o (_sprintf_cdnopuxX)
c:/program files (x86)/microchip/mplab c32 suite/bin/../lib/gcc/pic32mx/4.5.1/../../../../pic32mx/lib/size\libc.a(sbrk.o)
                              c:/program files (x86)/microchip/mplab c32 suite/bin/../lib/gcc/pic32mx/4.5.1/../../../../pic32mx/lib/size\libc.a(malloc.o) (sbrk)
c:/program files (x86)/microchip/mplab c32 suite/bin/../lib/gcc/pic32mx/4.5.1/../../../../pic32mx/lib/size\libc.a(default-general-exception-handler.o)
                              c:/program files (x86)/microchip/mplab c32 suite/bin/../lib/gcc/pic32mx/4.5.1/../../../../pic32mx/lib/size\libc.a(general-exception.o) (_general_exception_handler)
c:/program files (x86)/microchip/mplab c32 suite/bin/../lib/gcc/pic32mx/4.5.1/../../../../pic32mx/lib/size\libc.a(default-bootstrap-exception-handler.o)
                              c:/program files (x86)/microchip/mplab c32 suite/bin/../lib/gcc/pic32mx/4.5.1/../../../../pic32mx/lib/size/crt0.o (_bootstrap_exception_handler)
c:/program files (x86)/microchip/mplab c32 suite/bin/../lib/gcc/pic32mx/4.5.1/../../../../pic32mx/lib/size\libc.a(default-on-reset.o)
                              c:/program files (x86)/microchip/mplab c32 suite/bin/../lib/gcc/pic32mx/4.5.1/../../../../pic32mx/lib/size/crt0.o (_on_reset)
c:/program files (x86)/microchip/mplab c32 suite/bin/../lib/gcc/pic32mx/4.5.1/../../../../pic32mx/lib/size\libc.a(default-on-bootstrap.o)
                              c:/program files (x86)/microchip/mplab c32 suite/bin/../lib/gcc/pic32mx/4.5.1/../../../../pic32mx/lib/size/crt0.o (_on_bootstrap)
c:/program files (x86)/microchip/mplab c32 suite/bin/../lib/gcc/pic32mx/4.5.1/../../../../pic32mx/lib/size\libc.a(default-nmi-handler.o)
                              c:/program files (x86)/microchip/mplab c32 suite/bin/../lib/gcc/pic32mx/4.5.1/../../../../pic32mx/lib/size/crt0.o (_nmi_handler)
c:/program files (x86)/microchip/mplab c32 suite/bin/../lib/gcc/pic32mx/4.5.1/../../../../pic32mx/lib/size\libc.a(memset.o)
                              c:/program files (x86)/microchip/mplab c32 suite/bin/../lib/gcc/pic32mx/4.5.1/../../../../pic32mx/lib/size\libc.a(sbrk.o) (memset)
c:/program files (x86)/microchip/mplab c32 suite/bin/../lib/gcc/pic32mx/4.5.1/../../../../pic32mx/lib/size\libc.a(errno.o)
                              c:/program files (x86)/microchip/mplab c32 suite/bin/../lib/gcc/pic32mx/4.5.1/../../../../pic32mx/lib/size\libc.a(sbrk.o) (errno)
c:/program files (x86)/microchip/mplab c32 suite/bin/../lib/gcc/pic32mx/4.5.1/../../../../pic32mx/lib/size\libc.a(doprnt_cdnopuxX.eo)
                              c:/program files (x86)/microchip/mplab c32 suite/bin/../lib/gcc/pic32mx/4.5.1/../../../../pic32mx/lib/size\libc.a(sprintf_cdnopuxX.eo) (_vfprintf_cdnopuxX)
c:/program files (x86)/microchip/mplab c32 suite/bin/../lib/gcc/pic32mx/4.5.1/../../../../pic32mx/lib/size\libc.a(_fputc_simple.o)
                              c:/program files (x86)/microchip/mplab c32 suite/bin/../lib/gcc/pic32mx/4.5.1/../../../../pic32mx/lib/size\libc.a(doprnt_cdnopuxX.eo) (fputc)
c:/program files (x86)/microchip/mplab c32 suite/bin/../lib/gcc/pic32mx/4.5.1/../../../../pic32mx/lib/size\libc.a(ctype.o)
                              c:/program files (x86)/microchip/mplab c32 suite/bin/../lib/gcc/pic32mx/4.5.1/../../../../pic32mx/lib/size\libc.a(doprnt_cdnopuxX.eo) (_ctype)
c:/program files (x86)/microchip/mplab c32 suite/bin/../lib/gcc/pic32mx/4.5.1/../../../../pic32mx/lib/size\libc.a(write.o)
                              c:/program files (x86)/microchip/mplab c32 suite/bin/../lib/gcc/pic32mx/4.5.1/../../../../pic32mx/lib/size\libc.a(_fputc_simple.o) (write)
c:/program files (x86)/microchip/mplab c32 suite/bin/../lib/gcc/pic32mx/4.5.1/../../../../pic32mx/lib/size\libc.a(_iob.o)
[...]
Memory Configuration

Name             Origin             Length             Attributes
kseg0_program_mem 0x9d000000         0x00080000         xr
kseg0_boot_mem   0x9fc00490         0x00000970
exception_mem    0x9fc01000         0x00001000
kseg1_boot_mem   0xbfc00000         0x00000490
debug_exec_mem   0xbfc02000         0x00000ff0
config3          0xbfc02ff0         0x00000004
config2          0xbfc02ff4         0x00000004
config1          0xbfc02ff8         0x00000004
config0          0xbfc02ffc         0x00000004
kseg1_data_mem   0xa0000000         0x00020000         w !x
sfrs             0xbf800000         0x00100000
configsfrs       0xbfc02ff0         0x00000010
*default*        0x00000000         0xffffffff

Linker script and memory map

LOAD c:/program files (x86)/microchip/mplab c32 suite/bin/../lib/gcc/pic32mx/4.5.1/../../../../pic32mx/lib/size/crt0.o
LOAD build/default/production/_ext/1687970324/drv_spi.o
LOAD build/default/production/_ext/803622919/GOLSchemeDefault.o
LOAD build/default/production/_ext/1687970324/MCHP25LC256.o
LOAD build/default/production/_ext/1687970324/TouchScreen.o
LOAD build/default/production/_ext/1687970324/Beep.o
LOAD build/default/production/_ext/1687970324/SST25VF016.o
LOAD build/default/production/_ext/1472/Font25PixelsHeight.o
LOAD build/default/production/_ext/1472/Font35PixelsHeight.o
LOAD build/default/production/_ext/1472/FontCALIST_36.o
LOAD build/default/production/_ext/2050749925/GOLFontDefault.o
LOAD build/default/production/_ext/2050749925/GOLSmallFont.o
LOAD build/default/production/_ext/1860783399/TimeDelay.o
LOAD build/default/production/_ext/1919882987/SSD1963.o
LOAD build/default/production/_ext/803622919/Window.o
LOAD build/default/production/_ext/803622919/Button.o
LOAD build/default/production/_ext/803622919/CheckBox.o
LOAD build/default/production/_ext/803622919/EditBox.o
LOAD build/default/production/_ext/803622919/GOL.o
LOAD build/default/production/_ext/803622919/Grid.o
LOAD build/default/production/_ext/803622919/GroupBox.o
LOAD build/default/production/_ext/803622919/ListBox.o
LOAD build/default/production/_ext/803622919/Meter.o
LOAD build/default/production/_ext/803622919/Picture.o
LOAD build/default/production/_ext/803622919/Primitive.o
LOAD build/default/production/_ext/803622919/ProgressBar.o
LOAD build/default/production/_ext/803622919/RadioButton.o
LOAD build/default/production/_ext/803622919/RoundDial.o
LOAD build/default/production/_ext/803622919/Slider.o
LOAD build/default/production/_ext/803622919/StaticText.o
LOAD build/default/production/_ext/803622919/DigitalMeter.o
LOAD build/default/production/_ext/1687970324/TouchScreenResistive.o
LOAD build/default/production/_ext/1472/Monofont.o
LOAD build/default/production/_ext/1472/Gentium_72.o
LOAD build/default/production/_ext/1472/Gentium_16.o
LOAD build/default/production/_ext/1472/Gentium_200.o
LOAD build/default/production/_ext/1472/Pictures C32.o
LOAD build/default/production/_ext/1472/Gentium_150.o
LOAD build/default/production/_ext/1472/dee_emulation_pic32.o
LOAD build/default/production/_ext/1290698017/GDD_Screens.o
LOAD build/default/production/_ext/1290698017/GDD_X_Event_Handler.o
LOAD build/default/production/_ext/1472/Main_Zonda.o
LOAD build/default/production/_ext/2050749925/ADS7843.o
                0x00000001                __MPLAB_BUILD = 0x1
                0x00000bb8                _min_heap_size = 0xbb8
                0x000007d0                _min_stack_size = 0x7d0
LOAD c:/program files (x86)/microchip/mplab c32 suite/bin/../lib/gcc/pic32mx/4.5.1/size\libgcc.a
START GROUP
LOAD c:/program files (x86)/microchip/mplab c32 suite/bin/../lib/gcc/pic32mx/4.5.1/../../../../pic32mx/lib/size\libdebug.a
LOAD c:/program files (x86)/microchip/mplab c32 suite/bin/../lib/gcc/pic32mx/4.5.1/../../../../pic32mx/lib/size\libc.a
LOAD c:/program files (x86)/microchip/mplab c32 suite/bin/../lib/gcc/pic32mx/4.5.1/../../../../pic32mx/lib/size\libm.a
LOAD c:/program files (x86)/microchip/mplab c32 suite/bin/../lib/gcc/pic32mx/4.5.1/../../../../pic32mx/lib/size\libe.a
LOAD c:/program files (x86)/microchip/mplab c32 suite/bin/../lib/gcc/pic32mx/4.5.1/../../../../pic32mx/lib/size\libdsp.a
LOAD c:/program files (x86)/microchip/mplab c32 suite/bin/../lib/gcc/pic32mx/4.5.1/../../../../pic32mx/lib/size\libmchp_peripheral.a
LOAD c:/program files (x86)/microchip/mplab c32 suite/bin/../lib/gcc/pic32mx/4.5.1/../../../../pic32mx/lib/size\libmchp_peripheral_32MX795F512L.a
END GROUP
LOAD c:/program files (x86)/microchip/mplab c32 suite/bin/../lib/gcc/pic32mx/4.5.1/size\libgcc.a
                0x00000400                PROVIDE (_min_stack_size, 0x400)
                0x00000000                PROVIDE (_min_heap_size, 0x0)
LOAD c:/program files (x86)/microchip/mplab c32 suite/bin/../lib/gcc/pic32mx/4.5.1/../../../../pic32mx/lib/./proc/32MX795F512L\processor.o
                0x00000001                PROVIDE (_vector_spacing, 0x1)
                0x9fc01000                _ebase_address = 0x9fc01000
                0xbfc00000                _RESET_ADDR = 0xbfc00000
                0xbfc00380                _BEV_EXCPT_ADDR = 0xbfc00380
                0xbfc00480                _DBG_EXCPT_ADDR = 0xbfc00480
                0xbfc02000                _DBG_CODE_ADDR = 0xbfc02000
                0x00000ff0                _DBG_CODE_SIZE = 0xff0
                0x9fc01180                _GEN_EXCPT_ADDR = (_ebase_address + 0x180)

.config_BFC02FF0
 *(.config_BFC02FF0)

.config_BFC02FF4
                0xbfc02ff4        0x4
 *(.config_BFC02FF4)
 .config_BFC02FF4
                0xbfc02ff4        0x4 build/default/production/_ext/1472/Main_Zonda.o

.config_BFC02FF8
                0xbfc02ff8        0x4
 *(.config_BFC02FF8)
 .config_BFC02FF8
                0xbfc02ff8        0x4 build/default/production/_ext/1472/Main_Zonda.o

.config_BFC02FFC
                0xbfc02ffc        0x4
 *(.config_BFC02FFC)
 .config_BFC02FFC
                0xbfc02ffc        0x4 build/default/production/_ext/1472/Main_Zonda.o
                0xbfc02000                PROVIDE (_DBG_CODE_ADDR, 0xbfc02000)
                0x00000ff0                PROVIDE (_DBG_CODE_SIZE, 0xff0)

.reset          0xbfc00000      0x1f4
 *(.reset)
 .reset         0xbfc00000       0x10 c:/program files (x86)/microchip/mplab c32 suite/bin/../lib/gcc/pic32mx/4.5.1/../../../../pic32mx/lib/size/crt0.o
                0xbfc00000                _reset
 *(.reset.startup)
 .reset.startup
                0xbfc00010      0x1e4 c:/program files (x86)/microchip/mplab c32 suite/bin/../lib/gcc/pic32mx/4.5.1/../../../../pic32mx/lib/size/crt0.o

.bev_excpt      0xbfc00380       0x10
 *(.bev_handler)
 .bev_handler   0xbfc00380       0x10 c:/program files (x86)/microchip/mplab c32 suite/bin/../lib/gcc/pic32mx/4.5.1/../../../../pic32mx/lib/size/crt0.o

.dbg_excpt      0xbfc00480        0x0
                0xbfc00480                . = (. + DEFINED (_DEBUGGER)?0x8:0x0)

.dbg_code       0xbfc02000        0x0
                0xbfc02000                . = (. + DEFINED (_DEBUGGER)?_DBG_CODE_SIZE:0x0)

.app_excpt      0x9fc01180       0x10
 *(.gen_handler)
 .gen_handler   0x9fc01180       0x10 c:/program files (x86)/microchip/mplab c32 suite/bin/../lib/gcc/pic32mx/4.5.1/../../../../pic32mx/lib/size/crt0.o

.vector_0       0x9fc01200        0x8
 *(.vector_0)
 .vector_0      0x9fc01200        0x8 build/default/production/_ext/1472/Main_Zonda.o
                0x00000001                ASSERT (((_vector_spacing == 0x0) || (SIZEOF (.vector_0) <= (_vector_spacing << 0x5))), function at exception vector 0 too large)

.vector_1       0x9fc01220        0x0
 *(.vector_1)
                0x00000001                ASSERT (((_vector_spacing == 0x0) || (SIZEOF (.vector_1) <= (_vector_spacing << 0x5))), function at exception vector 1 too large)

.vector_2       0x9fc01240        0x0
 *(.vector_2)
                0x00000001                ASSERT (((_vector_spacing == 0x0) || (SIZEOF (.vector_2) <= (_vector_spacing << 0x5))), function at exception vector 2 too large)

.vector_3       0x9fc01260        0x0
 *(.vector_3)
                0x00000001                ASSERT (((_vector_spacing == 0x0) || (SIZEOF (.vector_3) <= (_vector_spacing << 0x5))), function at exception vector 3 too large)

.vector_4       0x9fc01280        0x0
 *(.vector_4)
                0x00000001                ASSERT (((_vector_spacing == 0x0) || (SIZEOF (.vector_4) <= (_vector_spacing << 0x5))), function at exception vector 4 too large)

.vector_5       0x9fc012a0        0x0
 *(.vector_5)
                0x00000001                ASSERT (((_vector_spacing == 0x0) || (SIZEOF (.vector_5) <= (_vector_spacing << 0x5))), function at exception vector 5 too large)

.vector_6       0x9fc012c0        0x0
 *(.vector_6)
                0x00000001                ASSERT (((_vector_spacing == 0x0) || (SIZEOF (.vector_6) <= (_vector_spacing << 0x5))), function at exception vector 6 too large)

.vector_7       0x9fc012e0        0x0
 *(.vector_7)
                0x00000001                ASSERT (((_vector_spacing == 0x0) || (SIZEOF (.vector_7) <= (_vector_spacing << 0x5))), function at exception vector 7 too large)

.vector_8       0x9fc01300        0x0
 *(.vector_8)
                0x00000001                ASSERT (((_vector_spacing == 0x0) || (SIZEOF (.vector_8) <= (_vector_spacing << 0x5))), function at exception vector 8 too large)

.vector_9       0x9fc01320        0x0
 *(.vector_9)
                0x00000001                ASSERT (((_vector_spacing == 0x0) || (SIZEOF (.vector_9) <= (_vector_spacing << 0x5))), function at exception vector 9 too large)

.vector_10      0x9fc01340        0x0
 *(.vector_10)
                0x00000001                ASSERT (((_vector_spacing == 0x0) || (SIZEOF (.vector_10) <= (_vector_spacing << 0x5))), function at exception vector 10 too large)

.vector_11      0x9fc01360        0x0
 *(.vector_11)
                0x00000001                ASSERT (((_vector_spacing == 0x0) || (SIZEOF (.vector_11) <= (_vector_spacing << 0x5))), function at exception vector 11 too large)

.vector_12      0x9fc01380        0x8
 *(.vector_12)
 .vector_12     0x9fc01380        0x8 build/default/production/_ext/1472/Main_Zonda.o
                0x00000001                ASSERT (((_vector_spacing == 0x0) || (SIZEOF (.vector_12) <= (_vector_spacing << 0x5))), function at exception vector 12 too large)

.vector_13      0x9fc013a0        0x0
 *(.vector_13)
                0x00000001                ASSERT (((_vector_spacing == 0x0) || (SIZEOF (.vector_13) <= (_vector_spacing << 0x5))), function at exception vector 13 too large)

.vector_14      0x9fc013c0        0x0
 *(.vector_14)
                0x00000001                ASSERT (((_vector_spacing == 0x0) || (SIZEOF (.vector_14) <= (_vector_spacing << 0x5))), function at exception vector 14 too large)

.vector_15      0x9fc013e0        0x8
 *(.vector_15)
 .vector_15     0x9fc013e0        0x8 build/default/production/_ext/1472/Main_Zonda.o
                0x00000001                ASSERT (((_vector_spacing == 0x0) || (SIZEOF (.vector_15) <= (_vector_spacing << 0x5))), function at exception vector 15 too large)

.vector_16      0x9fc01400        0x0
 *(.vector_16)
                0x00000001                ASSERT (((_vector_spacing == 0x0) || (SIZEOF (.vector_16) <= (_vector_spacing << 0x5))), function at exception vector 16 too large)

.vector_17      0x9fc01420        0x0
 *(.vector_17)
                0x00000001                ASSERT (((_vector_spacing == 0x0) || (SIZEOF (.vector_17) <= (_vector_spacing << 0x5))), function at exception vector 17 too large)

.vector_18      0x9fc01440        0x0
 *(.vector_18)
                0x00000001                ASSERT (((_vector_spacing == 0x0) || (SIZEOF (.vector_18) <= (_vector_spacing << 0x5))), function at exception vector 18 too large)

.vector_19      0x9fc01460        0x0
 *(.vector_19)
                0x00000001                ASSERT (((_vector_spacing == 0x0) || (SIZEOF (.vector_19) <= (_vector_spacing << 0x5))), function at exception vector 19 too large)

.vector_20      0x9fc01480        0x0
 *(.vector_20)
                0x00000001                ASSERT (((_vector_spacing == 0x0) || (SIZEOF (.vector_20) <= (_vector_spacing << 0x5))), function at exception vector 20 too large)

.vector_21      0x9fc014a0        0x0
 *(.vector_21)
                0x00000001                ASSERT (((_vector_spacing == 0x0) || (SIZEOF (.vector_21) <= (_vector_spacing << 0x5))), function at exception vector 21 too large)

.vector_22      0x9fc014c0        0x0
 *(.vector_22)
                0x00000001                ASSERT (((_vector_spacing == 0x0) || (SIZEOF (.vector_22) <= (_vector_spacing << 0x5))), function at exception vector 22 too large)

.vector_23      0x9fc014e0        0x0
 *(.vector_23)
                0x00000001                ASSERT (((_vector_spacing == 0x0) || (SIZEOF (.vector_23) <= (_vector_spacing << 0x5))), function at exception vector 23 too large)

.vector_24      0x9fc01500        0x0
 *(.vector_24)
                0x00000001                ASSERT (((_vector_spacing == 0x0) || (SIZEOF (.vector_24) <= (_vector_spacing << 0x5))), function at exception vector 24 too large)

.vector_25      0x9fc01520        0x0
 *(.vector_25)
                0x00000001                ASSERT (((_vector_spacing == 0x0) || (SIZEOF (.vector_25) <= (_vector_spacing << 0x5))), function at exception vector 25 too large)

.vector_26      0x9fc01540        0x0
 *(.vector_26)
                0x00000001                ASSERT (((_vector_spacing == 0x0) || (SIZEOF (.vector_26) <= (_vector_spacing << 0x5))), function at exception vector 26 too large)

.vector_27      0x9fc01560        0x8
 *(.vector_27)
 .vector_27     0x9fc01560        0x8 build/default/production/_ext/1472/Main_Zonda.o
                0x00000001                ASSERT (((_vector_spacing == 0x0) || (SIZEOF (.vector_27) <= (_vector_spacing << 0x5))), function at exception vector 27 too large)

.vector_28      0x9fc01580        0x0
 *(.vector_28)
                0x00000001                ASSERT (((_vector_spacing == 0x0) || (SIZEOF (.vector_28) <= (_vector_spacing << 0x5))), function at exception vector 28 too large)

.vector_29      0x9fc015a0        0x0
 *(.vector_29)
                0x00000001                ASSERT (((_vector_spacing == 0x0) || (SIZEOF (.vector_29) <= (_vector_spacing << 0x5))), function at exception vector 29 too large)

.vector_30      0x9fc015c0        0x0
 *(.vector_30)
                0x00000001                ASSERT (((_vector_spacing == 0x0) || (SIZEOF (.vector_30) <= (_vector_spacing << 0x5))), function at exception vector 30 too large)

.vector_31      0x9fc015e0        0x0
 *(.vector_31)
                0x00000001                ASSERT (((_vector_spacing == 0x0) || (SIZEOF (.vector_31) <= (_vector_spacing << 0x5))), function at exception vector 31 too large)

.vector_32      0x9fc01600        0x0
 *(.vector_32)
                0x00000001                ASSERT (((_vector_spacing == 0x0) || (SIZEOF (.vector_32) <= (_vector_spacing << 0x5))), function at exception vector 32 too large)

.vector_33      0x9fc01620        0x0
 *(.vector_33)
                0x00000001                ASSERT (((_vector_spacing == 0x0) || (SIZEOF (.vector_33) <= (_vector_spacing << 0x5))), function at exception vector 33 too large)

.vector_34      0x9fc01640        0x0
 *(.vector_34)
                0x00000001                ASSERT (((_vector_spacing == 0x0) || (SIZEOF (.vector_34) <= (_vector_spacing << 0x5))), function at exception vector 34 too large)

.vector_35      0x9fc01660        0x0
 *(.vector_35)
                0x00000001                ASSERT (((_vector_spacing == 0x0) || (SIZEOF (.vector_35) <= (_vector_spacing << 0x5))), function at exception vector 35 too large)

.vector_36      0x9fc01680        0x0
 *(.vector_36)
                0x00000001                ASSERT (((_vector_spacing == 0x0) || (SIZEOF (.vector_36) <= (_vector_spacing << 0x5))), function at exception vector 36 too large)

.vector_37      0x9fc016a0        0x0
 *(.vector_37)
                0x00000001                ASSERT (((_vector_spacing == 0x0) || (SIZEOF (.vector_37) <= (_vector_spacing << 0x5))), function at exception vector 37 too large)

.vector_38      0x9fc016c0        0x0
 *(.vector_38)
                0x00000001                ASSERT (((_vector_spacing == 0x0) || (SIZEOF (.vector_38) <= (_vector_spacing << 0x5))), function at exception vector 38 too large)

.vector_39      0x9fc016e0        0x0
 *(.vector_39)
                0x00000001                ASSERT (((_vector_spacing == 0x0) || (SIZEOF (.vector_39) <= (_vector_spacing << 0x5))), function at exception vector 39 too large)

.vector_40      0x9fc01700        0x0
 *(.vector_40)
                0x00000001                ASSERT (((_vector_spacing == 0x0) || (SIZEOF (.vector_40) <= (_vector_spacing << 0x5))), function at exception vector 40 too large)

.vector_41      0x9fc01720        0x0
 *(.vector_41)
                0x00000001                ASSERT (((_vector_spacing == 0x0) || (SIZEOF (.vector_41) <= (_vector_spacing << 0x5))), function at exception vector 41 too large)

.vector_42      0x9fc01740        0x0
 *(.vector_42)
                0x00000001                ASSERT (((_vector_spacing == 0x0) || (SIZEOF (.vector_42) <= (_vector_spacing << 0x5))), function at exception vector 42 too large)

.vector_43      0x9fc01760        0x0
 *(.vector_43)
                0x00000001                ASSERT (((_vector_spacing == 0x0) || (SIZEOF (.vector_43) <= (_vector_spacing << 0x5))), function at exception vector 43 too large)

.vector_44      0x9fc01780        0x0
 *(.vector_44)
                0x00000001                ASSERT (((_vector_spacing == 0x0) || (SIZEOF (.vector_44) <= (_vector_spacing << 0x5))), function at exception vector 44 too large)

.vector_45      0x9fc017a0        0x0
 *(.vector_45)
                0x00000001                ASSERT (((_vector_spacing == 0x0) || (SIZEOF (.vector_45) <= (_vector_spacing << 0x5))), function at exception vector 45 too large)

.vector_46      0x9fc017c0        0x0
 *(.vector_46)
                0x00000001                ASSERT (((_vector_spacing == 0x0) || (SIZEOF (.vector_46) <= (_vector_spacing << 0x5))), function at exception vector 46 too large)

.vector_47      0x9fc017e0        0x0
 *(.vector_47)
                0x00000001                ASSERT (((_vector_spacing == 0x0) || (SIZEOF (.vector_47) <= (_vector_spacing << 0x5))), function at exception vector 47 too large)

.vector_48      0x9fc01800        0x0
 *(.vector_48)
                0x00000001                ASSERT (((_vector_spacing == 0x0) || (SIZEOF (.vector_48) <= (_vector_spacing << 0x5))), function at exception vector 48 too large)

.vector_49      0x9fc01820        0x0
 *(.vector_49)
                0x00000001                ASSERT (((_vector_spacing == 0x0) || (SIZEOF (.vector_49) <= (_vector_spacing << 0x5))), function at exception vector 49 too large)

.vector_50      0x9fc01840        0x0
 *(.vector_50)
                0x00000001                ASSERT (((_vector_spacing == 0x0) || (SIZEOF (.vector_50) <= (_vector_spacing << 0x5))), function at exception vector 50 too large)

.vector_51      0x9fc01860        0x0
 *(.vector_51)
                0x00000001                ASSERT (((_vector_spacing == 0x0) || (SIZEOF (.vector_51) <= (_vector_spacing << 0x5))), function at exception vector 51 too large)

.vector_52      0x9fc01880        0x0
 *(.vector_52)
                0x00000001                ASSERT (((_vector_spacing == 0x0) || (SIZEOF (.vector_52) <= (_vector_spacing << 0x5))), function at exception vector 52 too large)

.vector_53      0x9fc018a0        0x0
 *(.vector_53)
                0x00000001                ASSERT (((_vector_spacing == 0x0) || (SIZEOF (.vector_53) <= (_vector_spacing << 0x5))), function at exception vector 53 too large)

.vector_54      0x9fc018c0        0x0
 *(.vector_54)
                0x00000001                ASSERT (((_vector_spacing == 0x0) || (SIZEOF (.vector_54) <= (_vector_spacing << 0x5))), function at exception vector 54 too large)

.vector_55      0x9fc018e0        0x0
 *(.vector_55)
                0x00000001                ASSERT (((_vector_spacing == 0x0) || (SIZEOF (.vector_55) <= (_vector_spacing << 0x5))), function at exception vector 55 too large)

.vector_56      0x9fc01900        0x0
 *(.vector_56)
                0x00000001                ASSERT (((_vector_spacing == 0x0) || (SIZEOF (.vector_56) <= (_vector_spacing << 0x5))), function at exception vector 56 too large)

.vector_57      0x9fc01920        0x0
 *(.vector_57)
                0x00000001                ASSERT (((_vector_spacing == 0x0) || (SIZEOF (.vector_57) <= (_vector_spacing << 0x5))), function at exception vector 57 too large)

.vector_58      0x9fc01940        0x0
 *(.vector_58)
                0x00000001                ASSERT (((_vector_spacing == 0x0) || (SIZEOF (.vector_58) <= (_vector_spacing << 0x5))), function at exception vector 58 too large)

.vector_59      0x9fc01960        0x0
 *(.vector_59)
                0x00000001                ASSERT (((_vector_spacing == 0x0) || (SIZEOF (.vector_59) <= (_vector_spacing << 0x5))), function at exception vector 59 too large)

.vector_60      0x9fc01980        0x0
 *(.vector_60)
                0x00000001                ASSERT (((_vector_spacing == 0x0) || (SIZEOF (.vector_60) <= (_vector_spacing << 0x5))), function at exception vector 60 too large)

.vector_61      0x9fc019a0        0x0
 *(.vector_61)
                0x00000001                ASSERT (((_vector_spacing == 0x0) || (SIZEOF (.vector_61) <= (_vector_spacing << 0x5))), function at exception vector 61 too large)

.vector_62      0x9fc019c0        0x0
 *(.vector_62)
                0x00000001                ASSERT (((_vector_spacing == 0x0) || (SIZEOF (.vector_62) <= (_vector_spacing << 0x5))), function at exception vector 62 too large)

.vector_63      0x9fc019e0        0x0
 *(.vector_63)
                0x00000001                ASSERT (((_vector_spacing == 0x0) || (SIZEOF (.vector_63) <= (_vector_spacing << 0x5))), function at exception vector 63 too large)

.startup
 *(.startup)

.text
 *(.stub .gnu.linkonce.t.*)
 *(.text.*personality*)
 *(.mips16.fn.*)
 *(.mips16.call.*)
 *(.gnu.warning)

.rodata         0x9d000000        0x0
 *(.rodata.* .gnu.linkonce.r.*)
 *(.rodata1)
                0x9d000000                . = ALIGN (0x4)

.sdata2         0x9fc00490        0x0
 *(.sdata2 .sdata2.* .gnu.linkonce.s2.*)
                0x9fc00490                . = ALIGN (0x4)

.sbss2          0x9fc00490        0x0
 *(.sbss2 .sbss2.* .gnu.linkonce.sb2.*)
                0x9fc00490                . = ALIGN (0x4)

.eh_frame_hdr
 *(.eh_frame_hdr)

.eh_frame
 *(.eh_frame)

.dbg_data       0xa0000000        0x0
                0xa0000000                . = (. + DEFINED (_DEBUGGER)?0x200:0x0)

.persist        0xa0000000        0x0
                0xa0000000                _persist_begin = .
 *(.persist .persist.*)
                0xa0000000                . = ALIGN (0x4)
                0xa0000000                _persist_end = .

.eh_frame       0xa0000000       0x3c
 *(.eh_frame)
 .eh_frame      0xa0000000       0x28 c:/program files (x86)/microchip/mplab c32 suite/bin/../lib/gcc/pic32mx/4.5.1/size\libgcc.a(_udivdi3.o)
 .eh_frame      0xa0000028       0x14 c:/program files (x86)/microchip/mplab c32 suite/bin/../lib/gcc/pic32mx/4.5.1/size\libgcc.a(_umoddi3.o)
                                 0x28 (size before relaxing)
                0xa000003c                . = .
                0xa0008030                _gp = (ALIGN (0x10) + 0x7ff0)

.got
 *(.got.plt)
 *(.got)

.sdata          0xa000003c       0x40
                0xa000003c                _sdata_begin = .
 *(.sdata .sdata.* .gnu.linkonce.s.*)
 .sdata         0xa000003c        0x4 build/default/production/_ext/1687970324/TouchScreen.o
 .sdata         0xa0000040        0x1 build/default/production/_ext/803622919/Primitive.o
 *fill*         0xa0000041        0x3 00
 .sdata         0xa0000044        0x8 build/default/production/_ext/803622919/ProgressBar.o
 .sdata         0xa000004c       0x10 build/default/production/_ext/1687970324/TouchScreenResistive.o
                0xa000004c                adcX
                0xa000004e                adcY
                0xa0000050                adcX_Old
                0xa0000052                adcY_Old
                0xa0000054                _trA
                0xa0000056                _trB
                0xa0000058                _trC
                0xa000005a                _trD
 .sdata         0xa000005c        0x4 build/default/production/_ext/1290698017/GDD_Screens.o
 .sdata         0xa0000060        0x8 build/default/production/_ext/1290698017/GDD_X_Event_Handler.o
 .sdata         0xa0000068        0xc build/default/production/_ext/1472/Main_Zonda.o
                0xa0000068                ptrLargeAsianFont
                0xa000006c                ptrSmallAsianFont
                0xa0000070                screenState
 .sdata         0xa0000074        0x4 c:/program files (x86)/microchip/mplab c32 suite/bin/../lib/gcc/pic32mx/4.5.1/../../../../pic32mx/lib/size\libc.a(_iob.o)
                0xa0000074                _Files
 .sdata         0xa0000078        0x4 c:/program files (x86)/microchip/mplab c32 suite/bin/../lib/gcc/pic32mx/4.5.1/../../../../pic32mx/lib/size\libc.a(c32_uart.o)
                0xa0000078                __C32_UART
                0xa000007c                _sdata_end = .

.lit8
 *(.lit8)

.lit4
 *(.lit4)
                0xa000007c                . = ALIGN (0x4)
                0xa000007c                _data_end = .
                0xa000007c                _bss_begin = .

.sbss           0xa000007c      0x354
                0xa000007c                _sbss_begin = .
 *(.dynsbss)
 *(.sbss .sbss.* .gnu.linkonce.sb.*)
 .sbss          0xa000007c        0xc build/default/production/_ext/1687970324/TouchScreen.o
                0xa000007c                pCalDataRead
                0xa0000080                pCalDataWrite
                0xa0000084                pCalDataSectorErase
 .sbss          0xa0000088        0x1 build/default/production/_ext/1919882987/SSD1963.o
                0xa0000088                _gpioStatus
 *fill*         0xa0000089        0x3 00
 .sbss          0xa000008c       0x14 build/default/production/_ext/803622919/Button.o
 .sbss          0xa00000a0       0x24 build/default/production/_ext/803622919/GOL.o
                0xa00000a0                _pGolObjects
                0xa00000a4                _pDefaultGolScheme
                0xa00000a8                _pObjectFocused
                0xa00000ac                _pRpnlBitmap
 .sbss          0xa00000c4        0xc build/default/production/_ext/803622919/Picture.o
 .sbss          0xa00000d0       0x50 build/default/production/_ext/803622919/Primitive.o
 .sbss          0xa0000120        0xc build/default/production/_ext/803622919/ProgressBar.o
 .sbss          0xa000012c       0x1c build/default/production/_ext/803622919/Slider.o
 .sbss          0xa0000148        0xc build/default/production/_ext/803622919/StaticText.o
 .sbss          0xa0000154       0x10 build/default/production/_ext/1687970324/TouchScreenResistive.o
                0xa0000154                adcPot
                0xa0000158                state
 .sbss          0xa0000164        0x4 build/default/production/_ext/1472/dee_emulation_pic32.o
                0xa0000164                lowerAddress
 .sbss          0xa0000168       0x14 build/default/production/_ext/1290698017/GDD_Screens.o
                0xa0000168                update
 .sbss          0xa000017c       0x74 build/default/production/_ext/1290698017/GDD_X_Event_Handler.o
 .sbss          0xa00001f0       0x18 build/default/production/_ext/1472/Main_Zonda.o
                0xa00001f0                tick
                0xa00001f4                prevState
                0xa00001f8                prevRefreshState
                0xa00001fc                List2Enable
                0xa00001fe                refreshScreen
                0xa0000200                PulldownId
 .sbss          0xa0000208        0x8 c:/program files (x86)/microchip/mplab c32 suite/bin/../lib/gcc/pic32mx/4.5.1/../../../../pic32mx/lib/size\libc.a(sbrk.o)
                0xa0000208                _minbrk
                0xa000020c                _maxbrk
 .sbss          0xa0000210        0x4 c:/program files (x86)/microchip/mplab c32 suite/bin/../lib/gcc/pic32mx/4.5.1/../../../../pic32mx/lib/size\libc.a(errno.o)
                0xa0000210                errno
 .sbss          0xa0000214        0x1 c:/program files (x86)/microchip/mplab c32 suite/bin/../lib/gcc/pic32mx/4.5.1/../../../../pic32mx/lib/size\libc.a(_iob.o)
                0xa0000214                _outdone
 *(.scommon)
 *fill*         0xa0000215        0x3 00
 .scommon       0xa0000218       0xd5 build/default/production/_ext/1687970324/Beep.o
                0xa0000218                DRAW_Calefa_1_OK
                0xa000021a                adc_venturi
                0xa000021c                DRAW_obstruccion_NO
                0xa000021d                DRAW_Tanque_LLeno
                0xa000021e                adc2
                0xa0000220                DRAW_Calefa_5_OK
                0xa0000222                flag_sobre_presion1
                0xa0000224                enciendo_calefactor
                0xa0000226                sonido
                0xa0000228                tick_x_seg
                0xa000022c                stateADC
                0xa0000230                offSet
                0xa0000234                state_sobre_presion
                0xa0000238                TPE
                0xa000023c                estado_de_alarma_sonora
                0xa0000240                Boton_Start_scheme
                0xa0000244                DRAW_obstruccion_OK
                0xa0000246                alarma_cilindro
                0xa0000248                DRAW_Calefa_3_OK
                0xa000024a                state_pres_negative
                0xa000024c                DRAW_cilindro_NO
                0xa000024e                state_obstruccion
                0xa0000250                DRAW_Tanque_desconectado
                0xa0000252                estado_bajo
                0xa0000254                X
                0xa0000256                state_Calefactor
                0xa0000258                flag_presion_negativa
                0xa000025a                estado_led
                0xa000025c                Pilot_off
                0xa0000260                DRAW_pressure_negativa_NO
                0xa0000262                BEEPER2
                0xa0000264                flag_sonido
                0xa0000265                prevSCREEN
                0xa0000266                estado_cilindro
                0xa0000267                estado_bomba
                0xa0000268                DRAW_Calefa_2_OK
                0xa000026a                estado_alarma_1
                0xa000026c                adc1
                0xa000026e                flag_pres_negative
                0xa0000270                pulseCounter
                0xa0000274                TAE
                0xa0000278                Alarma_sonora_pres_negative
                0xa000027a                time_fuga
                0xa000027c                Y
                0xa000027e                Linea
                0xa0000280                DRAW_sobre_pressure_NO
                0xa0000284                contador_resistencia
                0xa0000288                time_activo_electrovalvula
                0xa000028c                Frec_tone
                0xa000028e                estado_alto
                0xa0000290                adc_sensor_1
                0xa0000292                DRAW_sobre_pressure_OK
                0xa0000293                DRAW_cilindro_OK
                0xa0000294                DRAW_Calefa_4_OK
                0xa0000295                estado_de_alarma_visual
                0xa0000296                time_pest_flotante
                0xa0000298                Pilot_scheme
                0xa000029c                DRAW_pressure_negativa_OK
                0xa00002a0                Pilot_off1
                0xa00002a4                DRAW_Fuga
                0xa00002a6                value_led2
                0xa00002a8                desbloqueado
                0xa00002a9                UPDate_primitive
                0xa00002aa                flag_tanque_lleno
                0xa00002ac                RingTone
                0xa00002ae                cont_bar
                0xa00002b0                Alarma_sonora_de_sobre_presion
                0xa00002b2                currentGDDDemoScreenIndex
                0xa00002b4                flag_cilindro_CO2
                0xa00002b5                DRAW_Bateri_2
                0xa00002b8                time_inactivo_electrovalvula
                0xa00002bc                Tiempo_de_carga_de_bateria
                0xa00002c0                tick_electrovalvula
                0xa00002c4                flag_obstruccion
                0xa00002c5                flag_sobre_presion
                0xa00002c6                DRAW_Tanque_2
                0xa00002c8                TDE
                0xa00002cc                Pilot_off2
                0xa00002d0                flag_bateri_cargando
                0xa00002d2                cont_alarma
                0xa00002d4                estado_medio
                0xa00002d6                flag_core_timer
                0xa00002d7                DRAW_Calefa_0_OK
                0xa00002d8                value_led1
                0xa00002da                state_cilindro_CO2
                0xa00002dc                cont_pressured
                0xa00002de                time_alarma_fuga
                0xa00002e0                flag_alarma_fuga
                0xa00002e2                adc_Calefactor
                0xa00002e4                DRAW_Calefactor_OK
                0xa00002e5                flag_Calefactor
                0xa00002e6                flag_tanque_desconectado
                0xa00002e8                state_secuencia
                0xa00002ec                DRAW_Bateri_3
 *fill*         0xa00002ed        0x1 00
 .scommon       0xa00002ee       0x14 build/default/production/_ext/1919882987/SSD1963.o
                0xa00002ee                _colorTransparent
                0xa00002f0                _colorTransparentEnable
                0xa00002f2                _clipTop
                0xa00002f4                _clipBottom
                0xa00002f6                _activePage
                0xa00002f8                _color
                0xa00002fa                _visualPage
                0xa00002fc                _clipLeft
                0xa00002fe                _clipRgn
                0xa0000300                _clipRight
 .scommon       0xa0000302       0x12 build/default/production/_ext/803622919/GOL.o
                0xa0000302                _rpnlFaceColor
                0xa0000304                _rpnlEmbossLtColor
                0xa0000306                _rpnlX1
                0xa0000308                _rpnlEmbossDkColor
                0xa000030a                _rpnlR
                0xa000030c                _rpnlX2
                0xa000030e                _rpnlEmbossSize
                0xa0000310                _rpnlY1
                0xa0000312                _rpnlY2
 .scommon       0xa0000314       0x14 build/default/production/_ext/803622919/Primitive.o
                0xa0000314                _fontFirstChar
                0xa0000316                _lineType
                0xa0000318                _fontLastChar
                0xa000031a                _cursorY
                0xa000031c                _fontHeight
                0xa000031e                _lineThickness
                0xa0000320                _font
                0xa0000324                _cursorX
                0xa0000326                _fontOrientation
                0xa0000327                _bevelDrawType
 .scommon       0xa0000328        0x4 build/default/production/_ext/1687970324/TouchScreenResistive.o
                0xa0000328                TouchData
 .scommon       0xa000032c        0x4 build/default/production/_ext/1472/dee_emulation_pic32.o
                0xa000032c                dataEEFlags
 .scommon       0xa0000330       0x28 build/default/production/_ext/1290698017/GDD_Screens.o
                0xa0000330                Flechas_Pilot_scheme2
                0xa0000334                defscheme
                0xa0000338                Check_Box_Scheme
                0xa000033c                Boton_Stop_scheme
                0xa0000340                Pilot_scheme_1
                0xa0000344                Alarma_scheme
                0xa0000348                Digital_Meter_Scheme
                0xa000034c                Barra_Flot_Scheme
                0xa0000350                Pilot_Gradiente_Scheme
                0xa0000354                Flechas_Pilot_scheme
 .scommon       0xa0000358        0x2 build/default/production/_ext/1290698017/GDD_X_Event_Handler.o
                0xa0000358                temp
 *fill*         0xa000035a        0x2 00
 .scommon       0xa000035c       0x74 build/default/production/_ext/1472/Main_Zonda.o
                0xa000035c                alt5Scheme
                0xa0000360                navScheme
                0xa0000364                pGenObj
                0xa0000368                redScheme
                0xa000036c                pPicture
                0xa0000370                yellowScheme
                0xa0000374                cont1
                0xa0000378                Pilot_Scheme_6_1
                0xa000037c                animate
                0xa000037e                pDwnLeft
                0xa0000380                DateItemID
                0xa0000384                alt2Scheme
                0xa0000388                meterScheme
                0xa000038c                pProgressBar
                0xa0000390                alt3Scheme
                0xa0000394                Pilot_Scheme_6_2
                0xa0000398                alt4Scheme
                0xa000039c                pSlider
                0xa00003a0                pDwnBottom
                0xa00003a4                Pilot_scheme_inicio
                0xa00003a8                timeScheme
                0xa00003ac                altScheme
                0xa00003b0                pDwnTop
                0xa00003b4                pNavList
                0xa00003b8                pListSaved
                0xa00003bc                pDwnRight
                0xa00003be                flag_cont
                0xa00003c0                cont
                0xa00003c4                Pilot_Scheme_6_numeros
                0xa00003c8                cont2
                0xa00003cc                greenScheme
                0xa00003d0                _sbss_end = .

.bss            0xa00003d0      0x2c0
 *(.dynbss)
 *(COMMON)
 COMMON         0xa00003d0       0x10 build/default/production/_ext/803622919/GOL.o
                0xa00003d0                _gradientScheme
 COMMON         0xa00003e0      0x2ae build/default/production/_ext/1472/Main_Zonda.o
                0xa00003e0                tempBuffer
                0xa00003f4                potBuffer
                0xa0000674                dateTimeStr
                0xa0000690                . = ALIGN (0x4)
 *fill*         0xa000068e        0x2 00
                0xa0000690                . = ALIGN (0x4)
                0xa0000690                _end = .
                0xa0000690                _bss_end = .
                0x00020000                _bmxdudba_address = 0x20000
                0x00020000                _bmxdupba_address = 0x20000

/DISCARD/
 *(.pdr)
 *(.reginfo)
 *(.rel.dyn)
 *(.note.GNU-stack)
 *(.note.GNU-stack)
 *(.gnu_debuglink)
 *(.gnu.lto_*)
 *(.discard)

.stab
 *(.stab)

.stabstr
 *(.stabstr)

.stab.excl
 *(.stab.excl)

.stab.exclstr
 *(.stab.exclstr)

.stab.index
 *(.stab.index)

.stab.indexstr
 *(.stab.indexstr)

.comment        0x00000000      0x190
 *(.comment)
 .comment       0x00000000       0x51 build/default/production/_ext/1687970324/drv_spi.o
                                 0x52 (size before relaxing)
 .comment       0x00000000       0x52 build/default/production/_ext/803622919/GOLSchemeDefault.o
 .comment       0x00000000       0x52 build/default/production/_ext/1687970324/MCHP25LC256.o
 .comment       0x00000000       0x52 build/default/production/_ext/1687970324/TouchScreen.o
 .comment       0x00000000       0x52 build/default/production/_ext/1687970324/Beep.o
 .comment       0x00000000       0x52 build/default/production/_ext/1687970324/SST25VF016.o
 .comment       0x00000000       0x52 build/default/production/_ext/1472/Font25PixelsHeight.o
 .comment       0x00000000       0x52 build/default/production/_ext/1472/Font35PixelsHeight.o
 .comment       0x00000000       0x52 build/default/production/_ext/1472/FontCALIST_36.o
 .comment       0x00000000       0x52 build/default/production/_ext/2050749925/GOLFontDefault.o
 .comment       0x00000000       0x52 build/default/production/_ext/2050749925/GOLSmallFont.o
 .comment       0x00000000       0x52 build/default/production/_ext/1860783399/TimeDelay.o
 .comment       0x00000000       0x52 build/default/production/_ext/1919882987/SSD1963.o
 .comment       0x00000000       0x52 build/default/production/_ext/803622919/Window.o
 .comment       0x00000000       0x52 build/default/production/_ext/803622919/Button.o
 .comment       0x00000000       0x52 build/default/production/_ext/803622919/CheckBox.o
 .comment       0x00000000       0x52 build/default/production/_ext/803622919/EditBox.o
 .comment       0x00000000       0x52 build/default/production/_ext/803622919/GOL.o
 .comment       0x00000000       0x52 build/default/production/_ext/803622919/Grid.o
 .comment       0x00000000       0x52 build/default/production/_ext/803622919/GroupBox.o
 .comment       0x00000000       0x52 build/default/production/_ext/803622919/ListBox.o
 .comment       0x00000000       0x52 build/default/production/_ext/803622919/Meter.o
 .comment       0x00000000       0x52 build/default/production/_ext/803622919/Picture.o
 .comment       0x00000000       0x52 build/default/production/_ext/803622919/Primitive.o
 .comment       0x00000000       0x52 build/default/production/_ext/803622919/ProgressBar.o
 .comment       0x00000000       0x52 build/default/production/_ext/803622919/RadioButton.o
 .comment       0x00000000       0x52 build/default/production/_ext/803622919/RoundDial.o
 .comment       0x00000000       0x52 build/default/production/_ext/803622919/Slider.o
 .comment       0x00000000       0x52 build/default/production/_ext/803622919/StaticText.o
 .comment       0x00000000       0x52 build/default/production/_ext/803622919/DigitalMeter.o
 .comment       0x00000000       0x52 build/default/production/_ext/1687970324/TouchScreenResistive.o
 .comment       0x00000000       0x52 build/default/production/_ext/1472/Monofont.o
 .comment       0x00000000       0x52 build/default/production/_ext/1472/Gentium_72.o
 .comment       0x00000000       0x52 build/default/production/_ext/1472/Gentium_16.o
 .comment       0x00000000       0x52 build/default/production/_ext/1472/Gentium_200.o
 .comment       0x00000000       0x52 build/default/production/_ext/1472/Pictures C32.o
 .comment       0x00000000       0x52 build/default/production/_ext/1472/Gentium_150.o
 .comment       0x00000000       0x52 build/default/production/_ext/1472/dee_emulation_pic32.o
 .comment       0x00000000       0x52 build/default/production/_ext/1290698017/GDD_Screens.o
 .comment       0x00000000       0x52 build/default/production/_ext/1290698017/GDD_X_Event_Handler.o
 .comment       0x00000000       0x52 build/default/production/_ext/1472/Main_Zonda.o
 .comment       0x00000000       0x52 build/default/production/_ext/2050749925/ADS7843.o
 .comment       0x00000000       0x52 c:/program files (x86)/microchip/mplab c32 suite/bin/../lib/gcc/pic32mx/4.5.1/size\libgcc.a(floatunsisf.o)
 .comment       0x00000000       0x52 c:/program files (x86)/microchip/mplab c32 suite/bin/../lib/gcc/pic32mx/4.5.1/../../../../pic32mx/lib/size\libc.a(malloc.o)
 .comment       0x00000000       0x52 c:/program files (x86)/microchip/mplab c32 suite/bin/../lib/gcc/pic32mx/4.5.1/../../../../pic32mx/lib/size\libc.a(sprintf_cdnopuxX.eo)
 .comment       0x00000051       0x4b c:/program files (x86)/microchip/mplab c32 suite/bin/../lib/gcc/pic32mx/4.5.1/../../../../pic32mx/lib/size\libc.a(sbrk.o)
                                 0x9d (size before relaxing)
 .comment       0x00000000       0x52 c:/program files (x86)/microchip/mplab c32 suite/bin/../lib/gcc/pic32mx/4.5.1/../../../../pic32mx/lib/size\libc.a(default-general-exception-handler.o)
 .comment       0x00000000       0x52 c:/program files (x86)/microchip/mplab c32 suite/bin/../lib/gcc/pic32mx/4.5.1/../../../../pic32mx/lib/size\libc.a(default-bootstrap-exception-handler.o)
 .comment       0x00000000       0x52 c:/program files (x86)/microchip/mplab c32 suite/bin/../lib/gcc/pic32mx/4.5.1/../../../../pic32mx/lib/size\libc.a(default-on-reset.o)
 .comment       0x00000000       0x52 c:/program files (x86)/microchip/mplab c32 suite/bin/../lib/gcc/pic32mx/4.5.1/../../../../pic32mx/lib/size\libc.a(default-on-bootstrap.o)
 .comment       0x0000009c       0x55 c:/program files (x86)/microchip/mplab c32 suite/bin/../lib/gcc/pic32mx/4.5.1/../../../../pic32mx/lib/size\libc.a(memset.o)
                                 0x56 (size before relaxing)
 .comment       0x00000000       0x52 c:/program files (x86)/microchip/mplab c32 suite/bin/../lib/gcc/pic32mx/4.5.1/../../../../pic32mx/lib/size\libc.a(errno.o)
 .comment       0x00000000       0x52 c:/program files (x86)/microchip/mplab c32 suite/bin/../lib/gcc/pic32mx/4.5.1/../../../../pic32mx/lib/size\libc.a(doprnt_cdnopuxX.eo)
 .comment       0x00000000       0x52 c:/program files (x86)/microchip/mplab c32 suite/bin/../lib/gcc/pic32mx/4.5.1/../../../../pic32mx/lib/size\libc.a(_fputc_simple.o)
 .comment       0x000000f1       0x4e c:/program files (x86)/microchip/mplab c32 suite/bin/../lib/gcc/pic32mx/4.5.1/../../../../pic32mx/lib/size\libc.a(ctype.o)
                                 0xa0 (size before relaxing)
 .comment       0x00000000       0x52 c:/program files (x86)/microchip/mplab c32 suite/bin/../lib/gcc/pic32mx/4.5.1/../../../../pic32mx/lib/size\libc.a(write.o)
 .comment       0x00000000       0x52 c:/program files (x86)/microchip/mplab c32 suite/bin/../lib/gcc/pic32mx/4.5.1/../../../../pic32mx/lib/size\libc.a(_iob.o)
 .comment       0x00000000       0x52 c:/program files (x86)/microchip/mplab c32 suite/bin/../lib/gcc/pic32mx/4.5.1/../../../../pic32mx/lib/size\libc.a(_flsbuf_simple.o)
 .comment       0x00000000       0x52 c:/program files (x86)/microchip/mplab c32 suite/bin/../lib/gcc/pic32mx/4.5.1/../../../../pic32mx/lib/size\libc.a(_mon_putc.o)
 .comment       0x00000000       0x52 c:/program files (x86)/microchip/mplab c32 suite/bin/../lib/gcc/pic32mx/4.5.1/../../../../pic32mx/lib/size\libc.a(c32_uart.o)
 .comment       0x0000013f       0x51 c:/program files (x86)/microchip/mplab c32 suite/bin/../lib/gcc/pic32mx/4.5.1/../../../../pic32mx/lib/size\libmchp_peripheral.a(open_core_timer_lib.o)
                                 0x52 (size before relaxing)
 .comment       0x00000000       0x52 c:/program files (x86)/microchip/mplab c32 suite/bin/../lib/gcc/pic32mx/4.5.1/../../../../pic32mx/lib/size\libmchp_peripheral.a(update_core_timer_lib.o)
 .comment       0x00000000       0x52 c:/program files (x86)/microchip/mplab c32 suite/bin/../lib/gcc/pic32mx/4.5.1/../../../../pic32mx/lib/size\libmchp_peripheral_32MX795F512L.a(pcache.o)
 .comment       0x00000000       0x52 c:/program files (x86)/microchip/mplab c32 suite/bin/../lib/gcc/pic32mx/4.5.1/../../../../pic32mx/lib/size\libmchp_peripheral_32MX795F512L.a(int_enable_interrupts_lib.o)
 .comment       0x00000000       0x52 c:/program files (x86)/microchip/mplab c32 suite/bin/../lib/gcc/pic32mx/4.5.1/../../../../pic32mx/lib/size\libmchp_peripheral_32MX795F512L.a(int_disable_interrupts_lib.o)
 .comment       0x00000000       0x52 c:/program files (x86)/microchip/mplab c32 suite/bin/../lib/gcc/pic32mx/4.5.1/../../../../pic32mx/lib/size\libmchp_peripheral_32MX795F512L.a(int_restore_interrupts_lib.o)
 .comment       0x00000000       0x52 c:/program files (x86)/microchip/mplab c32 suite/bin/../lib/gcc/pic32mx/4.5.1/../../../../pic32mx/lib/size\libmchp_peripheral_32MX795F512L.a(int_enable_mv_int_lib.o)
 .comment       0x00000000       0x52 c:/program files (x86)/microchip/mplab c32 suite/bin/../lib/gcc/pic32mx/4.5.1/../../../../pic32mx/lib/size\libmchp_peripheral_32MX795F512L.a(nvm_erase_page_lib.o)
 .comment       0x00000000       0x52 c:/program files (x86)/microchip/mplab c32 suite/bin/../lib/gcc/pic32mx/4.5.1/../../../../pic32mx/lib/size\libmchp_peripheral_32MX795F512L.a(nvm_operation_lib.o)
 .comment       0x00000000       0x52 c:/program files (x86)/microchip/mplab c32 suite/bin/../lib/gcc/pic32mx/4.5.1/../../../../pic32mx/lib/size\libmchp_peripheral_32MX795F512L.a(nvm_write_word_lib.o)
 .comment       0x00000000       0x52 c:/program files (x86)/microchip/mplab c32 suite/bin/../lib/gcc/pic32mx/4.5.1/size\libgcc.a(_lshrdi3.o)
 .comment       0x00000000       0x52 c:/program files (x86)/microchip/mplab c32 suite/bin/../lib/gcc/pic32mx/4.5.1/size\libgcc.a(_udivdi3.o)
 .comment       0x00000000       0x52 c:/program files (x86)/microchip/mplab c32 suite/bin/../lib/gcc/pic32mx/4.5.1/size\libgcc.a(_umoddi3.o)

.debug
 *(.debug)

.line
 *(.line)

.debug_srcinfo
 *(.debug_srcinfo)

.debug_sfnames
 *(.debug_sfnames)

.debug_aranges  0x00000000      0x5d8
 *(.debug_aranges)
 .debug_aranges
                0x00000000       0x20 build/default/production/_ext/1687970324/drv_spi.o
 .debug_aranges
                0x00000020       0x20 build/default/production/_ext/1687970324/TouchScreen.o
 .debug_aranges
                0x00000040       0x20 build/default/production/_ext/1687970324/Beep.o
 .debug_aranges
                0x00000060       0x20 build/default/production/_ext/1687970324/SST25VF016.o
 .debug_aranges
                0x00000080       0x20 build/default/production/_ext/1860783399/TimeDelay.o
 .debug_aranges
                0x000000a0       0x20 build/default/production/_ext/1919882987/SSD1963.o
 .debug_aranges
                0x000000c0       0x20 build/default/production/_ext/803622919/Button.o
 .debug_aranges
                0x000000e0       0x20 build/default/production/_ext/803622919/GOL.o
 .debug_aranges
                0x00000100       0x20 build/default/production/_ext/803622919/Picture.o
 .debug_aranges
                0x00000120       0x20 build/default/production/_ext/803622919/Primitive.o
 .debug_aranges
                0x00000140       0x20 build/default/production/_ext/803622919/ProgressBar.o
 .debug_aranges
                0x00000160       0x20 build/default/production/_ext/803622919/Slider.o
 .debug_aranges
                0x00000180       0x20 build/default/production/_ext/803622919/StaticText.o
 .debug_aranges
                0x000001a0       0x20 build/default/production/_ext/1687970324/TouchScreenResistive.o
 .debug_aranges
                0x000001c0       0x20 build/default/production/_ext/1472/dee_emulation_pic32.o
 .debug_aranges
                0x000001e0       0x20 build/default/production/_ext/1290698017/GDD_Screens.o
 .debug_aranges
                0x00000200       0x20 build/default/production/_ext/1290698017/GDD_X_Event_Handler.o
 .debug_aranges
                0x00000220       0x20 build/default/production/_ext/1472/Main_Zonda.o
 .debug_aranges
                0x00000240       0x20 build/default/production/_ext/2050749925/ADS7843.o
 .debug_aranges
                0x00000260       0x20 c:/program files (x86)/microchip/mplab c32 suite/bin/../lib/gcc/pic32mx/4.5.1/size\libgcc.a(floatunsisf.o)
 .debug_aranges
                0x00000280       0x30 c:/program files (x86)/microchip/mplab c32 suite/bin/../lib/gcc/pic32mx/4.5.1/../../../../pic32mx/lib/size\libc.a(malloc.o)
 .debug_aranges
                0x000002b0       0x20 c:/program files (x86)/microchip/mplab c32 suite/bin/../lib/gcc/pic32mx/4.5.1/../../../../pic32mx/lib/size\libc.a(sprintf_cdnopuxX.eo)
 .debug_aranges
                0x000002d0       0x40 c:/program files (x86)/microchip/mplab c32 suite/bin/../lib/gcc/pic32mx/4.5.1/../../../../pic32mx/lib/size\libc.a(sbrk.o)
 .debug_aranges
                0x00000310       0x20 c:/program files (x86)/microchip/mplab c32 suite/bin/../lib/gcc/pic32mx/4.5.1/../../../../pic32mx/lib/size\libc.a(default-general-exception-handler.o)
 .debug_aranges
                0x00000330       0x20 c:/program files (x86)/microchip/mplab c32 suite/bin/../lib/gcc/pic32mx/4.5.1/../../../../pic32mx/lib/size\libc.a(default-bootstrap-exception-handler.o)
 .debug_aranges
                0x00000350       0x20 c:/program files (x86)/microchip/mplab c32 suite/bin/../lib/gcc/pic32mx/4.5.1/../../../../pic32mx/lib/size\libc.a(default-on-reset.o)
 .debug_aranges
                0x00000370       0x20 c:/program files (x86)/microchip/mplab c32 suite/bin/../lib/gcc/pic32mx/4.5.1/../../../../pic32mx/lib/size\libc.a(default-on-bootstrap.o)
 .debug_aranges
                0x00000390       0x20 c:/program files (x86)/microchip/mplab c32 suite/bin/../lib/gcc/pic32mx/4.5.1/../../../../pic32mx/lib/size\libc.a(doprnt_cdnopuxX.eo)
 .debug_aranges
                0x000003b0       0x20 c:/program files (x86)/microchip/mplab c32 suite/bin/../lib/gcc/pic32mx/4.5.1/../../../../pic32mx/lib/size\libc.a(_fputc_simple.o)
 .debug_aranges
                0x000003d0       0x20 c:/program files (x86)/microchip/mplab c32 suite/bin/../lib/gcc/pic32mx/4.5.1/../../../../pic32mx/lib/size\libc.a(write.o)
 .debug_aranges
                0x000003f0       0x20 c:/program files (x86)/microchip/mplab c32 suite/bin/../lib/gcc/pic32mx/4.5.1/../../../../pic32mx/lib/size\libc.a(_flsbuf_simple.o)
 .debug_aranges
                0x00000410       0x20 c:/program files (x86)/microchip/mplab c32 suite/bin/../lib/gcc/pic32mx/4.5.1/../../../../pic32mx/lib/size\libc.a(_mon_putc.o)
 .debug_aranges
                0x00000430       0x20 c:/program files (x86)/microchip/mplab c32 suite/bin/../lib/gcc/pic32mx/4.5.1/../../../../pic32mx/lib/size\libmchp_peripheral.a(open_core_timer_lib.o)
 .debug_aranges
                0x00000450       0x20 c:/program files (x86)/microchip/mplab c32 suite/bin/../lib/gcc/pic32mx/4.5.1/../../../../pic32mx/lib/size\libmchp_peripheral.a(update_core_timer_lib.o)
 .debug_aranges
                0x00000470       0x28 c:/program files (x86)/microchip/mplab c32 suite/bin/../lib/gcc/pic32mx/4.5.1/../../../../pic32mx/lib/size\libmchp_peripheral_32MX795F512L.a(pcache.o)
 .debug_aranges
                0x00000498       0x20 c:/program files (x86)/microchip/mplab c32 suite/bin/../lib/gcc/pic32mx/4.5.1/../../../../pic32mx/lib/size\libmchp_peripheral_32MX795F512L.a(int_enable_interrupts_lib.o)
 .debug_aranges
                0x000004b8       0x20 c:/program files (x86)/microchip/mplab c32 suite/bin/../lib/gcc/pic32mx/4.5.1/../../../../pic32mx/lib/size\libmchp_peripheral_32MX795F512L.a(int_disable_interrupts_lib.o)
 .debug_aranges
                0x000004d8       0x20 c:/program files (x86)/microchip/mplab c32 suite/bin/../lib/gcc/pic32mx/4.5.1/../../../../pic32mx/lib/size\libmchp_peripheral_32MX795F512L.a(int_restore_interrupts_lib.o)
 .debug_aranges
                0x000004f8       0x20 c:/program files (x86)/microchip/mplab c32 suite/bin/../lib/gcc/pic32mx/4.5.1/../../../../pic32mx/lib/size\libmchp_peripheral_32MX795F512L.a(int_enable_mv_int_lib.o)
 .debug_aranges
                0x00000518       0x20 c:/program files (x86)/microchip/mplab c32 suite/bin/../lib/gcc/pic32mx/4.5.1/../../../../pic32mx/lib/size\libmchp_peripheral_32MX795F512L.a(nvm_erase_page_lib.o)
 .debug_aranges
                0x00000538       0x20 c:/program files (x86)/microchip/mplab c32 suite/bin/../lib/gcc/pic32mx/4.5.1/../../../../pic32mx/lib/size\libmchp_peripheral_32MX795F512L.a(nvm_operation_lib.o)
 .debug_aranges
                0x00000558       0x20 c:/program files (x86)/microchip/mplab c32 suite/bin/../lib/gcc/pic32mx/4.5.1/../../../../pic32mx/lib/size\libmchp_peripheral_32MX795F512L.a(nvm_write_word_lib.o)
 .debug_aranges
                0x00000578       0x20 c:/program files (x86)/microchip/mplab c32 suite/bin/../lib/gcc/pic32mx/4.5.1/size\libgcc.a(_lshrdi3.o)
 .debug_aranges
                0x00000598       0x20 c:/program files (x86)/microchip/mplab c32 suite/bin/../lib/gcc/pic32mx/4.5.1/size\libgcc.a(_udivdi3.o)
 .debug_aranges
                0x000005b8       0x20 c:/program files (x86)/microchip/mplab c32 suite/bin/../lib/gcc/pic32mx/4.5.1/size\libgcc.a(_umoddi3.o)

.debug_pubnames
                0x00000000     0x3ab0
 *(.debug_pubnames)
 .debug_pubnames
                0x00000000       0x59 build/default/production/_ext/1687970324/drv_spi.o
 .debug_pubnames
                0x00000059       0x27 build/default/production/_ext/803622919/GOLSchemeDefault.o
 .debug_pubnames
                0x00000080       0x9d build/default/production/_ext/1687970324/TouchScreen.o
 .debug_pubnames
                0x0000011d      0x75e build/default/production/_ext/1687970324/Beep.o
 .debug_pubnames
                0x0000087b      0x101 build/default/production/_ext/1687970324/SST25VF016.o
 .debug_pubnames
                0x0000097c       0x28 build/default/production/_ext/1472/Font25PixelsHeight.o
 .debug_pubnames
                0x000009a4       0x27 build/default/production/_ext/1472/Font35PixelsHeight.o
 .debug_pubnames
                0x000009cb       0x30 build/default/production/_ext/1472/FontCALIST_36.o
 .debug_pubnames
                0x000009fb       0x3a build/default/production/_ext/2050749925/GOLFontDefault.o
 .debug_pubnames
                0x00000a35       0x2e build/default/production/_ext/2050749925/GOLSmallFont.o
 .debug_pubnames
                0x00000a63       0x2c build/default/production/_ext/1860783399/TimeDelay.o
 .debug_pubnames
                0x00000a8f      0x21d build/default/production/_ext/1919882987/SSD1963.o
 .debug_pubnames
                0x00000cac       0x8f build/default/production/_ext/803622919/Button.o
 .debug_pubnames
                0x00000d3b      0x1d5 build/default/production/_ext/803622919/GOL.o
 .debug_pubnames
                0x00000f10       0x43 build/default/production/_ext/803622919/Picture.o
 .debug_pubnames
                0x00000f53      0x255 build/default/production/_ext/803622919/Primitive.o
 .debug_pubnames
                0x000011a8       0x6c build/default/production/_ext/803622919/ProgressBar.o
 .debug_pubnames
                0x00001214       0xc8 build/default/production/_ext/803622919/Slider.o
 .debug_pubnames
                0x000012dc       0x4b build/default/production/_ext/803622919/StaticText.o
 .debug_pubnames
                0x00001327      0x173 build/default/production/_ext/1687970324/TouchScreenResistive.o
 .debug_pubnames
                0x0000149a       0x2a build/default/production/_ext/1472/Monofont.o
 .debug_pubnames
                0x000014c4       0x32 build/default/production/_ext/1472/Gentium_72.o
 .debug_pubnames
                0x000014f6       0x32 build/default/production/_ext/1472/Gentium_16.o
 .debug_pubnames
                0x00001528       0x34 build/default/production/_ext/1472/Gentium_200.o
 .debug_pubnames
                0x0000155c       0x66 build/default/production/_ext/1472/Pictures C32.o
 .debug_pubnames
                0x000015c2       0x34 build/default/production/_ext/1472/Gentium_150.o
 .debug_pubnames
                0x000015f6       0xfe build/default/production/_ext/1472/dee_emulation_pic32.o
 .debug_pubnames
                0x000016f4      0xb09 build/default/production/_ext/1290698017/GDD_Screens.o
 .debug_pubnames
                0x000021fd      0x981 build/default/production/_ext/1290698017/GDD_X_Event_Handler.o
 .debug_pubnames
                0x00002b7e      0xab8 build/default/production/_ext/1472/Main_Zonda.o
 .debug_pubnames
                0x00003636       0x54 build/default/production/_ext/2050749925/ADS7843.o
 .debug_pubnames
                0x0000368a       0x24 c:/program files (x86)/microchip/mplab c32 suite/bin/../lib/gcc/pic32mx/4.5.1/size\libgcc.a(floatunsisf.o)
 .debug_pubnames
                0x000036ae       0x32 c:/program files (x86)/microchip/mplab c32 suite/bin/../lib/gcc/pic32mx/4.5.1/../../../../pic32mx/lib/size\libc.a(malloc.o)
 .debug_pubnames
                0x000036e0       0x28 c:/program files (x86)/microchip/mplab c32 suite/bin/../lib/gcc/pic32mx/4.5.1/../../../../pic32mx/lib/size\libc.a(sprintf_cdnopuxX.eo)
 .debug_pubnames
                0x00003708       0x5c c:/program files (x86)/microchip/mplab c32 suite/bin/../lib/gcc/pic32mx/4.5.1/../../../../pic32mx/lib/size\libc.a(sbrk.o)
 .debug_pubnames
                0x00003764       0x31 c:/program files (x86)/microchip/mplab c32 suite/bin/../lib/gcc/pic32mx/4.5.1/../../../../pic32mx/lib/size\libc.a(default-general-exception-handler.o)
 .debug_pubnames
                0x00003795       0x33 c:/program files (x86)/microchip/mplab c32 suite/bin/../lib/gcc/pic32mx/4.5.1/../../../../pic32mx/lib/size\libc.a(default-bootstrap-exception-handler.o)
 .debug_pubnames
                0x000037c8       0x20 c:/program files (x86)/microchip/mplab c32 suite/bin/../lib/gcc/pic32mx/4.5.1/../../../../pic32mx/lib/size\libc.a(default-on-reset.o)
 .debug_pubnames
                0x000037e8       0x24 c:/program files (x86)/microchip/mplab c32 suite/bin/../lib/gcc/pic32mx/4.5.1/../../../../pic32mx/lib/size\libc.a(default-on-bootstrap.o)
 .debug_pubnames
                0x0000380c       0x29 c:/program files (x86)/microchip/mplab c32 suite/bin/../lib/gcc/pic32mx/4.5.1/../../../../pic32mx/lib/size\libc.a(doprnt_cdnopuxX.eo)
 .debug_pubnames
                0x00003835       0x1c c:/program files (x86)/microchip/mplab c32 suite/bin/../lib/gcc/pic32mx/4.5.1/../../../../pic32mx/lib/size\libc.a(_fputc_simple.o)
 .debug_pubnames
                0x00003851       0x1c c:/program files (x86)/microchip/mplab c32 suite/bin/../lib/gcc/pic32mx/4.5.1/../../../../pic32mx/lib/size\libc.a(write.o)
 .debug_pubnames
                0x0000386d       0x1e c:/program files (x86)/microchip/mplab c32 suite/bin/../lib/gcc/pic32mx/4.5.1/../../../../pic32mx/lib/size\libc.a(_flsbuf_simple.o)
 .debug_pubnames
                0x0000388b       0x20 c:/program files (x86)/microchip/mplab c32 suite/bin/../lib/gcc/pic32mx/4.5.1/../../../../pic32mx/lib/size\libc.a(_mon_putc.o)
 .debug_pubnames
                0x000038ab       0x24 c:/program files (x86)/microchip/mplab c32 suite/bin/../lib/gcc/pic32mx/4.5.1/../../../../pic32mx/lib/size\libmchp_peripheral.a(open_core_timer_lib.o)
 .debug_pubnames
                0x000038cf       0x26 c:/program files (x86)/microchip/mplab c32 suite/bin/../lib/gcc/pic32mx/4.5.1/../../../../pic32mx/lib/size\libmchp_peripheral.a(update_core_timer_lib.o)
 .debug_pubnames
                0x000038f5       0x3b c:/program files (x86)/microchip/mplab c32 suite/bin/../lib/gcc/pic32mx/4.5.1/../../../../pic32mx/lib/size\libmchp_peripheral_32MX795F512L.a(pcache.o)
 .debug_pubnames
                0x00003930       0x2a c:/program files (x86)/microchip/mplab c32 suite/bin/../lib/gcc/pic32mx/4.5.1/../../../../pic32mx/lib/size\libmchp_peripheral_32MX795F512L.a(int_enable_interrupts_lib.o)
 .debug_pubnames
                0x0000395a       0x2b c:/program files (x86)/microchip/mplab c32 suite/bin/../lib/gcc/pic32mx/4.5.1/../../../../pic32mx/lib/size\libmchp_peripheral_32MX795F512L.a(int_disable_interrupts_lib.o)
 .debug_pubnames
                0x00003985       0x2b c:/program files (x86)/microchip/mplab c32 suite/bin/../lib/gcc/pic32mx/4.5.1/../../../../pic32mx/lib/size\libmchp_peripheral_32MX795F512L.a(int_restore_interrupts_lib.o)
 .debug_pubnames
                0x000039b0       0x36 c:/program files (x86)/microchip/mplab c32 suite/bin/../lib/gcc/pic32mx/4.5.1/../../../../pic32mx/lib/size\libmchp_peripheral_32MX795F512L.a(int_enable_mv_int_lib.o)
 .debug_pubnames
                0x000039e6       0x23 c:/program files (x86)/microchip/mplab c32 suite/bin/../lib/gcc/pic32mx/4.5.1/../../../../pic32mx/lib/size\libmchp_peripheral_32MX795F512L.a(nvm_erase_page_lib.o)
 .debug_pubnames
                0x00003a09       0x24 c:/program files (x86)/microchip/mplab c32 suite/bin/../lib/gcc/pic32mx/4.5.1/../../../../pic32mx/lib/size\libmchp_peripheral_32MX795F512L.a(nvm_operation_lib.o)
 .debug_pubnames
                0x00003a2d       0x23 c:/program files (x86)/microchip/mplab c32 suite/bin/../lib/gcc/pic32mx/4.5.1/../../../../pic32mx/lib/size\libmchp_peripheral_32MX795F512L.a(nvm_write_word_lib.o)
 .debug_pubnames
                0x00003a50       0x20 c:/program files (x86)/microchip/mplab c32 suite/bin/../lib/gcc/pic32mx/4.5.1/size\libgcc.a(_lshrdi3.o)
 .debug_pubnames
                0x00003a70       0x20 c:/program files (x86)/microchip/mplab c32 suite/bin/../lib/gcc/pic32mx/4.5.1/size\libgcc.a(_udivdi3.o)
 .debug_pubnames
                0x00003a90       0x20 c:/program files (x86)/microchip/mplab c32 suite/bin/../lib/gcc/pic32mx/4.5.1/size\libgcc.a(_umoddi3.o)

.debug_info     0x00000000    0x44cd6
 *(.debug_info .gnu.linkonce.wi.*)
 .debug_info    0x00000000     0x1746 build/default/production/_ext/1687970324/drv_spi.o
 .debug_info    0x00001746      0x4f8 build/default/production/_ext/803622919/GOLSchemeDefault.o
 .debug_info    0x00001c3e     0x1185 build/default/production/_ext/1687970324/MCHP25LC256.o
 .debug_info    0x00002dc3     0x1897 build/default/production/_ext/1687970324/TouchScreen.o
 .debug_info    0x0000465a     0x272d build/default/production/_ext/1687970324/Beep.o
 .debug_info    0x00006d87     0x1c2d build/default/production/_ext/1687970324/SST25VF016.o
 .debug_info    0x000089b4      0x168 build/default/production/_ext/1472/Font25PixelsHeight.o
 .debug_info    0x00008b1c      0x166 build/default/production/_ext/1472/Font35PixelsHeight.o
 .debug_info    0x00008c82     0x12ae build/default/production/_ext/1472/FontCALIST_36.o
 .debug_info    0x00009f30      0x2de build/default/production/_ext/2050749925/GOLFontDefault.o
 .debug_info    0x0000a20e     0x1232 build/default/production/_ext/2050749925/GOLSmallFont.o
 .debug_info    0x0000b440     0x1258 build/default/production/_ext/1860783399/TimeDelay.o
 .debug_info    0x0000c698     0x2826 build/default/production/_ext/1919882987/SSD1963.o
 .debug_info    0x0000eebe     0x117d build/default/production/_ext/803622919/Window.o
 .debug_info    0x0001003b     0x237e build/default/production/_ext/803622919/Button.o
 .debug_info    0x000123b9     0x117f build/default/production/_ext/803622919/CheckBox.o
 .debug_info    0x00013538     0x117e build/default/production/_ext/803622919/EditBox.o
 .debug_info    0x000146b6     0x221a build/default/production/_ext/803622919/GOL.o
 .debug_info    0x000168d0     0x117b build/default/production/_ext/803622919/Grid.o
 .debug_info    0x00017a4b     0x117f build/default/production/_ext/803622919/GroupBox.o
 .debug_info    0x00018bca     0x117e build/default/production/_ext/803622919/ListBox.o
 .debug_info    0x00019d48     0x117c build/default/production/_ext/803622919/Meter.o
 .debug_info    0x0001aec4     0x1da3 build/default/production/_ext/803622919/Picture.o
 .debug_info    0x0001cc67     0x32e0 build/default/production/_ext/803622919/Primitive.o
 .debug_info    0x0001ff47     0x1fa1 build/default/production/_ext/803622919/ProgressBar.o
 .debug_info    0x00021ee8     0x1182 build/default/production/_ext/803622919/RadioButton.o
 .debug_info    0x0002306a     0x1180 build/default/production/_ext/803622919/RoundDial.o
 .debug_info    0x000241ea     0x29e2 build/default/production/_ext/803622919/Slider.o
 .debug_info    0x00026bcc     0x1e47 build/default/production/_ext/803622919/StaticText.o
 .debug_info    0x00028a13     0x1183 build/default/production/_ext/803622919/DigitalMeter.o
 .debug_info    0x00029b96     0x1ef1 build/default/production/_ext/1687970324/TouchScreenResistive.o
 .debug_info    0x0002ba87     0x11f2 build/default/production/_ext/1472/Monofont.o
 .debug_info    0x0002cc79     0x12ac build/default/production/_ext/1472/Gentium_72.o
 .debug_info    0x0002df25     0x12ac build/default/production/_ext/1472/Gentium_16.o
 .debug_info    0x0002f1d1     0x12ae build/default/production/_ext/1472/Gentium_200.o
 .debug_info    0x0003047f     0x134f build/default/production/_ext/1472/Pictures C32.o
 .debug_info    0x000317ce     0x12ae build/default/production/_ext/1472/Gentium_150.o
 .debug_info    0x00032a7c     0x1a6e build/default/production/_ext/1472/dee_emulation_pic32.o
 .debug_info    0x000344ea     0x3697 build/default/production/_ext/1290698017/GDD_Screens.o
 .debug_info    0x00037b81     0x3c1f build/default/production/_ext/1290698017/GDD_X_Event_Handler.o
 .debug_info    0x0003b7a0     0x5657 build/default/production/_ext/1472/Main_Zonda.o
 .debug_info    0x00040df7     0x179e build/default/production/_ext/2050749925/ADS7843.o
 .debug_info    0x00042595      0x190 c:/program files (x86)/microchip/mplab c32 suite/bin/../lib/gcc/pic32mx/4.5.1/size\libgcc.a(floatunsisf.o)
 .debug_info    0x00042725       0xfa c:/program files (x86)/microchip/mplab c32 suite/bin/../lib/gcc/pic32mx/4.5.1/../../../../pic32mx/lib/size\libc.a(malloc.o)
 .debug_info    0x0004281f       0xe8 c:/program files (x86)/microchip/mplab c32 suite/bin/../lib/gcc/pic32mx/4.5.1/../../../../pic32mx/lib/size\libc.a(sprintf_cdnopuxX.eo)
 .debug_info    0x00042907      0x139 c:/program files (x86)/microchip/mplab c32 suite/bin/../lib/gcc/pic32mx/4.5.1/../../../../pic32mx/lib/size\libc.a(sbrk.o)
 .debug_info    0x00042a40      0x102 c:/program files (x86)/microchip/mplab c32 suite/bin/../lib/gcc/pic32mx/4.5.1/../../../../pic32mx/lib/size\libc.a(default-general-exception-handler.o)
 .debug_info    0x00042b42      0x106 c:/program files (x86)/microchip/mplab c32 suite/bin/../lib/gcc/pic32mx/4.5.1/../../../../pic32mx/lib/size\libc.a(default-bootstrap-exception-handler.o)
 .debug_info    0x00042c48       0xe0 c:/program files (x86)/microchip/mplab c32 suite/bin/../lib/gcc/pic32mx/4.5.1/../../../../pic32mx/lib/size\libc.a(default-on-reset.o)
 .debug_info    0x00042d28       0xe8 c:/program files (x86)/microchip/mplab c32 suite/bin/../lib/gcc/pic32mx/4.5.1/../../../../pic32mx/lib/size\libc.a(default-on-bootstrap.o)
 .debug_info    0x00042e10        0x0 c:/program files (x86)/microchip/mplab c32 suite/bin/../lib/gcc/pic32mx/4.5.1/../../../../pic32mx/lib/size\libc.a(errno.o)
 .debug_info    0x00042e10       0xe9 c:/program files (x86)/microchip/mplab c32 suite/bin/../lib/gcc/pic32mx/4.5.1/../../../../pic32mx/lib/size\libc.a(doprnt_cdnopuxX.eo)
 .debug_info    0x00042ef9       0xda c:/program files (x86)/microchip/mplab c32 suite/bin/../lib/gcc/pic32mx/4.5.1/../../../../pic32mx/lib/size\libc.a(_fputc_simple.o)
 .debug_info    0x00042fd3        0x0 c:/program files (x86)/microchip/mplab c32 suite/bin/../lib/gcc/pic32mx/4.5.1/../../../../pic32mx/lib/size\libc.a(ctype.o)
 .debug_info    0x00042fd3       0xd1 c:/program files (x86)/microchip/mplab c32 suite/bin/../lib/gcc/pic32mx/4.5.1/../../../../pic32mx/lib/size\libc.a(write.o)
 .debug_info    0x000430a4        0x0 c:/program files (x86)/microchip/mplab c32 suite/bin/../lib/gcc/pic32mx/4.5.1/../../../../pic32mx/lib/size\libc.a(_iob.o)
 .debug_info    0x000430a4       0xdd c:/program files (x86)/microchip/mplab c32 suite/bin/../lib/gcc/pic32mx/4.5.1/../../../../pic32mx/lib/size\libc.a(_flsbuf_simple.o)
 .debug_info    0x00043181       0xd9 c:/program files (x86)/microchip/mplab c32 suite/bin/../lib/gcc/pic32mx/4.5.1/../../../../pic32mx/lib/size\libc.a(_mon_putc.o)
 .debug_info    0x0004325a        0x0 c:/program files (x86)/microchip/mplab c32 suite/bin/../lib/gcc/pic32mx/4.5.1/../../../../pic32mx/lib/size\libc.a(c32_uart.o)
 .debug_info    0x0004325a       0xbf c:/program files (x86)/microchip/mplab c32 suite/bin/../lib/gcc/pic32mx/4.5.1/../../../../pic32mx/lib/size\libmchp_peripheral.a(open_core_timer_lib.o)
 .debug_info    0x00043319       0xc3 c:/program files (x86)/microchip/mplab c32 suite/bin/../lib/gcc/pic32mx/4.5.1/../../../../pic32mx/lib/size\libmchp_peripheral.a(update_core_timer_lib.o)
 .debug_info    0x000433dc       0xd4 c:/program files (x86)/microchip/mplab c32 suite/bin/../lib/gcc/pic32mx/4.5.1/../../../../pic32mx/lib/size\libmchp_peripheral_32MX795F512L.a(pcache.o)
 .debug_info    0x000434b0       0xc9 c:/program files (x86)/microchip/mplab c32 suite/bin/../lib/gcc/pic32mx/4.5.1/../../../../pic32mx/lib/size\libmchp_peripheral_32MX795F512L.a(int_enable_interrupts_lib.o)
 .debug_info    0x00043579       0xcb c:/program files (x86)/microchip/mplab c32 suite/bin/../lib/gcc/pic32mx/4.5.1/../../../../pic32mx/lib/size\libmchp_peripheral_32MX795F512L.a(int_disable_interrupts_lib.o)
 .debug_info    0x00043644       0xcb c:/program files (x86)/microchip/mplab c32 suite/bin/../lib/gcc/pic32mx/4.5.1/../../../../pic32mx/lib/size\libmchp_peripheral_32MX795F512L.a(int_restore_interrupts_lib.o)
 .debug_info    0x0004370f       0xd1 c:/program files (x86)/microchip/mplab c32 suite/bin/../lib/gcc/pic32mx/4.5.1/../../../../pic32mx/lib/size\libmchp_peripheral_32MX795F512L.a(int_enable_mv_int_lib.o)
 .debug_info    0x000437e0       0xbb c:/program files (x86)/microchip/mplab c32 suite/bin/../lib/gcc/pic32mx/4.5.1/../../../../pic32mx/lib/size\libmchp_peripheral_32MX795F512L.a(nvm_erase_page_lib.o)
 .debug_info    0x0004389b       0xdc c:/program files (x86)/microchip/mplab c32 suite/bin/../lib/gcc/pic32mx/4.5.1/../../../../pic32mx/lib/size\libmchp_peripheral_32MX795F512L.a(nvm_operation_lib.o)
 .debug_info    0x00043977       0xbb c:/program files (x86)/microchip/mplab c32 suite/bin/../lib/gcc/pic32mx/4.5.1/../../../../pic32mx/lib/size\libmchp_peripheral_32MX795F512L.a(nvm_write_word_lib.o)
 .debug_info    0x00043a32      0x351 c:/program files (x86)/microchip/mplab c32 suite/bin/../lib/gcc/pic32mx/4.5.1/size\libgcc.a(_lshrdi3.o)
 .debug_info    0x00043d83      0x78b c:/program files (x86)/microchip/mplab c32 suite/bin/../lib/gcc/pic32mx/4.5.1/size\libgcc.a(_udivdi3.o)
 .debug_info    0x0004450e      0x7c8 c:/program files (x86)/microchip/mplab c32 suite/bin/../lib/gcc/pic32mx/4.5.1/size\libgcc.a(_umoddi3.o)

.debug_abbrev   0x00000000     0x5b0b
 *(.debug_abbrev)
 .debug_abbrev  0x00000000      0x247 build/default/production/_ext/1687970324/drv_spi.o
 .debug_abbrev  0x00000247       0xcd build/default/production/_ext/803622919/GOLSchemeDefault.o
 .debug_abbrev  0x00000314      0x166 build/default/production/_ext/1687970324/MCHP25LC256.o
 .debug_abbrev  0x0000047a      0x240 build/default/production/_ext/1687970324/TouchScreen.o
 .debug_abbrev  0x000006ba      0x222 build/default/production/_ext/1687970324/Beep.o
 .debug_abbrev  0x000008dc      0x27e build/default/production/_ext/1687970324/SST25VF016.o
 .debug_abbrev  0x00000b5a       0x7f build/default/production/_ext/1472/Font25PixelsHeight.o
 .debug_abbrev  0x00000bd9       0x7f build/default/production/_ext/1472/Font35PixelsHeight.o
 .debug_abbrev  0x00000c58      0x1b6 build/default/production/_ext/1472/FontCALIST_36.o
 .debug_abbrev  0x00000e0e       0xc0 build/default/production/_ext/2050749925/GOLFontDefault.o
 .debug_abbrev  0x00000ece      0x180 build/default/production/_ext/2050749925/GOLSmallFont.o
 .debug_abbrev  0x0000104e      0x19b build/default/production/_ext/1860783399/TimeDelay.o
 .debug_abbrev  0x000011e9      0x2ae build/default/production/_ext/1919882987/SSD1963.o
 .debug_abbrev  0x00001497      0x166 build/default/production/_ext/803622919/Window.o
 .debug_abbrev  0x000015fd      0x34c build/default/production/_ext/803622919/Button.o
 .debug_abbrev  0x00001949      0x166 build/default/production/_ext/803622919/CheckBox.o
 .debug_abbrev  0x00001aaf      0x166 build/default/production/_ext/803622919/EditBox.o
 .debug_abbrev  0x00001c15      0x308 build/default/production/_ext/803622919/GOL.o
 .debug_abbrev  0x00001f1d      0x166 build/default/production/_ext/803622919/Grid.o
 .debug_abbrev  0x00002083      0x166 build/default/production/_ext/803622919/GroupBox.o
 .debug_abbrev  0x000021e9      0x166 build/default/production/_ext/803622919/ListBox.o
 .debug_abbrev  0x0000234f      0x166 build/default/production/_ext/803622919/Meter.o
 .debug_abbrev  0x000024b5      0x20f build/default/production/_ext/803622919/Picture.o
 .debug_abbrev  0x000026c4      0x36a build/default/production/_ext/803622919/Primitive.o
 .debug_abbrev  0x00002a2e      0x22f build/default/production/_ext/803622919/ProgressBar.o
 .debug_abbrev  0x00002c5d      0x166 build/default/production/_ext/803622919/RadioButton.o
 .debug_abbrev  0x00002dc3      0x166 build/default/production/_ext/803622919/RoundDial.o
 .debug_abbrev  0x00002f29      0x3a1 build/default/production/_ext/803622919/Slider.o
 .debug_abbrev  0x000032ca      0x252 build/default/production/_ext/803622919/StaticText.o
 .debug_abbrev  0x0000351c      0x166 build/default/production/_ext/803622919/DigitalMeter.o
 .debug_abbrev  0x00003682      0x30a build/default/production/_ext/1687970324/TouchScreenResistive.o
 .debug_abbrev  0x0000398c      0x180 build/default/production/_ext/1472/Monofont.o
 .debug_abbrev  0x00003b0c      0x1b6 build/default/production/_ext/1472/Gentium_72.o
 .debug_abbrev  0x00003cc2      0x1b6 build/default/production/_ext/1472/Gentium_16.o
 .debug_abbrev  0x00003e78      0x1b6 build/default/production/_ext/1472/Gentium_200.o
 .debug_abbrev  0x0000402e      0x1d2 build/default/production/_ext/1472/Pictures C32.o
 .debug_abbrev  0x00004200      0x1b6 build/default/production/_ext/1472/Gentium_150.o
 .debug_abbrev  0x000043b6      0x2f3 build/default/production/_ext/1472/dee_emulation_pic32.o
 .debug_abbrev  0x000046a9      0x375 build/default/production/_ext/1290698017/GDD_Screens.o
 .debug_abbrev  0x00004a1e      0x39d build/default/production/_ext/1290698017/GDD_X_Event_Handler.o
 .debug_abbrev  0x00004dbb      0x447 build/default/production/_ext/1472/Main_Zonda.o
 .debug_abbrev  0x00005202      0x1d8 build/default/production/_ext/2050749925/ADS7843.o
 .debug_abbrev  0x000053da       0x61 c:/program files (x86)/microchip/mplab c32 suite/bin/../lib/gcc/pic32mx/4.5.1/size\libgcc.a(floatunsisf.o)
 .debug_abbrev  0x0000543b       0x25 c:/program files (x86)/microchip/mplab c32 suite/bin/../lib/gcc/pic32mx/4.5.1/../../../../pic32mx/lib/size\libc.a(malloc.o)
 .debug_abbrev  0x00005460       0x25 c:/program files (x86)/microchip/mplab c32 suite/bin/../lib/gcc/pic32mx/4.5.1/../../../../pic32mx/lib/size\libc.a(sprintf_cdnopuxX.eo)
 .debug_abbrev  0x00005485       0x38 c:/program files (x86)/microchip/mplab c32 suite/bin/../lib/gcc/pic32mx/4.5.1/../../../../pic32mx/lib/size\libc.a(sbrk.o)
 .debug_abbrev  0x000054bd       0x25 c:/program files (x86)/microchip/mplab c32 suite/bin/../lib/gcc/pic32mx/4.5.1/../../../../pic32mx/lib/size\libc.a(default-general-exception-handler.o)
 .debug_abbrev  0x000054e2       0x25 c:/program files (x86)/microchip/mplab c32 suite/bin/../lib/gcc/pic32mx/4.5.1/../../../../pic32mx/lib/size\libc.a(default-bootstrap-exception-handler.o)
 .debug_abbrev  0x00005507       0x25 c:/program files (x86)/microchip/mplab c32 suite/bin/../lib/gcc/pic32mx/4.5.1/../../../../pic32mx/lib/size\libc.a(default-on-reset.o)
 .debug_abbrev  0x0000552c       0x25 c:/program files (x86)/microchip/mplab c32 suite/bin/../lib/gcc/pic32mx/4.5.1/../../../../pic32mx/lib/size\libc.a(default-on-bootstrap.o)
 .debug_abbrev  0x00005551        0x1 c:/program files (x86)/microchip/mplab c32 suite/bin/../lib/gcc/pic32mx/4.5.1/../../../../pic32mx/lib/size\libc.a(errno.o)
 .debug_abbrev  0x00005552       0x25 c:/program files (x86)/microchip/mplab c32 suite/bin/../lib/gcc/pic32mx/4.5.1/../../../../pic32mx/lib/size\libc.a(doprnt_cdnopuxX.eo)
 .debug_abbrev  0x00005577       0x25 c:/program files (x86)/microchip/mplab c32 suite/bin/../lib/gcc/pic32mx/4.5.1/../../../../pic32mx/lib/size\libc.a(_fputc_simple.o)
 .debug_abbrev  0x0000559c        0x1 c:/program files (x86)/microchip/mplab c32 suite/bin/../lib/gcc/pic32mx/4.5.1/../../../../pic32mx/lib/size\libc.a(ctype.o)
 .debug_abbrev  0x0000559d       0x25 c:/program files (x86)/microchip/mplab c32 suite/bin/../lib/gcc/pic32mx/4.5.1/../../../../pic32mx/lib/size\libc.a(write.o)
 .debug_abbrev  0x000055c2        0x1 c:/program files (x86)/microchip/mplab c32 suite/bin/../lib/gcc/pic32mx/4.5.1/../../../../pic32mx/lib/size\libc.a(_iob.o)
 .debug_abbrev  0x000055c3       0x25 c:/program files (x86)/microchip/mplab c32 suite/bin/../lib/gcc/pic32mx/4.5.1/../../../../pic32mx/lib/size\libc.a(_flsbuf_simple.o)
 .debug_abbrev  0x000055e8       0x25 c:/program files (x86)/microchip/mplab c32 suite/bin/../lib/gcc/pic32mx/4.5.1/../../../../pic32mx/lib/size\libc.a(_mon_putc.o)
 .debug_abbrev  0x0000560d        0x1 c:/program files (x86)/microchip/mplab c32 suite/bin/../lib/gcc/pic32mx/4.5.1/../../../../pic32mx/lib/size\libc.a(c32_uart.o)
 .debug_abbrev  0x0000560e       0x25 c:/program files (x86)/microchip/mplab c32 suite/bin/../lib/gcc/pic32mx/4.5.1/../../../../pic32mx/lib/size\libmchp_peripheral.a(open_core_timer_lib.o)
 .debug_abbrev  0x00005633       0x25 c:/program files (x86)/microchip/mplab c32 suite/bin/../lib/gcc/pic32mx/4.5.1/../../../../pic32mx/lib/size\libmchp_peripheral.a(update_core_timer_lib.o)
 .debug_abbrev  0x00005658       0x25 c:/program files (x86)/microchip/mplab c32 suite/bin/../lib/gcc/pic32mx/4.5.1/../../../../pic32mx/lib/size\libmchp_peripheral_32MX795F512L.a(pcache.o)
 .debug_abbrev  0x0000567d       0x25 c:/program files (x86)/microchip/mplab c32 suite/bin/../lib/gcc/pic32mx/4.5.1/../../../../pic32mx/lib/size\libmchp_peripheral_32MX795F512L.a(int_enable_interrupts_lib.o)
 .debug_abbrev  0x000056a2       0x25 c:/program files (x86)/microchip/mplab c32 suite/bin/../lib/gcc/pic32mx/4.5.1/../../../../pic32mx/lib/size\libmchp_peripheral_32MX795F512L.a(int_disable_interrupts_lib.o)
 .debug_abbrev  0x000056c7       0x25 c:/program files (x86)/microchip/mplab c32 suite/bin/../lib/gcc/pic32mx/4.5.1/../../../../pic32mx/lib/size\libmchp_peripheral_32MX795F512L.a(int_restore_interrupts_lib.o)
 .debug_abbrev  0x000056ec       0x25 c:/program files (x86)/microchip/mplab c32 suite/bin/../lib/gcc/pic32mx/4.5.1/../../../../pic32mx/lib/size\libmchp_peripheral_32MX795F512L.a(int_enable_mv_int_lib.o)
 .debug_abbrev  0x00005711       0x25 c:/program files (x86)/microchip/mplab c32 suite/bin/../lib/gcc/pic32mx/4.5.1/../../../../pic32mx/lib/size\libmchp_peripheral_32MX795F512L.a(nvm_erase_page_lib.o)
 .debug_abbrev  0x00005736       0x34 c:/program files (x86)/microchip/mplab c32 suite/bin/../lib/gcc/pic32mx/4.5.1/../../../../pic32mx/lib/size\libmchp_peripheral_32MX795F512L.a(nvm_operation_lib.o)
 .debug_abbrev  0x0000576a       0x25 c:/program files (x86)/microchip/mplab c32 suite/bin/../lib/gcc/pic32mx/4.5.1/../../../../pic32mx/lib/size\libmchp_peripheral_32MX795F512L.a(nvm_write_word_lib.o)
 .debug_abbrev  0x0000578f       0xe3 c:/program files (x86)/microchip/mplab c32 suite/bin/../lib/gcc/pic32mx/4.5.1/size\libgcc.a(_lshrdi3.o)
 .debug_abbrev  0x00005872      0x13d c:/program files (x86)/microchip/mplab c32 suite/bin/../lib/gcc/pic32mx/4.5.1/size\libgcc.a(_udivdi3.o)
 .debug_abbrev  0x000059af      0x15c c:/program files (x86)/microchip/mplab c32 suite/bin/../lib/gcc/pic32mx/4.5.1/size\libgcc.a(_umoddi3.o)

.debug_line     0x00000000     0x7970
 *(.debug_line)
 .debug_line    0x00000000      0x1de build/default/production/_ext/1687970324/drv_spi.o
 .debug_line    0x000001de      0x108 build/default/production/_ext/803622919/GOLSchemeDefault.o
 .debug_line    0x000002e6      0x16d build/default/production/_ext/1687970324/MCHP25LC256.o
 .debug_line    0x00000453      0x2ec build/default/production/_ext/1687970324/TouchScreen.o
 .debug_line    0x0000073f      0x235 build/default/production/_ext/1687970324/Beep.o
 .debug_line    0x00000974      0x2c1 build/default/production/_ext/1687970324/SST25VF016.o
 .debug_line    0x00000c35       0x38 build/default/production/_ext/1472/Font25PixelsHeight.o
 .debug_line    0x00000c6d       0x38 build/default/production/_ext/1472/Font35PixelsHeight.o
 .debug_line    0x00000ca5      0x1d5 build/default/production/_ext/1472/FontCALIST_36.o
 .debug_line    0x00000e7a       0xbe build/default/production/_ext/2050749925/GOLFontDefault.o
 .debug_line    0x00000f38      0x1ba build/default/production/_ext/2050749925/GOLSmallFont.o
 .debug_line    0x000010f2      0x1c7 build/default/production/_ext/1860783399/TimeDelay.o
 .debug_line    0x000012b9      0x471 build/default/production/_ext/1919882987/SSD1963.o
 .debug_line    0x0000172a      0x16d build/default/production/_ext/803622919/Window.o
 .debug_line    0x00001897      0x3e9 build/default/production/_ext/803622919/Button.o
 .debug_line    0x00001c80      0x16d build/default/production/_ext/803622919/CheckBox.o
 .debug_line    0x00001ded      0x16d build/default/production/_ext/803622919/EditBox.o
 .debug_line    0x00001f5a      0x403 build/default/production/_ext/803622919/GOL.o
 .debug_line    0x0000235d      0x16d build/default/production/_ext/803622919/Grid.o
 .debug_line    0x000024ca      0x16d build/default/production/_ext/803622919/GroupBox.o
 .debug_line    0x00002637      0x16d build/default/production/_ext/803622919/ListBox.o
 .debug_line    0x000027a4      0x16d build/default/production/_ext/803622919/Meter.o
 .debug_line    0x00002911      0x2ac build/default/production/_ext/803622919/Picture.o
 .debug_line    0x00002bbd      0xbea build/default/production/_ext/803622919/Primitive.o
 .debug_line    0x000037a7      0x332 build/default/production/_ext/803622919/ProgressBar.o
 .debug_line    0x00003ad9      0x16d build/default/production/_ext/803622919/RadioButton.o
 .debug_line    0x00003c46      0x16d build/default/production/_ext/803622919/RoundDial.o
 .debug_line    0x00003db3      0x3e8 build/default/production/_ext/803622919/Slider.o
 .debug_line    0x0000419b      0x2eb build/default/production/_ext/803622919/StaticText.o
 .debug_line    0x00004486      0x16d build/default/production/_ext/803622919/DigitalMeter.o
 .debug_line    0x000045f3      0x3c7 build/default/production/_ext/1687970324/TouchScreenResistive.o
 .debug_line    0x000049ba      0x17e build/default/production/_ext/1472/Monofont.o
 .debug_line    0x00004b38      0x1d2 build/default/production/_ext/1472/Gentium_72.o
 .debug_line    0x00004d0a      0x1d2 build/default/production/_ext/1472/Gentium_16.o
 .debug_line    0x00004edc      0x1d3 build/default/production/_ext/1472/Gentium_200.o
 .debug_line    0x000050af      0x1d4 build/default/production/_ext/1472/Pictures C32.o
 .debug_line    0x00005283      0x1d3 build/default/production/_ext/1472/Gentium_150.o
 .debug_line    0x00005456      0x3cf build/default/production/_ext/1472/dee_emulation_pic32.o
 .debug_line    0x00005825      0x403 build/default/production/_ext/1290698017/GDD_Screens.o
 .debug_line    0x00005c28      0x753 build/default/production/_ext/1290698017/GDD_X_Event_Handler.o
 .debug_line    0x0000637b      0x4a4 build/default/production/_ext/1472/Main_Zonda.o
 .debug_line    0x0000681f      0x263 build/default/production/_ext/2050749925/ADS7843.o
 .debug_line    0x00006a82       0x70 c:/program files (x86)/microchip/mplab c32 suite/bin/../lib/gcc/pic32mx/4.5.1/size\libgcc.a(floatunsisf.o)
 .debug_line    0x00006af2       0x87 c:/program files (x86)/microchip/mplab c32 suite/bin/../lib/gcc/pic32mx/4.5.1/../../../../pic32mx/lib/size\libc.a(malloc.o)
 .debug_line    0x00006b79       0x93 c:/program files (x86)/microchip/mplab c32 suite/bin/../lib/gcc/pic32mx/4.5.1/../../../../pic32mx/lib/size\libc.a(sprintf_cdnopuxX.eo)
 .debug_line    0x00006c0c       0x87 c:/program files (x86)/microchip/mplab c32 suite/bin/../lib/gcc/pic32mx/4.5.1/../../../../pic32mx/lib/size\libc.a(sbrk.o)
 .debug_line    0x00006c93       0xa4 c:/program files (x86)/microchip/mplab c32 suite/bin/../lib/gcc/pic32mx/4.5.1/../../../../pic32mx/lib/size\libc.a(default-general-exception-handler.o)
 .debug_line    0x00006d37       0xa6 c:/program files (x86)/microchip/mplab c32 suite/bin/../lib/gcc/pic32mx/4.5.1/../../../../pic32mx/lib/size\libc.a(default-bootstrap-exception-handler.o)
 .debug_line    0x00006ddd       0x93 c:/program files (x86)/microchip/mplab c32 suite/bin/../lib/gcc/pic32mx/4.5.1/../../../../pic32mx/lib/size\libc.a(default-on-reset.o)
 .debug_line    0x00006e70       0x97 c:/program files (x86)/microchip/mplab c32 suite/bin/../lib/gcc/pic32mx/4.5.1/../../../../pic32mx/lib/size\libc.a(default-on-bootstrap.o)
 .debug_line    0x00006f07        0x0 c:/program files (x86)/microchip/mplab c32 suite/bin/../lib/gcc/pic32mx/4.5.1/../../../../pic32mx/lib/size\libc.a(errno.o)
 .debug_line    0x00006f07       0x92 c:/program files (x86)/microchip/mplab c32 suite/bin/../lib/gcc/pic32mx/4.5.1/../../../../pic32mx/lib/size\libc.a(doprnt_cdnopuxX.eo)
 .debug_line    0x00006f99       0x91 c:/program files (x86)/microchip/mplab c32 suite/bin/../lib/gcc/pic32mx/4.5.1/../../../../pic32mx/lib/size\libc.a(_fputc_simple.o)
 .debug_line    0x0000702a        0x0 c:/program files (x86)/microchip/mplab c32 suite/bin/../lib/gcc/pic32mx/4.5.1/../../../../pic32mx/lib/size\libc.a(ctype.o)
 .debug_line    0x0000702a       0x88 c:/program files (x86)/microchip/mplab c32 suite/bin/../lib/gcc/pic32mx/4.5.1/../../../../pic32mx/lib/size\libc.a(write.o)
 .debug_line    0x000070b2        0x0 c:/program files (x86)/microchip/mplab c32 suite/bin/../lib/gcc/pic32mx/4.5.1/../../../../pic32mx/lib/size\libc.a(_iob.o)
 .debug_line    0x000070b2       0x92 c:/program files (x86)/microchip/mplab c32 suite/bin/../lib/gcc/pic32mx/4.5.1/../../../../pic32mx/lib/size\libc.a(_flsbuf_simple.o)
 .debug_line    0x00007144       0x8c c:/program files (x86)/microchip/mplab c32 suite/bin/../lib/gcc/pic32mx/4.5.1/../../../../pic32mx/lib/size\libc.a(_mon_putc.o)
 .debug_line    0x000071d0        0x0 c:/program files (x86)/microchip/mplab c32 suite/bin/../lib/gcc/pic32mx/4.5.1/../../../../pic32mx/lib/size\libc.a(c32_uart.o)
 .debug_line    0x000071d0       0x6e c:/program files (x86)/microchip/mplab c32 suite/bin/../lib/gcc/pic32mx/4.5.1/../../../../pic32mx/lib/size\libmchp_peripheral.a(open_core_timer_lib.o)
 .debug_line    0x0000723e       0x70 c:/program files (x86)/microchip/mplab c32 suite/bin/../lib/gcc/pic32mx/4.5.1/../../../../pic32mx/lib/size\libmchp_peripheral.a(update_core_timer_lib.o)
 .debug_line    0x000072ae       0x62 c:/program files (x86)/microchip/mplab c32 suite/bin/../lib/gcc/pic32mx/4.5.1/../../../../pic32mx/lib/size\libmchp_peripheral_32MX795F512L.a(pcache.o)
 .debug_line    0x00007310       0x72 c:/program files (x86)/microchip/mplab c32 suite/bin/../lib/gcc/pic32mx/4.5.1/../../../../pic32mx/lib/size\libmchp_peripheral_32MX795F512L.a(int_enable_interrupts_lib.o)
 .debug_line    0x00007382       0x73 c:/program files (x86)/microchip/mplab c32 suite/bin/../lib/gcc/pic32mx/4.5.1/../../../../pic32mx/lib/size\libmchp_peripheral_32MX795F512L.a(int_disable_interrupts_lib.o)
 .debug_line    0x000073f5       0x73 c:/program files (x86)/microchip/mplab c32 suite/bin/../lib/gcc/pic32mx/4.5.1/../../../../pic32mx/lib/size\libmchp_peripheral_32MX795F512L.a(int_restore_interrupts_lib.o)
 .debug_line    0x00007468       0x6e c:/program files (x86)/microchip/mplab c32 suite/bin/../lib/gcc/pic32mx/4.5.1/../../../../pic32mx/lib/size\libmchp_peripheral_32MX795F512L.a(int_enable_mv_int_lib.o)
 .debug_line    0x000074d6       0x6b c:/program files (x86)/microchip/mplab c32 suite/bin/../lib/gcc/pic32mx/4.5.1/../../../../pic32mx/lib/size\libmchp_peripheral_32MX795F512L.a(nvm_erase_page_lib.o)
 .debug_line    0x00007541       0xc0 c:/program files (x86)/microchip/mplab c32 suite/bin/../lib/gcc/pic32mx/4.5.1/../../../../pic32mx/lib/size\libmchp_peripheral_32MX795F512L.a(nvm_operation_lib.o)
 .debug_line    0x00007601       0x6b c:/program files (x86)/microchip/mplab c32 suite/bin/../lib/gcc/pic32mx/4.5.1/../../../../pic32mx/lib/size\libmchp_peripheral_32MX795F512L.a(nvm_write_word_lib.o)
 .debug_line    0x0000766c       0xbe c:/program files (x86)/microchip/mplab c32 suite/bin/../lib/gcc/pic32mx/4.5.1/size\libgcc.a(_lshrdi3.o)
 .debug_line    0x0000772a      0x118 c:/program files (x86)/microchip/mplab c32 suite/bin/../lib/gcc/pic32mx/4.5.1/size\libgcc.a(_udivdi3.o)
 .debug_line    0x00007842      0x12e c:/program files (x86)/microchip/mplab c32 suite/bin/../lib/gcc/pic32mx/4.5.1/size\libgcc.a(_umoddi3.o)

.debug_frame    0x00000000     0x1848
 *(.debug_frame)
 .debug_frame   0x00000000       0x60 build/default/production/_ext/1687970324/drv_spi.o
 .debug_frame   0x00000060       0x8c build/default/production/_ext/1687970324/TouchScreen.o
 .debug_frame   0x000000ec       0x20 build/default/production/_ext/1687970324/Beep.o
 .debug_frame   0x0000010c      0x170 build/default/production/_ext/1687970324/SST25VF016.o
 .debug_frame   0x0000027c       0x44 build/default/production/_ext/1860783399/TimeDelay.o
 .debug_frame   0x000002c0      0x1d0 build/default/production/_ext/1919882987/SSD1963.o
 .debug_frame   0x00000490       0xe0 build/default/production/_ext/803622919/Button.o
 .debug_frame   0x00000570      0x138 build/default/production/_ext/803622919/GOL.o
 .debug_frame   0x000006a8       0x64 build/default/production/_ext/803622919/Picture.o
 .debug_frame   0x0000070c      0x380 build/default/production/_ext/803622919/Primitive.o
 .debug_frame   0x00000a8c       0x9c build/default/production/_ext/803622919/ProgressBar.o
 .debug_frame   0x00000b28      0x114 build/default/production/_ext/803622919/Slider.o
 .debug_frame   0x00000c3c       0x88 build/default/production/_ext/803622919/StaticText.o
 .debug_frame   0x00000cc4       0xe0 build/default/production/_ext/1687970324/TouchScreenResistive.o
 .debug_frame   0x00000da4      0x154 build/default/production/_ext/1472/dee_emulation_pic32.o
 .debug_frame   0x00000ef8      0x12c build/default/production/_ext/1290698017/GDD_Screens.o
 .debug_frame   0x00001024      0x240 build/default/production/_ext/1290698017/GDD_X_Event_Handler.o
 .debug_frame   0x00001264      0x178 build/default/production/_ext/1472/Main_Zonda.o
 .debug_frame   0x000013dc       0x40 build/default/production/_ext/2050749925/ADS7843.o