Archive member included because of file (symbol)

c:/program files (x86)/microchip/mplabc32/v2.02/bin/../lib/gcc/pic32mx/4.5.1/../../../../pic32mx/lib/size\libc.a(memcpy.o)
                              Objects - Object Layer\GOL.o (memcpy)
c:/program files (x86)/microchip/mplabc32/v2.02/bin/../lib/gcc/pic32mx/4.5.1/../../../../pic32mx/lib/size\libc.a(general-exception.o)
                              c:/program files (x86)/microchip/mplabc32/v2.02/bin/../lib/gcc/pic32mx/4.5.1/../../../../pic32mx/lib/size/crt0.o (_general_exception_context)
c:/program files (x86)/microchip/mplabc32/v2.02/bin/../lib/gcc/pic32mx/4.5.1/../../../../pic32mx/lib/size\libc.a(malloc.o)
                              Objects - Object Layer\Button.o (malloc)
c:/program files (x86)/microchip/mplabc32/v2.02/bin/../lib/gcc/pic32mx/4.5.1/../../../../pic32mx/lib/size\libc.a(sprintf_cdnopsuxX.eo)
                              Objects - Object Layer\GDD_X_Event_Handler_LedCam.o (_sprintf_cdnopsuxX)
c:/program files (x86)/microchip/mplabc32/v2.02/bin/../lib/gcc/pic32mx/4.5.1/../../../../pic32mx/lib/size\libc.a(sbrk.o)
                              c:/program files (x86)/microchip/mplabc32/v2.02/bin/../lib/gcc/pic32mx/4.5.1/../../../../pic32mx/lib/size\libc.a(malloc.o) (sbrk)
c:/program files (x86)/microchip/mplabc32/v2.02/bin/../lib/gcc/pic32mx/4.5.1/../../../../pic32mx/lib/size\libc.a(default-general-exception-handler.o)
                              c:/program files (x86)/microchip/mplabc32/v2.02/bin/../lib/gcc/pic32mx/4.5.1/../../../../pic32mx/lib/size\libc.a(general-exception.o) (_general_exception_handler)
c:/program files (x86)/microchip/mplabc32/v2.02/bin/../lib/gcc/pic32mx/4.5.1/../../../../pic32mx/lib/size\libc.a(default-bootstrap-exception-handler.o)
                              c:/program files (x86)/microchip/mplabc32/v2.02/bin/../lib/gcc/pic32mx/4.5.1/../../../../pic32mx/lib/size/crt0.o (_bootstrap_exception_handler)
c:/program files (x86)/microchip/mplabc32/v2.02/bin/../lib/gcc/pic32mx/4.5.1/../../../../pic32mx/lib/size\libc.a(default-on-reset.o)
                              c:/program files (x86)/microchip/mplabc32/v2.02/bin/../lib/gcc/pic32mx/4.5.1/../../../../pic32mx/lib/size/crt0.o (_on_reset)
c:/program files (x86)/microchip/mplabc32/v2.02/bin/../lib/gcc/pic32mx/4.5.1/../../../../pic32mx/lib/size\libc.a(default-on-bootstrap.o)
                              c:/program files (x86)/microchip/mplabc32/v2.02/bin/../lib/gcc/pic32mx/4.5.1/../../../../pic32mx/lib/size/crt0.o (_on_bootstrap)
c:/program files (x86)/microchip/mplabc32/v2.02/bin/../lib/gcc/pic32mx/4.5.1/../../../../pic32mx/lib/size\libc.a(default-nmi-handler.o)
                              c:/program files (x86)/microchip/mplabc32/v2.02/bin/../lib/gcc/pic32mx/4.5.1/../../../../pic32mx/lib/size/crt0.o (_nmi_handler)
c:/program files (x86)/microchip/mplabc32/v2.02/bin/../lib/gcc/pic32mx/4.5.1/../../../../pic32mx/lib/size\libc.a(memset.o)
                              c:/program files (x86)/microchip/mplabc32/v2.02/bin/../lib/gcc/pic32mx/4.5.1/../../../../pic32mx/lib/size\libc.a(sbrk.o) (memset)
c:/program files (x86)/microchip/mplabc32/v2.02/bin/../lib/gcc/pic32mx/4.5.1/../../../../pic32mx/lib/size\libc.a(errno.o)
                              c:/program files (x86)/microchip/mplabc32/v2.02/bin/../lib/gcc/pic32mx/4.5.1/../../../../pic32mx/lib/size\libc.a(sbrk.o) (errno)
c:/program files (x86)/microchip/mplabc32/v2.02/bin/../lib/gcc/pic32mx/4.5.1/../../../../pic32mx/lib/size\libc.a(doprnt_cdnopsuxX.eo)
                              c:/program files (x86)/microchip/mplabc32/v2.02/bin/../lib/gcc/pic32mx/4.5.1/../../../../pic32mx/lib/size\libc.a(sprintf_cdnopsuxX.eo) (_vfprintf_cdnopsuxX)
c:/program files (x86)/microchip/mplabc32/v2.02/bin/../lib/gcc/pic32mx/4.5.1/../../../../pic32mx/lib/size\libc.a(_fputc_simple.o)
                              c:/program files (x86)/microchip/mplabc32/v2.02/bin/../lib/gcc/pic32mx/4.5.1/../../../../pic32mx/lib/size\libc.a(doprnt_cdnopsuxX.eo) (fputc)
c:/program files (x86)/microchip/mplabc32/v2.02/bin/../lib/gcc/pic32mx/4.5.1/../../../../pic32mx/lib/size\libc.a(ctype.o)
                              c:/program files (x86)/microchip/mplabc32/v2.02/bin/../lib/gcc/pic32mx/4.5.1/../../../../pic32mx/lib/size\libc.a(doprnt_cdnopsuxX.eo) (_ctype)
c:/program files (x86)/microchip/mplabc32/v2.02/bin/../lib/gcc/pic32mx/4.5.1/../../../../pic32mx/lib/size\libc.a(write.o)
                              c:/program files (x86)/microchip/mplabc32/v2.02/bin/../lib/gcc/pic32mx/4.5.1/../../../../pic32mx/lib/size\libc.a(_fputc_simple.o) (write)
c:/program files (x86)/microchip/mplabc32/v2.02/bin/../lib/gcc/pic32mx/4.5.1/../../../../pic32mx/lib/size\libc.a(_iob.o)
                              c:/program files (x86)/microchip/mplabc32/v2.02/bin/../lib/gcc/pic32mx/4.5.1/../../../../pic32mx/lib/size\libc.a(_fputc_simple.o) (_outdone)
[...]
Memory Configuration

Name             Origin             Length             Attributes
kseg0_program_mem 0x9d000000         0x00080000         xr
kseg0_boot_mem   0x9fc00490         0x00000970
exception_mem    0x9fc01000         0x00001000
kseg1_boot_mem   0xbfc00000         0x00000490
debug_exec_mem   0xbfc02000         0x00000ff0
config3          0xbfc02ff0         0x00000004
config2          0xbfc02ff4         0x00000004
config1          0xbfc02ff8         0x00000004
config0          0xbfc02ffc         0x00000004
kseg1_data_mem   0xa0000000         0x00020000         w !x
sfrs             0xbf800000         0x00100000
configsfrs       0xbfc02ff0         0x00000010
*default*        0x00000000         0xffffffff

Linker script and memory map

LOAD c:/program files (x86)/microchip/mplabc32/v2.02/bin/../lib/gcc/pic32mx/4.5.1/../../../../pic32mx/lib/size/crt0.o
LOAD Objects - Object Layer\Window.o
LOAD Objects - Object Layer\Button.o
LOAD Objects - Object Layer\CheckBox.o
LOAD Objects - Object Layer\EditBox.o
LOAD Objects - Object Layer\GOL.o
LOAD Objects - Object Layer\Grid.o
LOAD Objects - Object Layer\GroupBox.o
LOAD Objects - Object Layer\ListBox.o
LOAD Objects - Object Layer\Meter.o
LOAD Objects - Object Layer\Picture.o
LOAD Objects - Object Layer\Primitive.o
LOAD Objects - Object Layer\ProgressBar.o
LOAD Objects - Object Layer\RadioButton.o
LOAD Objects - Object Layer\RoundDial.o
LOAD Objects - Object Layer\Slider.o
LOAD Objects - Object Layer\StaticText.o
LOAD Objects - Object Layer\TimeDelay.o
LOAD Objects - Object Layer\Monofont.o
LOAD Objects - Object Layer\DigitalMeter.o
LOAD Objects - Object Layer\drv_spi.o
LOAD Objects - Object Layer\TouchScreenResistive.o
LOAD Objects - Object Layer\GOLSchemeDefault.o
LOAD Objects - Object Layer\MCHP25LC256.o
LOAD Objects - Object Layer\SSD1963.o
LOAD Objects - Object Layer\TouchScreen.o
LOAD Objects - Object Layer\Beep.o
LOAD Objects - Object Layer\SST25VF016.o
LOAD Objects - Object Layer\Font25PixelsHeight.o
LOAD Objects - Object Layer\Font35PixelsHeight.o
LOAD Objects - Object Layer\GOLFontDefault.o
LOAD Objects - Object Layer\GOLSmallFont.o
LOAD Objects - Object Layer\Gentium_72.o
LOAD Objects - Object Layer\Gentium_16.o
LOAD Objects - Object Layer\Gentium_200.o
LOAD Objects - Object Layer\FontCALIST_36.o
LOAD Objects - Object Layer\ADS7843.o
LOAD Objects - Object Layer\Pictures C32.o
LOAD Objects - Object Layer\Gentium_150.o
LOAD Objects - Object Layer\GDD_Screens_LedCam.o
LOAD Objects - Object Layer\GDD_X_Event_Handler_LedCam.o
LOAD Objects - Object Layer\Main_LedCam.o
LOAD Objects - Object Layer\dee_emulation_pic32.o
                0x00000001                __MPLAB_BUILD = 0x1
                0x00000bb8                _min_heap_size = 0xbb8
                0x000007d0                _min_stack_size = 0x7d0
LOAD c:/program files (x86)/microchip/mplabc32/v2.02/bin/../lib/gcc/pic32mx/4.5.1/size\libgcc.a
START GROUP
LOAD c:/program files (x86)/microchip/mplabc32/v2.02/bin/../lib/gcc/pic32mx/4.5.1/../../../../pic32mx/lib/size\libdebug.a
LOAD c:/program files (x86)/microchip/mplabc32/v2.02/bin/../lib/gcc/pic32mx/4.5.1/../../../../pic32mx/lib/size\libc.a
LOAD c:/program files (x86)/microchip/mplabc32/v2.02/bin/../lib/gcc/pic32mx/4.5.1/../../../../pic32mx/lib/size\libm.a
LOAD c:/program files (x86)/microchip/mplabc32/v2.02/bin/../lib/gcc/pic32mx/4.5.1/../../../../pic32mx/lib/size\libe.a
LOAD c:/program files (x86)/microchip/mplabc32/v2.02/bin/../lib/gcc/pic32mx/4.5.1/../../../../pic32mx/lib/size\libdsp.a
LOAD c:/program files (x86)/microchip/mplabc32/v2.02/bin/../lib/gcc/pic32mx/4.5.1/../../../../pic32mx/lib/size\libmchp_peripheral.a
LOAD c:/program files (x86)/microchip/mplabc32/v2.02/bin/../lib/gcc/pic32mx/4.5.1/../../../../pic32mx/lib/size\libmchp_peripheral_32MX795F512L.a
END GROUP
LOAD c:/program files (x86)/microchip/mplabc32/v2.02/bin/../lib/gcc/pic32mx/4.5.1/size\libgcc.a
                0x00000400                PROVIDE (_min_stack_size, 0x400)
                0x00000000                PROVIDE (_min_heap_size, 0x0)
LOAD c:/program files (x86)/microchip/mplabc32/v2.02/bin/../lib/gcc/pic32mx/4.5.1/../../../../pic32mx/lib/./proc/32MX795F512L\processor.o
                0x00000001                PROVIDE (_vector_spacing, 0x1)
                0x9fc01000                _ebase_address = 0x9fc01000
                0xbfc00000                _RESET_ADDR = 0xbfc00000
                0xbfc00380                _BEV_EXCPT_ADDR = 0xbfc00380
                0xbfc00480                _DBG_EXCPT_ADDR = 0xbfc00480
                0xbfc02000                _DBG_CODE_ADDR = 0xbfc02000
                0x00000ff0                _DBG_CODE_SIZE = 0xff0
                0x9fc01180                _GEN_EXCPT_ADDR = (_ebase_address + 0x180)

.config_BFC02FF0
 *(.config_BFC02FF0)

.config_BFC02FF4
                0xbfc02ff4        0x4
 *(.config_BFC02FF4)
 .config_BFC02FF4
                0xbfc02ff4        0x4 Objects - Object Layer\Main_LedCam.o

.config_BFC02FF8
                0xbfc02ff8        0x4
 *(.config_BFC02FF8)
 .config_BFC02FF8
                0xbfc02ff8        0x4 Objects - Object Layer\Main_LedCam.o

.config_BFC02FFC
                0xbfc02ffc        0x4
 *(.config_BFC02FFC)
 .config_BFC02FFC
                0xbfc02ffc        0x4 Objects - Object Layer\Main_LedCam.o
                0xbfc02000                PROVIDE (_DBG_CODE_ADDR, 0xbfc02000)
                0x00000ff0                PROVIDE (_DBG_CODE_SIZE, 0xff0)

.reset          0xbfc00000      0x1f4
 *(.reset)
 .reset         0xbfc00000       0x10 c:/program files (x86)/microchip/mplabc32/v2.02/bin/../lib/gcc/pic32mx/4.5.1/../../../../pic32mx/lib/size/crt0.o
                0xbfc00000                _reset
 *(.reset.startup)
 .reset.startup
                0xbfc00010      0x1e4 c:/program files (x86)/microchip/mplabc32/v2.02/bin/../lib/gcc/pic32mx/4.5.1/../../../../pic32mx/lib/size/crt0.o

.bev_excpt      0xbfc00380       0x10
 *(.bev_handler)
 .bev_handler   0xbfc00380       0x10 c:/program files (x86)/microchip/mplabc32/v2.02/bin/../lib/gcc/pic32mx/4.5.1/../../../../pic32mx/lib/size/crt0.o

.dbg_excpt      0xbfc00480        0x0
                0xbfc00480                . = (. + DEFINED (_DEBUGGER)?0x8:0x0)

.dbg_code       0xbfc02000        0x0
                0xbfc02000                . = (. + DEFINED (_DEBUGGER)?_DBG_CODE_SIZE:0x0)

.app_excpt      0x9fc01180       0x10
 *(.gen_handler)
 .gen_handler   0x9fc01180       0x10 c:/program files (x86)/microchip/mplabc32/v2.02/bin/../lib/gcc/pic32mx/4.5.1/../../../../pic32mx/lib/size/crt0.o

.vector_0       0x9fc01200        0x8
 *(.vector_0)
 .vector_0      0x9fc01200        0x8 Objects - Object Layer\GDD_X_Event_Handler_LedCam.o
                0x00000001                ASSERT (((_vector_spacing == 0x0) || (SIZEOF (.vector_0) <= (_vector_spacing << 0x5))), function at exception vector 0 too large)

.vector_1       0x9fc01220        0x0
 *(.vector_1)
                0x00000001                ASSERT (((_vector_spacing == 0x0) || (SIZEOF (.vector_1) <= (_vector_spacing << 0x5))), function at exception vector 1 too large)

.vector_2       0x9fc01240        0x0
 *(.vector_2)
                0x00000001                ASSERT (((_vector_spacing == 0x0) || (SIZEOF (.vector_2) <= (_vector_spacing << 0x5))), function at exception vector 2 too large)

.vector_3       0x9fc01260        0x0
 *(.vector_3)
                0x00000001                ASSERT (((_vector_spacing == 0x0) || (SIZEOF (.vector_3) <= (_vector_spacing << 0x5))), function at exception vector 3 too large)

.vector_4       0x9fc01280        0x0
 *(.vector_4)
                0x00000001                ASSERT (((_vector_spacing == 0x0) || (SIZEOF (.vector_4) <= (_vector_spacing << 0x5))), function at exception vector 4 too large)

.vector_5       0x9fc012a0        0x0
 *(.vector_5)
                0x00000001                ASSERT (((_vector_spacing == 0x0) || (SIZEOF (.vector_5) <= (_vector_spacing << 0x5))), function at exception vector 5 too large)

.vector_6       0x9fc012c0        0x0
 *(.vector_6)
                0x00000001                ASSERT (((_vector_spacing == 0x0) || (SIZEOF (.vector_6) <= (_vector_spacing << 0x5))), function at exception vector 6 too large)

.vector_7       0x9fc012e0        0x0
 *(.vector_7)
                0x00000001                ASSERT (((_vector_spacing == 0x0) || (SIZEOF (.vector_7) <= (_vector_spacing << 0x5))), function at exception vector 7 too large)

.vector_8       0x9fc01300        0x0
 *(.vector_8)
                0x00000001                ASSERT (((_vector_spacing == 0x0) || (SIZEOF (.vector_8) <= (_vector_spacing << 0x5))), function at exception vector 8 too large)

.vector_9       0x9fc01320        0x0
 *(.vector_9)
                0x00000001                ASSERT (((_vector_spacing == 0x0) || (SIZEOF (.vector_9) <= (_vector_spacing << 0x5))), function at exception vector 9 too large)

.vector_10      0x9fc01340        0x0
 *(.vector_10)
                0x00000001                ASSERT (((_vector_spacing == 0x0) || (SIZEOF (.vector_10) <= (_vector_spacing << 0x5))), function at exception vector 10 too large)

.vector_11      0x9fc01360        0x0
 *(.vector_11)
                0x00000001                ASSERT (((_vector_spacing == 0x0) || (SIZEOF (.vector_11) <= (_vector_spacing << 0x5))), function at exception vector 11 too large)

.vector_12      0x9fc01380        0x8
 *(.vector_12)
 .vector_12     0x9fc01380        0x8 Objects - Object Layer\Main_LedCam.o
                0x00000001                ASSERT (((_vector_spacing == 0x0) || (SIZEOF (.vector_12) <= (_vector_spacing << 0x5))), function at exception vector 12 too large)

.vector_13      0x9fc013a0        0x0
 *(.vector_13)
                0x00000001                ASSERT (((_vector_spacing == 0x0) || (SIZEOF (.vector_13) <= (_vector_spacing << 0x5))), function at exception vector 13 too large)

.vector_14      0x9fc013c0        0x0
 *(.vector_14)
                0x00000001                ASSERT (((_vector_spacing == 0x0) || (SIZEOF (.vector_14) <= (_vector_spacing << 0x5))), function at exception vector 14 too large)

.vector_15      0x9fc013e0        0x8
 *(.vector_15)
 .vector_15     0x9fc013e0        0x8 Objects - Object Layer\Main_LedCam.o
                0x00000001                ASSERT (((_vector_spacing == 0x0) || (SIZEOF (.vector_15) <= (_vector_spacing << 0x5))), function at exception vector 15 too large)

.vector_16      0x9fc01400        0x0
 *(.vector_16)
                0x00000001                ASSERT (((_vector_spacing == 0x0) || (SIZEOF (.vector_16) <= (_vector_spacing << 0x5))), function at exception vector 16 too large)

.vector_17      0x9fc01420        0x0
 *(.vector_17)
                0x00000001                ASSERT (((_vector_spacing == 0x0) || (SIZEOF (.vector_17) <= (_vector_spacing << 0x5))), function at exception vector 17 too large)

.vector_18      0x9fc01440        0x0
 *(.vector_18)
                0x00000001                ASSERT (((_vector_spacing == 0x0) || (SIZEOF (.vector_18) <= (_vector_spacing << 0x5))), function at exception vector 18 too large)

.vector_19      0x9fc01460        0x0
 *(.vector_19)
                0x00000001                ASSERT (((_vector_spacing == 0x0) || (SIZEOF (.vector_19) <= (_vector_spacing << 0x5))), function at exception vector 19 too large)

.vector_20      0x9fc01480        0x0
 *(.vector_20)
                0x00000001                ASSERT (((_vector_spacing == 0x0) || (SIZEOF (.vector_20) <= (_vector_spacing << 0x5))), function at exception vector 20 too large)

.vector_21      0x9fc014a0        0x0
 *(.vector_21)
                0x00000001                ASSERT (((_vector_spacing == 0x0) || (SIZEOF (.vector_21) <= (_vector_spacing << 0x5))), function at exception vector 21 too large)

.vector_22      0x9fc014c0        0x0
 *(.vector_22)
                0x00000001                ASSERT (((_vector_spacing == 0x0) || (SIZEOF (.vector_22) <= (_vector_spacing << 0x5))), function at exception vector 22 too large)

.vector_23      0x9fc014e0        0x0
 *(.vector_23)
                0x00000001                ASSERT (((_vector_spacing == 0x0) || (SIZEOF (.vector_23) <= (_vector_spacing << 0x5))), function at exception vector 23 too large)

.vector_24      0x9fc01500        0x0
 *(.vector_24)
                0x00000001                ASSERT (((_vector_spacing == 0x0) || (SIZEOF (.vector_24) <= (_vector_spacing << 0x5))), function at exception vector 24 too large)

.vector_25      0x9fc01520        0x0
 *(.vector_25)
                0x00000001                ASSERT (((_vector_spacing == 0x0) || (SIZEOF (.vector_25) <= (_vector_spacing << 0x5))), function at exception vector 25 too large)

.vector_26      0x9fc01540        0x0
 *(.vector_26)
                0x00000001                ASSERT (((_vector_spacing == 0x0) || (SIZEOF (.vector_26) <= (_vector_spacing << 0x5))), function at exception vector 26 too large)

.vector_27      0x9fc01560        0x0
 *(.vector_27)
                0x00000001                ASSERT (((_vector_spacing == 0x0) || (SIZEOF (.vector_27) <= (_vector_spacing << 0x5))), function at exception vector 27 too large)

.vector_28      0x9fc01580        0x0
 *(.vector_28)
                0x00000001                ASSERT (((_vector_spacing == 0x0) || (SIZEOF (.vector_28) <= (_vector_spacing << 0x5))), function at exception vector 28 too large)

.vector_29      0x9fc015a0        0x0
 *(.vector_29)
                0x00000001                ASSERT (((_vector_spacing == 0x0) || (SIZEOF (.vector_29) <= (_vector_spacing << 0x5))), function at exception vector 29 too large)

.vector_30      0x9fc015c0        0x0
 *(.vector_30)
                0x00000001                ASSERT (((_vector_spacing == 0x0) || (SIZEOF (.vector_30) <= (_vector_spacing << 0x5))), function at exception vector 30 too large)

.vector_31      0x9fc015e0        0x0
 *(.vector_31)
                0x00000001                ASSERT (((_vector_spacing == 0x0) || (SIZEOF (.vector_31) <= (_vector_spacing << 0x5))), function at exception vector 31 too large)

.vector_32      0x9fc01600        0x0
 *(.vector_32)
                0x00000001                ASSERT (((_vector_spacing == 0x0) || (SIZEOF (.vector_32) <= (_vector_spacing << 0x5))), function at exception vector 32 too large)

.vector_33      0x9fc01620        0x0
 *(.vector_33)
                0x00000001                ASSERT (((_vector_spacing == 0x0) || (SIZEOF (.vector_33) <= (_vector_spacing << 0x5))), function at exception vector 33 too large)

.vector_34      0x9fc01640        0x0
 *(.vector_34)
                0x00000001                ASSERT (((_vector_spacing == 0x0) || (SIZEOF (.vector_34) <= (_vector_spacing << 0x5))), function at exception vector 34 too large)

.vector_35      0x9fc01660        0x0
 *(.vector_35)
                0x00000001                ASSERT (((_vector_spacing == 0x0) || (SIZEOF (.vector_35) <= (_vector_spacing << 0x5))), function at exception vector 35 too large)

.vector_36      0x9fc01680        0x0
 *(.vector_36)
                0x00000001                ASSERT (((_vector_spacing == 0x0) || (SIZEOF (.vector_36) <= (_vector_spacing << 0x5))), function at exception vector 36 too large)

.vector_37      0x9fc016a0        0x0
 *(.vector_37)
                0x00000001                ASSERT (((_vector_spacing == 0x0) || (SIZEOF (.vector_37) <= (_vector_spacing << 0x5))), function at exception vector 37 too large)

.vector_38      0x9fc016c0        0x0
 *(.vector_38)
                0x00000001                ASSERT (((_vector_spacing == 0x0) || (SIZEOF (.vector_38) <= (_vector_spacing << 0x5))), function at exception vector 38 too large)

.vector_39      0x9fc016e0        0x0
 *(.vector_39)
                0x00000001                ASSERT (((_vector_spacing == 0x0) || (SIZEOF (.vector_39) <= (_vector_spacing << 0x5))), function at exception vector 39 too large)

.vector_40      0x9fc01700        0x0
 *(.vector_40)
                0x00000001                ASSERT (((_vector_spacing == 0x0) || (SIZEOF (.vector_40) <= (_vector_spacing << 0x5))), function at exception vector 40 too large)

.vector_41      0x9fc01720        0x0
 *(.vector_41)
                0x00000001                ASSERT (((_vector_spacing == 0x0) || (SIZEOF (.vector_41) <= (_vector_spacing << 0x5))), function at exception vector 41 too large)

.vector_42      0x9fc01740        0x0
 *(.vector_42)
                0x00000001                ASSERT (((_vector_spacing == 0x0) || (SIZEOF (.vector_42) <= (_vector_spacing << 0x5))), function at exception vector 42 too large)

.vector_43      0x9fc01760        0x0
 *(.vector_43)
                0x00000001                ASSERT (((_vector_spacing == 0x0) || (SIZEOF (.vector_43) <= (_vector_spacing << 0x5))), function at exception vector 43 too large)

.vector_44      0x9fc01780        0x0
 *(.vector_44)
                0x00000001                ASSERT (((_vector_spacing == 0x0) || (SIZEOF (.vector_44) <= (_vector_spacing << 0x5))), function at exception vector 44 too large)

.vector_45      0x9fc017a0        0x0
 *(.vector_45)
                0x00000001                ASSERT (((_vector_spacing == 0x0) || (SIZEOF (.vector_45) <= (_vector_spacing << 0x5))), function at exception vector 45 too large)

.vector_46      0x9fc017c0        0x0
 *(.vector_46)
                0x00000001                ASSERT (((_vector_spacing == 0x0) || (SIZEOF (.vector_46) <= (_vector_spacing << 0x5))), function at exception vector 46 too large)

.vector_47      0x9fc017e0        0x0
 *(.vector_47)
                0x00000001                ASSERT (((_vector_spacing == 0x0) || (SIZEOF (.vector_47) <= (_vector_spacing << 0x5))), function at exception vector 47 too large)

.vector_48      0x9fc01800        0x0
 *(.vector_48)
                0x00000001                ASSERT (((_vector_spacing == 0x0) || (SIZEOF (.vector_48) <= (_vector_spacing << 0x5))), function at exception vector 48 too large)

.vector_49      0x9fc01820        0x0
 *(.vector_49)
                0x00000001                ASSERT (((_vector_spacing == 0x0) || (SIZEOF (.vector_49) <= (_vector_spacing << 0x5))), function at exception vector 49 too large)

.vector_50      0x9fc01840        0x0
 *(.vector_50)
                0x00000001                ASSERT (((_vector_spacing == 0x0) || (SIZEOF (.vector_50) <= (_vector_spacing << 0x5))), function at exception vector 50 too large)

.vector_51      0x9fc01860        0x0
 *(.vector_51)
                0x00000001                ASSERT (((_vector_spacing == 0x0) || (SIZEOF (.vector_51) <= (_vector_spacing << 0x5))), function at exception vector 51 too large)

.vector_52      0x9fc01880        0x0
 *(.vector_52)
                0x00000001                ASSERT (((_vector_spacing == 0x0) || (SIZEOF (.vector_52) <= (_vector_spacing << 0x5))), function at exception vector 52 too large)

.vector_53      0x9fc018a0        0x0
 *(.vector_53)
                0x00000001                ASSERT (((_vector_spacing == 0x0) || (SIZEOF (.vector_53) <= (_vector_spacing << 0x5))), function at exception vector 53 too large)

.vector_54      0x9fc018c0        0x0
 *(.vector_54)
                0x00000001                ASSERT (((_vector_spacing == 0x0) || (SIZEOF (.vector_54) <= (_vector_spacing << 0x5))), function at exception vector 54 too large)

.vector_55      0x9fc018e0        0x0
 *(.vector_55)
                0x00000001                ASSERT (((_vector_spacing == 0x0) || (SIZEOF (.vector_55) <= (_vector_spacing << 0x5))), function at exception vector 55 too large)

.vector_56      0x9fc01900        0x0
 *(.vector_56)
                0x00000001                ASSERT (((_vector_spacing == 0x0) || (SIZEOF (.vector_56) <= (_vector_spacing << 0x5))), function at exception vector 56 too large)

.vector_57      0x9fc01920        0x0
 *(.vector_57)
                0x00000001                ASSERT (((_vector_spacing == 0x0) || (SIZEOF (.vector_57) <= (_vector_spacing << 0x5))), function at exception vector 57 too large)

.vector_58      0x9fc01940        0x0
 *(.vector_58)
                0x00000001                ASSERT (((_vector_spacing == 0x0) || (SIZEOF (.vector_58) <= (_vector_spacing << 0x5))), function at exception vector 58 too large)

.vector_59      0x9fc01960        0x0
 *(.vector_59)
                0x00000001                ASSERT (((_vector_spacing == 0x0) || (SIZEOF (.vector_59) <= (_vector_spacing << 0x5))), function at exception vector 59 too large)

.vector_60      0x9fc01980        0x0
 *(.vector_60)
                0x00000001                ASSERT (((_vector_spacing == 0x0) || (SIZEOF (.vector_60) <= (_vector_spacing << 0x5))), function at exception vector 60 too large)

.vector_61      0x9fc019a0        0x0
 *(.vector_61)
                0x00000001                ASSERT (((_vector_spacing == 0x0) || (SIZEOF (.vector_61) <= (_vector_spacing << 0x5))), function at exception vector 61 too large)

.vector_62      0x9fc019c0        0x0
 *(.vector_62)
                0x00000001                ASSERT (((_vector_spacing == 0x0) || (SIZEOF (.vector_62) <= (_vector_spacing << 0x5))), function at exception vector 62 too large)

.vector_63      0x9fc019e0        0x0
 *(.vector_63)
                0x00000001                ASSERT (((_vector_spacing == 0x0) || (SIZEOF (.vector_63) <= (_vector_spacing << 0x5))), function at exception vector 63 too large)

.startup
 *(.startup)

.text
 *(.stub .gnu.linkonce.t.*)
 *(.text.*personality*)
 *(.mips16.fn.*)
 *(.mips16.call.*)
 *(.gnu.warning)

.rodata         0x9d000000        0x0
 *(.rodata.* .gnu.linkonce.r.*)
 *(.rodata1)
                0x9d000000                . = ALIGN (0x4)

.sdata2         0x9fc00490        0x0
 *(.sdata2 .sdata2.* .gnu.linkonce.s2.*)
                0x9fc00490                . = ALIGN (0x4)

.sbss2          0x9fc00490        0x0
 *(.sbss2 .sbss2.* .gnu.linkonce.sb2.*)
                0x9fc00490                . = ALIGN (0x4)

.eh_frame_hdr
 *(.eh_frame_hdr)

.eh_frame
 *(.eh_frame)

.dbg_data       0xa0000000        0x0
                0xa0000000                . = (. + DEFINED (_DEBUGGER)?0x200:0x0)

.persist        0xa0000000        0x0
                0xa0000000                _persist_begin = .
 *(.persist .persist.*)
                0xa0000000                . = ALIGN (0x4)
                0xa0000000                _persist_end = .

.eh_frame       0xa0000000       0x3c
 *(.eh_frame)
 .eh_frame      0xa0000000       0x28 c:/program files (x86)/microchip/mplabc32/v2.02/bin/../lib/gcc/pic32mx/4.5.1/size\libgcc.a(_udivdi3.o)
 .eh_frame      0xa0000028       0x14 c:/program files (x86)/microchip/mplabc32/v2.02/bin/../lib/gcc/pic32mx/4.5.1/size\libgcc.a(_umoddi3.o)
                                 0x28 (size before relaxing)
                0xa000003c                . = .
                0xa0008030                _gp = (ALIGN (0x10) + 0x7ff0)

.got
 *(.got.plt)
 *(.got)

.sdata          0xa000003c       0x38
                0xa000003c                _sdata_begin = .
 *(.sdata .sdata.* .gnu.linkonce.s.*)
 .sdata         0xa000003c        0x1 Objects - Object Layer\Primitive.o
 *fill*         0xa000003d        0x3 00
 .sdata         0xa0000040        0x8 Objects - Object Layer\ProgressBar.o
 .sdata         0xa0000048       0x10 Objects - Object Layer\TouchScreenResistive.o
                0xa0000048                adcX
                0xa000004a                adcY
                0xa000004c                adcX_Old
                0xa000004e                adcY_Old
                0xa0000050                _trA
                0xa0000052                _trB
                0xa0000054                _trC
                0xa0000056                _trD
 .sdata         0xa0000058        0x4 Objects - Object Layer\TouchScreen.o
 .sdata         0xa000005c        0x4 Objects - Object Layer\GDD_X_Event_Handler_LedCam.o
                0xa000005c                value
 .sdata         0xa0000060        0xc Objects - Object Layer\Main_LedCam.o
                0xa0000060                ptrLargeAsianFont
                0xa0000064                ptrSmallAsianFont
                0xa0000068                screenState
 .sdata         0xa000006c        0x4 c:/program files (x86)/microchip/mplabc32/v2.02/bin/../lib/gcc/pic32mx/4.5.1/../../../../pic32mx/lib/size\libc.a(_iob.o)
                0xa000006c                _Files
 .sdata         0xa0000070        0x4 c:/program files (x86)/microchip/mplabc32/v2.02/bin/../lib/gcc/pic32mx/4.5.1/../../../../pic32mx/lib/size\libc.a(c32_uart.o)
                0xa0000070                __C32_UART
                0xa0000074                _sdata_end = .

.lit8
 *(.lit8)

.lit4
 *(.lit4)
                0xa0000074                . = ALIGN (0x4)
                0xa0000074                _data_end = .
                0xa0000074                _bss_begin = .

.sbss           0xa0000074      0x250
                0xa0000074                _sbss_begin = .
 *(.dynsbss)
 *(.sbss .sbss.* .gnu.linkonce.sb.*)
 .sbss          0xa0000074       0x14 Objects - Object Layer\Button.o
 .sbss          0xa0000088       0x24 Objects - Object Layer\GOL.o
                0xa0000088                _pGolObjects
                0xa000008c                _pDefaultGolScheme
                0xa0000090                _pObjectFocused
                0xa0000094                _pRpnlBitmap
 .sbss          0xa00000ac        0xc Objects - Object Layer\Picture.o
 .sbss          0xa00000b8       0x50 Objects - Object Layer\Primitive.o
 .sbss          0xa0000108        0xc Objects - Object Layer\ProgressBar.o
 .sbss          0xa0000114       0x1c Objects - Object Layer\Slider.o
 .sbss          0xa0000130        0xc Objects - Object Layer\StaticText.o
 .sbss          0xa000013c       0x10 Objects - Object Layer\TouchScreenResistive.o
                0xa000013c                adcPot
                0xa0000140                state
 .sbss          0xa000014c        0x1 Objects - Object Layer\SSD1963.o
                0xa000014c                _gpioStatus
 *fill*         0xa000014d        0x3 00
 .sbss          0xa0000150        0xc Objects - Object Layer\TouchScreen.o
                0xa0000150                pCalDataRead
                0xa0000154                pCalDataWrite
                0xa0000158                pCalDataSectorErase
 .sbss          0xa000015c        0x2 Objects - Object Layer\GDD_Screens_LedCam.o
                0xa000015c                update
 *fill*         0xa000015e        0x2 00
 .sbss          0xa0000160        0xc Objects - Object Layer\GDD_X_Event_Handler_LedCam.o
 .sbss          0xa000016c       0x14 Objects - Object Layer\Main_LedCam.o
                0xa000016c                tick
                0xa0000170                prevState
                0xa0000174                prevRefreshState
                0xa0000178                List2Enable
                0xa000017a                refreshScreen
                0xa000017c                PulldownId
 .sbss          0xa0000180        0x4 Objects - Object Layer\dee_emulation_pic32.o
                0xa0000180                lowerAddress
 .sbss          0xa0000184        0x8 c:/program files (x86)/microchip/mplabc32/v2.02/bin/../lib/gcc/pic32mx/4.5.1/../../../../pic32mx/lib/size\libc.a(sbrk.o)
                0xa0000184                _minbrk
                0xa0000188                _maxbrk
 .sbss          0xa000018c        0x4 c:/program files (x86)/microchip/mplabc32/v2.02/bin/../lib/gcc/pic32mx/4.5.1/../../../../pic32mx/lib/size\libc.a(errno.o)
                0xa000018c                errno
 .sbss          0xa0000190        0x1 c:/program files (x86)/microchip/mplabc32/v2.02/bin/../lib/gcc/pic32mx/4.5.1/../../../../pic32mx/lib/size\libc.a(_iob.o)
                0xa0000190                _outdone
 *(.scommon)
 *fill*         0xa0000191        0x1 00
 .scommon       0xa0000192       0x12 Objects - Object Layer\GOL.o
                0xa0000192                _rpnlFaceColor
                0xa0000194                _rpnlEmbossLtColor
                0xa0000196                _rpnlX1
                0xa0000198                _rpnlEmbossDkColor
                0xa000019a                _rpnlR
                0xa000019c                _rpnlX2
                0xa000019e                _rpnlEmbossSize
                0xa00001a0                _rpnlY1
                0xa00001a2                _rpnlY2
 .scommon       0xa00001a4       0x14 Objects - Object Layer\Primitive.o
                0xa00001a4                _fontFirstChar
                0xa00001a6                _lineType
                0xa00001a8                _fontLastChar
                0xa00001aa                _cursorY
                0xa00001ac                _fontHeight
                0xa00001ae                _lineThickness
                0xa00001b0                _font
                0xa00001b4                _cursorX
                0xa00001b6                _fontOrientation
                0xa00001b7                _bevelDrawType
 .scommon       0xa00001b8        0x4 Objects - Object Layer\TouchScreenResistive.o
                0xa00001b8                TouchData
 .scommon       0xa00001bc       0x14 Objects - Object Layer\SSD1963.o
                0xa00001bc                _colorTransparent
                0xa00001be                _colorTransparentEnable
                0xa00001c0                _clipTop
                0xa00001c2                _clipBottom
                0xa00001c4                _activePage
                0xa00001c6                _color
                0xa00001c8                _visualPage
                0xa00001ca                _clipLeft
                0xa00001cc                _clipRgn
                0xa00001ce                _clipRight
 .scommon       0xa00001d0       0x44 Objects - Object Layer\Beep.o
                0xa00001d0                DRAW_obstruccion_NO
                0xa00001d2                adc2
                0xa00001d4                tick_x_seg
                0xa00001d6                stateADC
                0xa00001d8                Boton_Start_scheme
                0xa00001dc                DRAW_obstruccion_OK
                0xa00001dd                DRAW_cilindro_NO
                0xa00001de                DRAW_pressure_negativa_NO
                0xa00001e0                DEEaddr
                0xa00001e2                BEEPER2
                0xa00001e4                prevSCREEN
                0xa00001e5                estado_cilindro
                0xa00001e6                estado_alarma_1
                0xa00001e8                adc1
                0xa00001ea                pulseCounter
                0xa00001ec                Linea
                0xa00001ee                DRAW_sobre_pressure_NO
                0xa00001f0                time_activo_electrovalvula
                0xa00001f2                DRAW_sobre_pressure_OK
                0xa00001f3                DRAW_cilindro_OK
                0xa00001f4                DEEflag
                0xa00001f8                time_pest_flotante
                0xa00001fc                Pilot_scheme
                0xa0000200                DRAW_pressure_negativa_OK
                0xa0000201                UPDate_primitive
                0xa0000202                RingTone
                0xa0000204                currentGDDDemoScreenIndex
                0xa0000206                time_inactivo_electrovalvula
                0xa0000208                cont_alarma
                0xa000020a                flag_core_timer
                0xa000020c                cont_pressured
                0xa000020e                DRAW_Calefactor_OK
                0xa0000210                DEEdata
 .scommon       0xa0000214       0x24 Objects - Object Layer\GDD_Screens_LedCam.o
                0xa0000214                Flechas_Pilot_scheme2
                0xa0000218                defscheme
                0xa000021c                Check_Box_Scheme
                0xa0000220                Boton_Stop_scheme
                0xa0000224                Alarma_scheme
                0xa0000228                Digital_Meter_Scheme
                0xa000022c                Barra_Flot_Scheme
                0xa0000230                Pilot_Gradiente_Scheme
                0xa0000234                Flechas_Pilot_scheme
 .scommon       0xa0000238       0x14 Objects - Object Layer\GDD_X_Event_Handler_LedCam.o
                0xa0000238                horas
                0xa000023c                state_time_pressed
                0xa0000240                minutos
                0xa0000244                temp
                0xa0000248                segundos
 .scommon       0xa000024c       0x74 Objects - Object Layer\Main_LedCam.o
                0xa000024c                alt5Scheme
                0xa0000250                navScheme
                0xa0000254                pGenObj
                0xa0000258                redScheme
                0xa000025c                pPicture
                0xa0000260                yellowScheme
                0xa0000264                cont1
                0xa0000268                Pilot_Scheme_6_1
                0xa000026c                animate
                0xa000026e                pDwnLeft
                0xa0000270                DateItemID
                0xa0000274                alt2Scheme
                0xa0000278                meterScheme
                0xa000027c                pProgressBar
                0xa0000280                alt3Scheme
                0xa0000284                Pilot_Scheme_6_2
                0xa0000288                alt4Scheme
                0xa000028c                pSlider
                0xa0000290                pDwnBottom
                0xa0000294                Pilot_scheme_inicio
                0xa0000298                timeScheme
                0xa000029c                altScheme
                0xa00002a0                pDwnTop
                0xa00002a4                pNavList
                0xa00002a8                pListSaved
                0xa00002ac                pDwnRight
                0xa00002ae                flag_cont
                0xa00002b0                cont
                0xa00002b4                Pilot_Scheme_6_numeros
                0xa00002b8                cont2
                0xa00002bc                greenScheme
 .scommon       0xa00002c0        0x4 Objects - Object Layer\dee_emulation_pic32.o
                0xa00002c0                dataEEFlags
                0xa00002c4                _sbss_end = .

.bss            0xa00002c4      0x2c0
 *(.dynbss)
 *(COMMON)
 COMMON         0xa00002c4       0x10 Objects - Object Layer\GOL.o
                0xa00002c4                _gradientScheme
 COMMON         0xa00002d4      0x2ae Objects - Object Layer\Main_LedCam.o
                0xa00002d4                tempBuffer
                0xa00002e8                potBuffer
                0xa0000568                dateTimeStr
                0xa0000584                . = ALIGN (0x4)
 *fill*         0xa0000582        0x2 00
                0xa0000584                . = ALIGN (0x4)
                0xa0000584                _end = .
                0xa0000584                _bss_end = .
                0x00020000                _bmxdudba_address = 0x20000
                0x00020000                _bmxdupba_address = 0x20000

/DISCARD/
 *(.pdr)
 *(.reginfo)
 *(.rel.dyn)
 *(.note.GNU-stack)
 *(.note.GNU-stack)
 *(.gnu_debuglink)
 *(.gnu.lto_*)
 *(.discard)

.stab
 *(.stab)

.stabstr
 *(.stabstr)

.stab.excl
 *(.stab.excl)

.stab.exclstr
 *(.stab.exclstr)

.stab.index
 *(.stab.index)

.stab.indexstr
 *(.stab.indexstr)

.comment        0x00000000      0x190
 *(.comment)
 .comment       0x00000000       0x51 Objects - Object Layer\Window.o
                                 0x52 (size before relaxing)
 .comment       0x00000000       0x52 Objects - Object Layer\Button.o
 .comment       0x00000000       0x52 Objects - Object Layer\CheckBox.o
 .comment       0x00000000       0x52 Objects - Object Layer\EditBox.o
 .comment       0x00000000       0x52 Objects - Object Layer\GOL.o
 .comment       0x00000000       0x52 Objects - Object Layer\Grid.o
 .comment       0x00000000       0x52 Objects - Object Layer\GroupBox.o
 .comment       0x00000000       0x52 Objects - Object Layer\ListBox.o
 .comment       0x00000000       0x52 Objects - Object Layer\Meter.o
 .comment       0x00000000       0x52 Objects - Object Layer\Picture.o
 .comment       0x00000000       0x52 Objects - Object Layer\Primitive.o
 .comment       0x00000000       0x52 Objects - Object Layer\ProgressBar.o
 .comment       0x00000000       0x52 Objects - Object Layer\RadioButton.o
 .comment       0x00000000       0x52 Objects - Object Layer\RoundDial.o
 .comment       0x00000000       0x52 Objects - Object Layer\Slider.o
 .comment       0x00000000       0x52 Objects - Object Layer\StaticText.o
 .comment       0x00000000       0x52 Objects - Object Layer\TimeDelay.o
 .comment       0x00000000       0x52 Objects - Object Layer\Monofont.o
 .comment       0x00000000       0x52 Objects - Object Layer\DigitalMeter.o
 .comment       0x00000000       0x52 Objects - Object Layer\drv_spi.o
 .comment       0x00000000       0x52 Objects - Object Layer\TouchScreenResistive.o
 .comment       0x00000000       0x52 Objects - Object Layer\GOLSchemeDefault.o
 .comment       0x00000000       0x52 Objects - Object Layer\MCHP25LC256.o
 .comment       0x00000000       0x52 Objects - Object Layer\SSD1963.o
 .comment       0x00000000       0x52 Objects - Object Layer\TouchScreen.o
 .comment       0x00000000       0x52 Objects - Object Layer\Beep.o
 .comment       0x00000000       0x52 Objects - Object Layer\SST25VF016.o
 .comment       0x00000000       0x52 Objects - Object Layer\Font25PixelsHeight.o
 .comment       0x00000000       0x52 Objects - Object Layer\Font35PixelsHeight.o
 .comment       0x00000000       0x52 Objects - Object Layer\GOLFontDefault.o
 .comment       0x00000000       0x52 Objects - Object Layer\GOLSmallFont.o
 .comment       0x00000000       0x52 Objects - Object Layer\Gentium_72.o
 .comment       0x00000000       0x52 Objects - Object Layer\Gentium_16.o
 .comment       0x00000000       0x52 Objects - Object Layer\Gentium_200.o
 .comment       0x00000000       0x52 Objects - Object Layer\FontCALIST_36.o
 .comment       0x00000000       0x52 Objects - Object Layer\ADS7843.o
 .comment       0x00000000       0x52 Objects - Object Layer\Pictures C32.o
 .comment       0x00000000       0x52 Objects - Object Layer\Gentium_150.o
 .comment       0x00000000       0x52 Objects - Object Layer\GDD_Screens_LedCam.o
 .comment       0x00000000       0x52 Objects - Object Layer\GDD_X_Event_Handler_LedCam.o
 .comment       0x00000000       0x52 Objects - Object Layer\Main_LedCam.o
 .comment       0x00000000       0x52 Objects - Object Layer\dee_emulation_pic32.o
 .comment       0x00000000       0x52 c:/program files (x86)/microchip/mplabc32/v2.02/bin/../lib/gcc/pic32mx/4.5.1/../../../../pic32mx/lib/size\libc.a(malloc.o)
 .comment       0x00000000       0x52 c:/program files (x86)/microchip/mplabc32/v2.02/bin/../lib/gcc/pic32mx/4.5.1/../../../../pic32mx/lib/size\libc.a(sprintf_cdnopsuxX.eo)
 .comment       0x00000051       0x4b c:/program files (x86)/microchip/mplabc32/v2.02/bin/../lib/gcc/pic32mx/4.5.1/../../../../pic32mx/lib/size\libc.a(sbrk.o)
                                 0x9d (size before relaxing)
 .comment       0x00000000       0x52 c:/program files (x86)/microchip/mplabc32/v2.02/bin/../lib/gcc/pic32mx/4.5.1/../../../../pic32mx/lib/size\libc.a(default-general-exception-handler.o)
 .comment       0x00000000       0x52 c:/program files (x86)/microchip/mplabc32/v2.02/bin/../lib/gcc/pic32mx/4.5.1/../../../../pic32mx/lib/size\libc.a(default-bootstrap-exception-handler.o)
 .comment       0x00000000       0x52 c:/program files (x86)/microchip/mplabc32/v2.02/bin/../lib/gcc/pic32mx/4.5.1/../../../../pic32mx/lib/size\libc.a(default-on-reset.o)
 .comment       0x00000000       0x52 c:/program files (x86)/microchip/mplabc32/v2.02/bin/../lib/gcc/pic32mx/4.5.1/../../../../pic32mx/lib/size\libc.a(default-on-bootstrap.o)
 .comment       0x0000009c       0x55 c:/program files (x86)/microchip/mplabc32/v2.02/bin/../lib/gcc/pic32mx/4.5.1/../../../../pic32mx/lib/size\libc.a(memset.o)
                                 0x56 (size before relaxing)
 .comment       0x00000000       0x52 c:/program files (x86)/microchip/mplabc32/v2.02/bin/../lib/gcc/pic32mx/4.5.1/../../../../pic32mx/lib/size\libc.a(errno.o)
 .comment       0x00000000       0x52 c:/program files (x86)/microchip/mplabc32/v2.02/bin/../lib/gcc/pic32mx/4.5.1/../../../../pic32mx/lib/size\libc.a(doprnt_cdnopsuxX.eo)
 .comment       0x00000000       0x52 c:/program files (x86)/microchip/mplabc32/v2.02/bin/../lib/gcc/pic32mx/4.5.1/../../../../pic32mx/lib/size\libc.a(_fputc_simple.o)
 .comment       0x000000f1       0x4e c:/program files (x86)/microchip/mplabc32/v2.02/bin/../lib/gcc/pic32mx/4.5.1/../../../../pic32mx/lib/size\libc.a(ctype.o)
                                 0xa0 (size before relaxing)
 .comment       0x00000000       0x52 c:/program files (x86)/microchip/mplabc32/v2.02/bin/../lib/gcc/pic32mx/4.5.1/../../../../pic32mx/lib/size\libc.a(write.o)
 .comment       0x00000000       0x52 c:/program files (x86)/microchip/mplabc32/v2.02/bin/../lib/gcc/pic32mx/4.5.1/../../../../pic32mx/lib/size\libc.a(_iob.o)
 .comment       0x00000000       0x52 c:/program files (x86)/microchip/mplabc32/v2.02/bin/../lib/gcc/pic32mx/4.5.1/../../../../pic32mx/lib/size\libc.a(_flsbuf_simple.o)
 .comment       0x00000000       0x52 c:/program files (x86)/microchip/mplabc32/v2.02/bin/../lib/gcc/pic32mx/4.5.1/../../../../pic32mx/lib/size\libc.a(_mon_putc.o)
 .comment       0x00000000       0x52 c:/program files (x86)/microchip/mplabc32/v2.02/bin/../lib/gcc/pic32mx/4.5.1/../../../../pic32mx/lib/size\libc.a(c32_uart.o)
 .comment       0x0000013f       0x51 c:/program files (x86)/microchip/mplabc32/v2.02/bin/../lib/gcc/pic32mx/4.5.1/../../../../pic32mx/lib/size\libmchp_peripheral.a(open_core_timer_lib.o)
                                 0x52 (size before relaxing)
 .comment       0x00000000       0x52 c:/program files (x86)/microchip/mplabc32/v2.02/bin/../lib/gcc/pic32mx/4.5.1/../../../../pic32mx/lib/size\libmchp_peripheral.a(update_core_timer_lib.o)
 .comment       0x00000000       0x52 c:/program files (x86)/microchip/mplabc32/v2.02/bin/../lib/gcc/pic32mx/4.5.1/../../../../pic32mx/lib/size\libmchp_peripheral_32MX795F512L.a(pcache.o)
 .comment       0x00000000       0x52 c:/program files (x86)/microchip/mplabc32/v2.02/bin/../lib/gcc/pic32mx/4.5.1/../../../../pic32mx/lib/size\libmchp_peripheral_32MX795F512L.a(int_enable_interrupts_lib.o)
 .comment       0x00000000       0x52 c:/program files (x86)/microchip/mplabc32/v2.02/bin/../lib/gcc/pic32mx/4.5.1/../../../../pic32mx/lib/size\libmchp_peripheral_32MX795F512L.a(int_disable_interrupts_lib.o)
 .comment       0x00000000       0x52 c:/program files (x86)/microchip/mplabc32/v2.02/bin/../lib/gcc/pic32mx/4.5.1/../../../../pic32mx/lib/size\libmchp_peripheral_32MX795F512L.a(int_restore_interrupts_lib.o)
 .comment       0x00000000       0x52 c:/program files (x86)/microchip/mplabc32/v2.02/bin/../lib/gcc/pic32mx/4.5.1/../../../../pic32mx/lib/size\libmchp_peripheral_32MX795F512L.a(int_enable_mv_int_lib.o)
 .comment       0x00000000       0x52 c:/program files (x86)/microchip/mplabc32/v2.02/bin/../lib/gcc/pic32mx/4.5.1/../../../../pic32mx/lib/size\libmchp_peripheral_32MX795F512L.a(nvm_erase_page_lib.o)
 .comment       0x00000000       0x52 c:/program files (x86)/microchip/mplabc32/v2.02/bin/../lib/gcc/pic32mx/4.5.1/../../../../pic32mx/lib/size\libmchp_peripheral_32MX795F512L.a(nvm_operation_lib.o)
 .comment       0x00000000       0x52 c:/program files (x86)/microchip/mplabc32/v2.02/bin/../lib/gcc/pic32mx/4.5.1/../../../../pic32mx/lib/size\libmchp_peripheral_32MX795F512L.a(nvm_write_word_lib.o)
 .comment       0x00000000       0x52 c:/program files (x86)/microchip/mplabc32/v2.02/bin/../lib/gcc/pic32mx/4.5.1/size\libgcc.a(_lshrdi3.o)
 .comment       0x00000000       0x52 c:/program files (x86)/microchip/mplabc32/v2.02/bin/../lib/gcc/pic32mx/4.5.1/size\libgcc.a(_udivdi3.o)
 .comment       0x00000000       0x52 c:/program files (x86)/microchip/mplabc32/v2.02/bin/../lib/gcc/pic32mx/4.5.1/size\libgcc.a(_umoddi3.o)

.debug
 *(.debug)

.line
 *(.line)

.debug_srcinfo
 *(.debug_srcinfo)

.debug_sfnames
 *(.debug_sfnames)

.debug_aranges  0x00000000      0x5b8
 *(.debug_aranges)
 .debug_aranges
                0x00000000       0x20 Objects - Object Layer\Button.o
 .debug_aranges
                0x00000020       0x20 Objects - Object Layer\GOL.o
 .debug_aranges
                0x00000040       0x20 Objects - Object Layer\Picture.o
 .debug_aranges
                0x00000060       0x20 Objects - Object Layer\Primitive.o
 .debug_aranges
                0x00000080       0x20 Objects - Object Layer\ProgressBar.o
 .debug_aranges
                0x000000a0       0x20 Objects - Object Layer\Slider.o
 .debug_aranges
                0x000000c0       0x20 Objects - Object Layer\StaticText.o
 .debug_aranges
                0x000000e0       0x20 Objects - Object Layer\TimeDelay.o
 .debug_aranges
                0x00000100       0x20 Objects - Object Layer\drv_spi.o
 .debug_aranges
                0x00000120       0x20 Objects - Object Layer\TouchScreenResistive.o
 .debug_aranges
                0x00000140       0x20 Objects - Object Layer\SSD1963.o
 .debug_aranges
                0x00000160       0x20 Objects - Object Layer\TouchScreen.o
 .debug_aranges
                0x00000180       0x20 Objects - Object Layer\Beep.o
 .debug_aranges
                0x000001a0       0x20 Objects - Object Layer\SST25VF016.o
 .debug_aranges
                0x000001c0       0x20 Objects - Object Layer\ADS7843.o
 .debug_aranges
                0x000001e0       0x20 Objects - Object Layer\GDD_Screens_LedCam.o
 .debug_aranges
                0x00000200       0x20 Objects - Object Layer\GDD_X_Event_Handler_LedCam.o
 .debug_aranges
                0x00000220       0x20 Objects - Object Layer\Main_LedCam.o
 .debug_aranges
                0x00000240       0x20 Objects - Object Layer\dee_emulation_pic32.o
 .debug_aranges
                0x00000260       0x30 c:/program files (x86)/microchip/mplabc32/v2.02/bin/../lib/gcc/pic32mx/4.5.1/../../../../pic32mx/lib/size\libc.a(malloc.o)
 .debug_aranges
                0x00000290       0x20 c:/program files (x86)/microchip/mplabc32/v2.02/bin/../lib/gcc/pic32mx/4.5.1/../../../../pic32mx/lib/size\libc.a(sprintf_cdnopsuxX.eo)
 .debug_aranges
                0x000002b0       0x40 c:/program files (x86)/microchip/mplabc32/v2.02/bin/../lib/gcc/pic32mx/4.5.1/../../../../pic32mx/lib/size\libc.a(sbrk.o)
 .debug_aranges
                0x000002f0       0x20 c:/program files (x86)/microchip/mplabc32/v2.02/bin/../lib/gcc/pic32mx/4.5.1/../../../../pic32mx/lib/size\libc.a(default-general-exception-handler.o)
 .debug_aranges
                0x00000310       0x20 c:/program files (x86)/microchip/mplabc32/v2.02/bin/../lib/gcc/pic32mx/4.5.1/../../../../pic32mx/lib/size\libc.a(default-bootstrap-exception-handler.o)
 .debug_aranges
                0x00000330       0x20 c:/program files (x86)/microchip/mplabc32/v2.02/bin/../lib/gcc/pic32mx/4.5.1/../../../../pic32mx/lib/size\libc.a(default-on-reset.o)
 .debug_aranges
                0x00000350       0x20 c:/program files (x86)/microchip/mplabc32/v2.02/bin/../lib/gcc/pic32mx/4.5.1/../../../../pic32mx/lib/size\libc.a(default-on-bootstrap.o)
 .debug_aranges
                0x00000370       0x20 c:/program files (x86)/microchip/mplabc32/v2.02/bin/../lib/gcc/pic32mx/4.5.1/../../../../pic32mx/lib/size\libc.a(doprnt_cdnopsuxX.eo)
 .debug_aranges
                0x00000390       0x20 c:/program files (x86)/microchip/mplabc32/v2.02/bin/../lib/gcc/pic32mx/4.5.1/../../../../pic32mx/lib/size\libc.a(_fputc_simple.o)
 .debug_aranges
                0x000003b0       0x20 c:/program files (x86)/microchip/mplabc32/v2.02/bin/../lib/gcc/pic32mx/4.5.1/../../../../pic32mx/lib/size\libc.a(write.o)
 .debug_aranges
                0x000003d0       0x20 c:/program files (x86)/microchip/mplabc32/v2.02/bin/../lib/gcc/pic32mx/4.5.1/../../../../pic32mx/lib/size\libc.a(_flsbuf_simple.o)
 .debug_aranges
                0x000003f0       0x20 c:/program files (x86)/microchip/mplabc32/v2.02/bin/../lib/gcc/pic32mx/4.5.1/../../../../pic32mx/lib/size\libc.a(_mon_putc.o)
 .debug_aranges
                0x00000410       0x20 c:/program files (x86)/microchip/mplabc32/v2.02/bin/../lib/gcc/pic32mx/4.5.1/../../../../pic32mx/lib/size\libmchp_peripheral.a(open_core_timer_lib.o)
 .debug_aranges
                0x00000430       0x20 c:/program files (x86)/microchip/mplabc32/v2.02/bin/../lib/gcc/pic32mx/4.5.1/../../../../pic32mx/lib/size\libmchp_peripheral.a(update_core_timer_lib.o)
 .debug_aranges
                0x00000450       0x28 c:/program files (x86)/microchip/mplabc32/v2.02/bin/../lib/gcc/pic32mx/4.5.1/../../../../pic32mx/lib/size\libmchp_peripheral_32MX795F512L.a(pcache.o)
 .debug_aranges
                0x00000478       0x20 c:/program files (x86)/microchip/mplabc32/v2.02/bin/../lib/gcc/pic32mx/4.5.1/../../../../pic32mx/lib/size\libmchp_peripheral_32MX795F512L.a(int_enable_interrupts_lib.o)
 .debug_aranges
                0x00000498       0x20 c:/program files (x86)/microchip/mplabc32/v2.02/bin/../lib/gcc/pic32mx/4.5.1/../../../../pic32mx/lib/size\libmchp_peripheral_32MX795F512L.a(int_disable_interrupts_lib.o)
 .debug_aranges
                0x000004b8       0x20 c:/program files (x86)/microchip/mplabc32/v2.02/bin/../lib/gcc/pic32mx/4.5.1/../../../../pic32mx/lib/size\libmchp_peripheral_32MX795F512L.a(int_restore_interrupts_lib.o)
 .debug_aranges
                0x000004d8       0x20 c:/program files (x86)/microchip/mplabc32/v2.02/bin/../lib/gcc/pic32mx/4.5.1/../../../../pic32mx/lib/size\libmchp_peripheral_32MX795F512L.a(int_enable_mv_int_lib.o)
 .debug_aranges
                0x000004f8       0x20 c:/program files (x86)/microchip/mplabc32/v2.02/bin/../lib/gcc/pic32mx/4.5.1/../../../../pic32mx/lib/size\libmchp_peripheral_32MX795F512L.a(nvm_erase_page_lib.o)
 .debug_aranges
                0x00000518       0x20 c:/program files (x86)/microchip/mplabc32/v2.02/bin/../lib/gcc/pic32mx/4.5.1/../../../../pic32mx/lib/size\libmchp_peripheral_32MX795F512L.a(nvm_operation_lib.o)
 .debug_aranges
                0x00000538       0x20 c:/program files (x86)/microchip/mplabc32/v2.02/bin/../lib/gcc/pic32mx/4.5.1/../../../../pic32mx/lib/size\libmchp_peripheral_32MX795F512L.a(nvm_write_word_lib.o)
 .debug_aranges
                0x00000558       0x20 c:/program files (x86)/microchip/mplabc32/v2.02/bin/../lib/gcc/pic32mx/4.5.1/size\libgcc.a(_lshrdi3.o)
 .debug_aranges
                0x00000578       0x20 c:/program files (x86)/microchip/mplabc32/v2.02/bin/../lib/gcc/pic32mx/4.5.1/size\libgcc.a(_udivdi3.o)
 .debug_aranges
                0x00000598       0x20 c:/program files (x86)/microchip/mplabc32/v2.02/bin/../lib/gcc/pic32mx/4.5.1/size\libgcc.a(_umoddi3.o)

.debug_pubnames
                0x00000000     0x2884
 *(.debug_pubnames)
 .debug_pubnames
                0x00000000       0x8f Objects - Object Layer\Button.o
 .debug_pubnames
                0x0000008f      0x1d5 Objects - Object Layer\GOL.o
 .debug_pubnames
                0x00000264       0x43 Objects - Object Layer\Picture.o
 .debug_pubnames
                0x000002a7      0x255 Objects - Object Layer\Primitive.o
 .debug_pubnames
                0x000004fc       0x6c Objects - Object Layer\ProgressBar.o
 .debug_pubnames
                0x00000568       0xc8 Objects - Object Layer\Slider.o
 .debug_pubnames
                0x00000630       0x4b Objects - Object Layer\StaticText.o
 .debug_pubnames
                0x0000067b       0x2c Objects - Object Layer\TimeDelay.o
 .debug_pubnames
                0x000006a7       0x2a Objects - Object Layer\Monofont.o
 .debug_pubnames
                0x000006d1       0x59 Objects - Object Layer\drv_spi.o
 .debug_pubnames
                0x0000072a      0x173 Objects - Object Layer\TouchScreenResistive.o
 .debug_pubnames
                0x0000089d       0x27 Objects - Object Layer\GOLSchemeDefault.o
 .debug_pubnames
                0x000008c4      0x21d Objects - Object Layer\SSD1963.o
 .debug_pubnames
                0x00000ae1       0x9d Objects - Object Layer\TouchScreen.o
 .debug_pubnames
                0x00000b7e      0x2a8 Objects - Object Layer\Beep.o
 .debug_pubnames
                0x00000e26      0x101 Objects - Object Layer\SST25VF016.o
 .debug_pubnames
                0x00000f27       0x28 Objects - Object Layer\Font25PixelsHeight.o
 .debug_pubnames
                0x00000f4f       0x27 Objects - Object Layer\Font35PixelsHeight.o
 .debug_pubnames
                0x00000f76       0x3a Objects - Object Layer\GOLFontDefault.o
 .debug_pubnames
                0x00000fb0       0x2e Objects - Object Layer\GOLSmallFont.o
 .debug_pubnames
                0x00000fde       0x32 Objects - Object Layer\Gentium_72.o
 .debug_pubnames
                0x00001010       0x32 Objects - Object Layer\Gentium_16.o
 .debug_pubnames
                0x00001042       0x34 Objects - Object Layer\Gentium_200.o
 .debug_pubnames
                0x00001076       0x30 Objects - Object Layer\FontCALIST_36.o
 .debug_pubnames
                0x000010a6       0x54 Objects - Object Layer\ADS7843.o
 .debug_pubnames
                0x000010fa      0x1f2 Objects - Object Layer\Pictures C32.o
 .debug_pubnames
                0x000012ec       0x34 Objects - Object Layer\Gentium_150.o
 .debug_pubnames
                0x00001320      0x6e5 Objects - Object Layer\GDD_Screens_LedCam.o
 .debug_pubnames
                0x00001a05      0x3c3 Objects - Object Layer\GDD_X_Event_Handler_LedCam.o
 .debug_pubnames
                0x00001dc8      0x5ba Objects - Object Layer\Main_LedCam.o
 .debug_pubnames
                0x00002382       0xfe Objects - Object Layer\dee_emulation_pic32.o
 .debug_pubnames
                0x00002480       0x32 c:/program files (x86)/microchip/mplabc32/v2.02/bin/../lib/gcc/pic32mx/4.5.1/../../../../pic32mx/lib/size\libc.a(malloc.o)
 .debug_pubnames
                0x000024b2       0x29 c:/program files (x86)/microchip/mplabc32/v2.02/bin/../lib/gcc/pic32mx/4.5.1/../../../../pic32mx/lib/size\libc.a(sprintf_cdnopsuxX.eo)
 .debug_pubnames
                0x000024db       0x5c c:/program files (x86)/microchip/mplabc32/v2.02/bin/../lib/gcc/pic32mx/4.5.1/../../../../pic32mx/lib/size\libc.a(sbrk.o)
 .debug_pubnames
                0x00002537       0x31 c:/program files (x86)/microchip/mplabc32/v2.02/bin/../lib/gcc/pic32mx/4.5.1/../../../../pic32mx/lib/size\libc.a(default-general-exception-handler.o)
 .debug_pubnames
                0x00002568       0x33 c:/program files (x86)/microchip/mplabc32/v2.02/bin/../lib/gcc/pic32mx/4.5.1/../../../../pic32mx/lib/size\libc.a(default-bootstrap-exception-handler.o)
 .debug_pubnames
                0x0000259b       0x20 c:/program files (x86)/microchip/mplabc32/v2.02/bin/../lib/gcc/pic32mx/4.5.1/../../../../pic32mx/lib/size\libc.a(default-on-reset.o)
 .debug_pubnames
                0x000025bb       0x24 c:/program files (x86)/microchip/mplabc32/v2.02/bin/../lib/gcc/pic32mx/4.5.1/../../../../pic32mx/lib/size\libc.a(default-on-bootstrap.o)
 .debug_pubnames
                0x000025df       0x2a c:/program files (x86)/microchip/mplabc32/v2.02/bin/../lib/gcc/pic32mx/4.5.1/../../../../pic32mx/lib/size\libc.a(doprnt_cdnopsuxX.eo)
 .debug_pubnames
                0x00002609       0x1c c:/program files (x86)/microchip/mplabc32/v2.02/bin/../lib/gcc/pic32mx/4.5.1/../../../../pic32mx/lib/size\libc.a(_fputc_simple.o)
 .debug_pubnames
                0x00002625       0x1c c:/program files (x86)/microchip/mplabc32/v2.02/bin/../lib/gcc/pic32mx/4.5.1/../../../../pic32mx/lib/size\libc.a(write.o)
 .debug_pubnames
                0x00002641       0x1e c:/program files (x86)/microchip/mplabc32/v2.02/bin/../lib/gcc/pic32mx/4.5.1/../../../../pic32mx/lib/size\libc.a(_flsbuf_simple.o)
 .debug_pubnames
                0x0000265f       0x20 c:/program files (x86)/microchip/mplabc32/v2.02/bin/../lib/gcc/pic32mx/4.5.1/../../../../pic32mx/lib/size\libc.a(_mon_putc.o)
 .debug_pubnames
                0x0000267f       0x24 c:/program files (x86)/microchip/mplabc32/v2.02/bin/../lib/gcc/pic32mx/4.5.1/../../../../pic32mx/lib/size\libmchp_peripheral.a(open_core_timer_lib.o)
 .debug_pubnames
                0x000026a3       0x26 c:/program files (x86)/microchip/mplabc32/v2.02/bin/../lib/gcc/pic32mx/4.5.1/../../../../pic32mx/lib/size\libmchp_peripheral.a(update_core_timer_lib.o)
 .debug_pubnames
                0x000026c9       0x3b c:/program files (x86)/microchip/mplabc32/v2.02/bin/../lib/gcc/pic32mx/4.5.1/../../../../pic32mx/lib/size\libmchp_peripheral_32MX795F512L.a(pcache.o)
 .debug_pubnames
                0x00002704       0x2a c:/program files (x86)/microchip/mplabc32/v2.02/bin/../lib/gcc/pic32mx/4.5.1/../../../../pic32mx/lib/size\libmchp_peripheral_32MX795F512L.a(int_enable_interrupts_lib.o)
 .debug_pubnames
                0x0000272e       0x2b c:/program files (x86)/microchip/mplabc32/v2.02/bin/../lib/gcc/pic32mx/4.5.1/../../../../pic32mx/lib/size\libmchp_peripheral_32MX795F512L.a(int_disable_interrupts_lib.o)
 .debug_pubnames
                0x00002759       0x2b c:/program files (x86)/microchip/mplabc32/v2.02/bin/../lib/gcc/pic32mx/4.5.1/../../../../pic32mx/lib/size\libmchp_peripheral_32MX795F512L.a(int_restore_interrupts_lib.o)
 .debug_pubnames
                0x00002784       0x36 c:/program files (x86)/microchip/mplabc32/v2.02/bin/../lib/gcc/pic32mx/4.5.1/../../../../pic32mx/lib/size\libmchp_peripheral_32MX795F512L.a(int_enable_mv_int_lib.o)
 .debug_pubnames
                0x000027ba       0x23 c:/program files (x86)/microchip/mplabc32/v2.02/bin/../lib/gcc/pic32mx/4.5.1/../../../../pic32mx/lib/size\libmchp_peripheral_32MX795F512L.a(nvm_erase_page_lib.o)
 .debug_pubnames
                0x000027dd       0x24 c:/program files (x86)/microchip/mplabc32/v2.02/bin/../lib/gcc/pic32mx/4.5.1/../../../../pic32mx/lib/size\libmchp_peripheral_32MX795F512L.a(nvm_operation_lib.o)
 .debug_pubnames
                0x00002801       0x23 c:/program files (x86)/microchip/mplabc32/v2.02/bin/../lib/gcc/pic32mx/4.5.1/../../../../pic32mx/lib/size\libmchp_peripheral_32MX795F512L.a(nvm_write_word_lib.o)
 .debug_pubnames
                0x00002824       0x20 c:/program files (x86)/microchip/mplabc32/v2.02/bin/../lib/gcc/pic32mx/4.5.1/size\libgcc.a(_lshrdi3.o)
 .debug_pubnames
                0x00002844       0x20 c:/program files (x86)/microchip/mplabc32/v2.02/bin/../lib/gcc/pic32mx/4.5.1/size\libgcc.a(_udivdi3.o)
 .debug_pubnames
                0x00002864       0x20 c:/program files (x86)/microchip/mplabc32/v2.02/bin/../lib/gcc/pic32mx/4.5.1/size\libgcc.a(_umoddi3.o)

.debug_info     0x00000000    0x42285
 *(.debug_info .gnu.linkonce.wi.*)
 .debug_info    0x00000000     0x11b4 Objects - Object Layer\Window.o
 .debug_info    0x000011b4     0x23b5 Objects - Object Layer\Button.o
 .debug_info    0x00003569     0x11b6 Objects - Object Layer\CheckBox.o
 .debug_info    0x0000471f     0x11b5 Objects - Object Layer\EditBox.o
 .debug_info    0x000058d4     0x2251 Objects - Object Layer\GOL.o
 .debug_info    0x00007b25     0x11b2 Objects - Object Layer\Grid.o
 .debug_info    0x00008cd7     0x11b6 Objects - Object Layer\GroupBox.o
 .debug_info    0x00009e8d     0x11b5 Objects - Object Layer\ListBox.o
 .debug_info    0x0000b042     0x11b3 Objects - Object Layer\Meter.o
 .debug_info    0x0000c1f5     0x1dda Objects - Object Layer\Picture.o
 .debug_info    0x0000dfcf     0x3317 Objects - Object Layer\Primitive.o
 .debug_info    0x000112e6     0x1fd8 Objects - Object Layer\ProgressBar.o
 .debug_info    0x000132be     0x11b9 Objects - Object Layer\RadioButton.o
 .debug_info    0x00014477     0x11b7 Objects - Object Layer\RoundDial.o
 .debug_info    0x0001562e     0x2a19 Objects - Object Layer\Slider.o
 .debug_info    0x00018047     0x1e7e Objects - Object Layer\StaticText.o
 .debug_info    0x00019ec5     0x128f Objects - Object Layer\TimeDelay.o
 .debug_info    0x0001b154     0x1229 Objects - Object Layer\Monofont.o
 .debug_info    0x0001c37d     0x11ba Objects - Object Layer\DigitalMeter.o
 .debug_info    0x0001d537     0x177d Objects - Object Layer\drv_spi.o
 .debug_info    0x0001ecb4     0x1f28 Objects - Object Layer\TouchScreenResistive.o
 .debug_info    0x00020bdc      0x52f Objects - Object Layer\GOLSchemeDefault.o
 .debug_info    0x0002110b     0x11bc Objects - Object Layer\MCHP25LC256.o
 .debug_info    0x000222c7     0x285d Objects - Object Layer\SSD1963.o
 .debug_info    0x00024b24     0x18ce Objects - Object Layer\TouchScreen.o
 .debug_info    0x000263f2     0x1c04 Objects - Object Layer\Beep.o
 .debug_info    0x00027ff6     0x1c64 Objects - Object Layer\SST25VF016.o
 .debug_info    0x00029c5a      0x19f Objects - Object Layer\Font25PixelsHeight.o
 .debug_info    0x00029df9      0x19d Objects - Object Layer\Font35PixelsHeight.o
 .debug_info    0x00029f96      0x34b Objects - Object Layer\GOLFontDefault.o
 .debug_info    0x0002a2e1     0x129f Objects - Object Layer\GOLSmallFont.o
 .debug_info    0x0002b580     0x12e3 Objects - Object Layer\Gentium_72.o
 .debug_info    0x0002c863     0x12e3 Objects - Object Layer\Gentium_16.o
 .debug_info    0x0002db46     0x12e5 Objects - Object Layer\Gentium_200.o
 .debug_info    0x0002ee2b     0x12e5 Objects - Object Layer\FontCALIST_36.o
 .debug_info    0x00030110     0x1804 Objects - Object Layer\ADS7843.o
 .debug_info    0x00031914     0x1785 Objects - Object Layer\Pictures C32.o
 .debug_info    0x00033099     0x12e5 Objects - Object Layer\Gentium_150.o
 .debug_info    0x0003437e     0x2aef Objects - Object Layer\GDD_Screens_LedCam.o
 .debug_info    0x00036e6d     0x3649 Objects - Object Layer\GDD_X_Event_Handler_LedCam.o
 .debug_info    0x0003a4b6     0x3d77 Objects - Object Layer\Main_LedCam.o
 .debug_info    0x0003e22d     0x1aa5 Objects - Object Layer\dee_emulation_pic32.o
 .debug_info    0x0003fcd2       0xfa c:/program files (x86)/microchip/mplabc32/v2.02/bin/../lib/gcc/pic32mx/4.5.1/../../../../pic32mx/lib/size\libc.a(malloc.o)
 .debug_info    0x0003fdcc       0xe9 c:/program files (x86)/microchip/mplabc32/v2.02/bin/../lib/gcc/pic32mx/4.5.1/../../../../pic32mx/lib/size\libc.a(sprintf_cdnopsuxX.eo)
 .debug_info    0x0003feb5      0x139 c:/program files (x86)/microchip/mplabc32/v2.02/bin/../lib/gcc/pic32mx/4.5.1/../../../../pic32mx/lib/size\libc.a(sbrk.o)
 .debug_info    0x0003ffee      0x102 c:/program files (x86)/microchip/mplabc32/v2.02/bin/../lib/gcc/pic32mx/4.5.1/../../../../pic32mx/lib/size\libc.a(default-general-exception-handler.o)
 .debug_info    0x000400f0      0x106 c:/program files (x86)/microchip/mplabc32/v2.02/bin/../lib/gcc/pic32mx/4.5.1/../../../../pic32mx/lib/size\libc.a(default-bootstrap-exception-handler.o)
 .debug_info    0x000401f6       0xe0 c:/program files (x86)/microchip/mplabc32/v2.02/bin/../lib/gcc/pic32mx/4.5.1/../../../../pic32mx/lib/size\libc.a(default-on-reset.o)
 .debug_info    0x000402d6       0xe8 c:/program files (x86)/microchip/mplabc32/v2.02/bin/../lib/gcc/pic32mx/4.5.1/../../../../pic32mx/lib/size\libc.a(default-on-bootstrap.o)
 .debug_info    0x000403be        0x0 c:/program files (x86)/microchip/mplabc32/v2.02/bin/../lib/gcc/pic32mx/4.5.1/../../../../pic32mx/lib/size\libc.a(errno.o)
 .debug_info    0x000403be       0xea c:/program files (x86)/microchip/mplabc32/v2.02/bin/../lib/gcc/pic32mx/4.5.1/../../../../pic32mx/lib/size\libc.a(doprnt_cdnopsuxX.eo)
 .debug_info    0x000404a8       0xda c:/program files (x86)/microchip/mplabc32/v2.02/bin/../lib/gcc/pic32mx/4.5.1/../../../../pic32mx/lib/size\libc.a(_fputc_simple.o)
 .debug_info    0x00040582        0x0 c:/program files (x86)/microchip/mplabc32/v2.02/bin/../lib/gcc/pic32mx/4.5.1/../../../../pic32mx/lib/size\libc.a(ctype.o)
 .debug_info    0x00040582       0xd1 c:/program files (x86)/microchip/mplabc32/v2.02/bin/../lib/gcc/pic32mx/4.5.1/../../../../pic32mx/lib/size\libc.a(write.o)
 .debug_info    0x00040653        0x0 c:/program files (x86)/microchip/mplabc32/v2.02/bin/../lib/gcc/pic32mx/4.5.1/../../../../pic32mx/lib/size\libc.a(_iob.o)
 .debug_info    0x00040653       0xdd c:/program files (x86)/microchip/mplabc32/v2.02/bin/../lib/gcc/pic32mx/4.5.1/../../../../pic32mx/lib/size\libc.a(_flsbuf_simple.o)
 .debug_info    0x00040730       0xd9 c:/program files (x86)/microchip/mplabc32/v2.02/bin/../lib/gcc/pic32mx/4.5.1/../../../../pic32mx/lib/size\libc.a(_mon_putc.o)
 .debug_info    0x00040809        0x0 c:/program files (x86)/microchip/mplabc32/v2.02/bin/../lib/gcc/pic32mx/4.5.1/../../../../pic32mx/lib/size\libc.a(c32_uart.o)
 .debug_info    0x00040809       0xbf c:/program files (x86)/microchip/mplabc32/v2.02/bin/../lib/gcc/pic32mx/4.5.1/../../../../pic32mx/lib/size\libmchp_peripheral.a(open_core_timer_lib.o)
 .debug_info    0x000408c8       0xc3 c:/program files (x86)/microchip/mplabc32/v2.02/bin/../lib/gcc/pic32mx/4.5.1/../../../../pic32mx/lib/size\libmchp_peripheral.a(update_core_timer_lib.o)
 .debug_info    0x0004098b       0xd4 c:/program files (x86)/microchip/mplabc32/v2.02/bin/../lib/gcc/pic32mx/4.5.1/../../../../pic32mx/lib/size\libmchp_peripheral_32MX795F512L.a(pcache.o)
 .debug_info    0x00040a5f       0xc9 c:/program files (x86)/microchip/mplabc32/v2.02/bin/../lib/gcc/pic32mx/4.5.1/../../../../pic32mx/lib/size\libmchp_peripheral_32MX795F512L.a(int_enable_interrupts_lib.o)
 .debug_info    0x00040b28       0xcb c:/program files (x86)/microchip/mplabc32/v2.02/bin/../lib/gcc/pic32mx/4.5.1/../../../../pic32mx/lib/size\libmchp_peripheral_32MX795F512L.a(int_disable_interrupts_lib.o)
 .debug_info    0x00040bf3       0xcb c:/program files (x86)/microchip/mplabc32/v2.02/bin/../lib/gcc/pic32mx/4.5.1/../../../../pic32mx/lib/size\libmchp_peripheral_32MX795F512L.a(int_restore_interrupts_lib.o)
 .debug_info    0x00040cbe       0xd1 c:/program files (x86)/microchip/mplabc32/v2.02/bin/../lib/gcc/pic32mx/4.5.1/../../../../pic32mx/lib/size\libmchp_peripheral_32MX795F512L.a(int_enable_mv_int_lib.o)
 .debug_info    0x00040d8f       0xbb c:/program files (x86)/microchip/mplabc32/v2.02/bin/../lib/gcc/pic32mx/4.5.1/../../../../pic32mx/lib/size\libmchp_peripheral_32MX795F512L.a(nvm_erase_page_lib.o)
 .debug_info    0x00040e4a       0xdc c:/program files (x86)/microchip/mplabc32/v2.02/bin/../lib/gcc/pic32mx/4.5.1/../../../../pic32mx/lib/size\libmchp_peripheral_32MX795F512L.a(nvm_operation_lib.o)
 .debug_info    0x00040f26       0xbb c:/program files (x86)/microchip/mplabc32/v2.02/bin/../lib/gcc/pic32mx/4.5.1/../../../../pic32mx/lib/size\libmchp_peripheral_32MX795F512L.a(nvm_write_word_lib.o)
 .debug_info    0x00040fe1      0x351 c:/program files (x86)/microchip/mplabc32/v2.02/bin/../lib/gcc/pic32mx/4.5.1/size\libgcc.a(_lshrdi3.o)
 .debug_info    0x00041332      0x78b c:/program files (x86)/microchip/mplabc32/v2.02/bin/../lib/gcc/pic32mx/4.5.1/size\libgcc.a(_udivdi3.o)
 .debug_info    0x00041abd      0x7c8 c:/program files (x86)/microchip/mplabc32/v2.02/bin/../lib/gcc/pic32mx/4.5.1/size\libgcc.a(_umoddi3.o)

.debug_abbrev   0x00000000     0x58be
 *(.debug_abbrev)
 .debug_abbrev  0x00000000      0x166 Objects - Object Layer\Window.o
 .debug_abbrev  0x00000166      0x34c Objects - Object Layer\Button.o
 .debug_abbrev  0x000004b2      0x166 Objects - Object Layer\CheckBox.o
 .debug_abbrev  0x00000618      0x166 Objects - Object Layer\EditBox.o
 .debug_abbrev  0x0000077e      0x308 Objects - Object Layer\GOL.o
 .debug_abbrev  0x00000a86      0x166 Objects - Object Layer\Grid.o
 .debug_abbrev  0x00000bec      0x166 Objects - Object Layer\GroupBox.o
 .debug_abbrev  0x00000d52      0x166 Objects - Object Layer\ListBox.o
 .debug_abbrev  0x00000eb8      0x166 Objects - Object Layer\Meter.o
 .debug_abbrev  0x0000101e      0x20f Objects - Object Layer\Picture.o
 .debug_abbrev  0x0000122d      0x36a Objects - Object Layer\Primitive.o
 .debug_abbrev  0x00001597      0x22f Objects - Object Layer\ProgressBar.o
 .debug_abbrev  0x000017c6      0x166 Objects - Object Layer\RadioButton.o
 .debug_abbrev  0x0000192c      0x166 Objects - Object Layer\RoundDial.o
 .debug_abbrev  0x00001a92      0x3a1 Objects - Object Layer\Slider.o
 .debug_abbrev  0x00001e33      0x252 Objects - Object Layer\StaticText.o
 .debug_abbrev  0x00002085      0x19b Objects - Object Layer\TimeDelay.o
 .debug_abbrev  0x00002220      0x180 Objects - Object Layer\Monofont.o
 .debug_abbrev  0x000023a0      0x166 Objects - Object Layer\DigitalMeter.o
 .debug_abbrev  0x00002506      0x247 Objects - Object Layer\drv_spi.o
 .debug_abbrev  0x0000274d      0x30a Objects - Object Layer\TouchScreenResistive.o
 .debug_abbrev  0x00002a57       0xcd Objects - Object Layer\GOLSchemeDefault.o
 .debug_abbrev  0x00002b24      0x166 Objects - Object Layer\MCHP25LC256.o
 .debug_abbrev  0x00002c8a      0x2ae Objects - Object Layer\SSD1963.o
 .debug_abbrev  0x00002f38      0x240 Objects - Object Layer\TouchScreen.o
 .debug_abbrev  0x00003178      0x1dd Objects - Object Layer\Beep.o
 .debug_abbrev  0x00003355      0x27e Objects - Object Layer\SST25VF016.o
 .debug_abbrev  0x000035d3       0x7f Objects - Object Layer\Font25PixelsHeight.o
 .debug_abbrev  0x00003652       0x7f Objects - Object Layer\Font35PixelsHeight.o
 .debug_abbrev  0x000036d1       0xc0 Objects - Object Layer\GOLFontDefault.o
 .debug_abbrev  0x00003791      0x180 Objects - Object Layer\GOLSmallFont.o
 .debug_abbrev  0x00003911      0x1b6 Objects - Object Layer\Gentium_72.o
 .debug_abbrev  0x00003ac7      0x1b6 Objects - Object Layer\Gentium_16.o
 .debug_abbrev  0x00003c7d      0x1b6 Objects - Object Layer\Gentium_200.o
 .debug_abbrev  0x00003e33      0x1b6 Objects - Object Layer\FontCALIST_36.o
 .debug_abbrev  0x00003fe9      0x1d8 Objects - Object Layer\ADS7843.o
 .debug_abbrev  0x000041c1      0x1c9 Objects - Object Layer\Pictures C32.o
 .debug_abbrev  0x0000438a      0x1b6 Objects - Object Layer\Gentium_150.o
 .debug_abbrev  0x00004540      0x29e Objects - Object Layer\GDD_Screens_LedCam.o
 .debug_abbrev  0x000047de      0x321 Objects - Object Layer\GDD_X_Event_Handler_LedCam.o
 .debug_abbrev  0x00004aff      0x3fc Objects - Object Layer\Main_LedCam.o
 .debug_abbrev  0x00004efb      0x2f3 Objects - Object Layer\dee_emulation_pic32.o
 .debug_abbrev  0x000051ee       0x25 c:/program files (x86)/microchip/mplabc32/v2.02/bin/../lib/gcc/pic32mx/4.5.1/../../../../pic32mx/lib/size\libc.a(malloc.o)
 .debug_abbrev  0x00005213       0x25 c:/program files (x86)/microchip/mplabc32/v2.02/bin/../lib/gcc/pic32mx/4.5.1/../../../../pic32mx/lib/size\libc.a(sprintf_cdnopsuxX.eo)
 .debug_abbrev  0x00005238       0x38 c:/program files (x86)/microchip/mplabc32/v2.02/bin/../lib/gcc/pic32mx/4.5.1/../../../../pic32mx/lib/size\libc.a(sbrk.o)
 .debug_abbrev  0x00005270       0x25 c:/program files (x86)/microchip/mplabc32/v2.02/bin/../lib/gcc/pic32mx/4.5.1/../../../../pic32mx/lib/size\libc.a(default-general-exception-handler.o)
 .debug_abbrev  0x00005295       0x25 c:/program files (x86)/microchip/mplabc32/v2.02/bin/../lib/gcc/pic32mx/4.5.1/../../../../pic32mx/lib/size\libc.a(default-bootstrap-exception-handler.o)
 .debug_abbrev  0x000052ba       0x25 c:/program files (x86)/microchip/mplabc32/v2.02/bin/../lib/gcc/pic32mx/4.5.1/../../../../pic32mx/lib/size\libc.a(default-on-reset.o)
 .debug_abbrev  0x000052df       0x25 c:/program files (x86)/microchip/mplabc32/v2.02/bin/../lib/gcc/pic32mx/4.5.1/../../../../pic32mx/lib/size\libc.a(default-on-bootstrap.o)
 .debug_abbrev  0x00005304        0x1 c:/program files (x86)/microchip/mplabc32/v2.02/bin/../lib/gcc/pic32mx/4.5.1/../../../../pic32mx/lib/size\libc.a(errno.o)
 .debug_abbrev  0x00005305       0x25 c:/program files (x86)/microchip/mplabc32/v2.02/bin/../lib/gcc/pic32mx/4.5.1/../../../../pic32mx/lib/size\libc.a(doprnt_cdnopsuxX.eo)
 .debug_abbrev  0x0000532a       0x25 c:/program files (x86)/microchip/mplabc32/v2.02/bin/../lib/gcc/pic32mx/4.5.1/../../../../pic32mx/lib/size\libc.a(_fputc_simple.o)
 .debug_abbrev  0x0000534f        0x1 c:/program files (x86)/microchip/mplabc32/v2.02/bin/../lib/gcc/pic32mx/4.5.1/../../../../pic32mx/lib/size\libc.a(ctype.o)
 .debug_abbrev  0x00005350       0x25 c:/program files (x86)/microchip/mplabc32/v2.02/bin/../lib/gcc/pic32mx/4.5.1/../../../../pic32mx/lib/size\libc.a(write.o)
 .debug_abbrev  0x00005375        0x1 c:/program files (x86)/microchip/mplabc32/v2.02/bin/../lib/gcc/pic32mx/4.5.1/../../../../pic32mx/lib/size\libc.a(_iob.o)
 .debug_abbrev  0x00005376       0x25 c:/program files (x86)/microchip/mplabc32/v2.02/bin/../lib/gcc/pic32mx/4.5.1/../../../../pic32mx/lib/size\libc.a(_flsbuf_simple.o)
 .debug_abbrev  0x0000539b       0x25 c:/program files (x86)/microchip/mplabc32/v2.02/bin/../lib/gcc/pic32mx/4.5.1/../../../../pic32mx/lib/size\libc.a(_mon_putc.o)
 .debug_abbrev  0x000053c0        0x1 c:/program files (x86)/microchip/mplabc32/v2.02/bin/../lib/gcc/pic32mx/4.5.1/../../../../pic32mx/lib/size\libc.a(c32_uart.o)
 .debug_abbrev  0x000053c1       0x25 c:/program files (x86)/microchip/mplabc32/v2.02/bin/../lib/gcc/pic32mx/4.5.1/../../../../pic32mx/lib/size\libmchp_peripheral.a(open_core_timer_lib.o)
 .debug_abbrev  0x000053e6       0x25 c:/program files (x86)/microchip/mplabc32/v2.02/bin/../lib/gcc/pic32mx/4.5.1/../../../../pic32mx/lib/size\libmchp_peripheral.a(update_core_timer_lib.o)
 .debug_abbrev  0x0000540b       0x25 c:/program files (x86)/microchip/mplabc32/v2.02/bin/../lib/gcc/pic32mx/4.5.1/../../../../pic32mx/lib/size\libmchp_peripheral_32MX795F512L.a(pcache.o)
 .debug_abbrev  0x00005430       0x25 c:/program files (x86)/microchip/mplabc32/v2.02/bin/../lib/gcc/pic32mx/4.5.1/../../../../pic32mx/lib/size\libmchp_peripheral_32MX795F512L.a(int_enable_interrupts_lib.o)
 .debug_abbrev  0x00005455       0x25 c:/program files (x86)/microchip/mplabc32/v2.02/bin/../lib/gcc/pic32mx/4.5.1/../../../../pic32mx/lib/size\libmchp_peripheral_32MX795F512L.a(int_disable_interrupts_lib.o)
 .debug_abbrev  0x0000547a       0x25 c:/program files (x86)/microchip/mplabc32/v2.02/bin/../lib/gcc/pic32mx/4.5.1/../../../../pic32mx/lib/size\libmchp_peripheral_32MX795F512L.a(int_restore_interrupts_lib.o)
 .debug_abbrev  0x0000549f       0x25 c:/program files (x86)/microchip/mplabc32/v2.02/bin/../lib/gcc/pic32mx/4.5.1/../../../../pic32mx/lib/size\libmchp_peripheral_32MX795F512L.a(int_enable_mv_int_lib.o)
 .debug_abbrev  0x000054c4       0x25 c:/program files (x86)/microchip/mplabc32/v2.02/bin/../lib/gcc/pic32mx/4.5.1/../../../../pic32mx/lib/size\libmchp_peripheral_32MX795F512L.a(nvm_erase_page_lib.o)
 .debug_abbrev  0x000054e9       0x34 c:/program files (x86)/microchip/mplabc32/v2.02/bin/../lib/gcc/pic32mx/4.5.1/../../../../pic32mx/lib/size\libmchp_peripheral_32MX795F512L.a(nvm_operation_lib.o)
 .debug_abbrev  0x0000551d       0x25 c:/program files (x86)/microchip/mplabc32/v2.02/bin/../lib/gcc/pic32mx/4.5.1/../../../../pic32mx/lib/size\libmchp_peripheral_32MX795F512L.a(nvm_write_word_lib.o)
 .debug_abbrev  0x00005542       0xe3 c:/program files (x86)/microchip/mplabc32/v2.02/bin/../lib/gcc/pic32mx/4.5.1/size\libgcc.a(_lshrdi3.o)
 .debug_abbrev  0x00005625      0x13d c:/program files (x86)/microchip/mplabc32/v2.02/bin/../lib/gcc/pic32mx/4.5.1/size\libgcc.a(_udivdi3.o)
 .debug_abbrev  0x00005762      0x15c c:/program files (x86)/microchip/mplabc32/v2.02/bin/../lib/gcc/pic32mx/4.5.1/size\libgcc.a(_umoddi3.o)

.debug_line     0x00000000     0x6db6
 *(.debug_line)
 .debug_line    0x00000000      0x149 Objects - Object Layer\Window.o
 .debug_line    0x00000149      0x3a0 Objects - Object Layer\Button.o
 .debug_line    0x000004e9      0x149 Objects - Object Layer\CheckBox.o
 .debug_line    0x00000632      0x149 Objects - Object Layer\EditBox.o
 .debug_line    0x0000077b      0x3ba Objects - Object Layer\GOL.o
 .debug_line    0x00000b35      0x149 Objects - Object Layer\Grid.o
 .debug_line    0x00000c7e      0x149 Objects - Object Layer\GroupBox.o
 .debug_line    0x00000dc7      0x149 Objects - Object Layer\ListBox.o
 .debug_line    0x00000f10      0x149 Objects - Object Layer\Meter.o
 .debug_line    0x00001059      0x263 Objects - Object Layer\Picture.o
 .debug_line    0x000012bc      0xba1 Objects - Object Layer\Primitive.o
 .debug_line    0x00001e5d      0x2e9 Objects - Object Layer\ProgressBar.o
 .debug_line    0x00002146      0x149 Objects - Object Layer\RadioButton.o
 .debug_line    0x0000228f      0x149 Objects - Object Layer\RoundDial.o
 .debug_line    0x000023d8      0x39f Objects - Object Layer\Slider.o
 .debug_line    0x00002777      0x2a2 Objects - Object Layer\StaticText.o
 .debug_line    0x00002a19      0x1a0 Objects - Object Layer\TimeDelay.o
 .debug_line    0x00002bb9      0x157 Objects - Object Layer\Monofont.o
 .debug_line    0x00002d10      0x149 Objects - Object Layer\DigitalMeter.o
 .debug_line    0x00002e59      0x1d4 Objects - Object Layer\drv_spi.o
 .debug_line    0x0000302d      0x39b Objects - Object Layer\TouchScreenResistive.o
 .debug_line    0x000033c8       0xc1 Objects - Object Layer\GOLSchemeDefault.o
 .debug_line    0x00003489      0x149 Objects - Object Layer\MCHP25LC256.o
 .debug_line    0x000035d2      0x428 Objects - Object Layer\SSD1963.o
 .debug_line    0x000039fa      0x2c0 Objects - Object Layer\TouchScreen.o
 .debug_line    0x00003cba      0x1f2 Objects - Object Layer\Beep.o
 .debug_line    0x00003eac      0x2b7 Objects - Object Layer\SST25VF016.o
 .debug_line    0x00004163       0x35 Objects - Object Layer\Font25PixelsHeight.o
 .debug_line    0x00004198       0x35 Objects - Object Layer\Font35PixelsHeight.o
 .debug_line    0x000041cd       0xcf Objects - Object Layer\GOLFontDefault.o
 .debug_line    0x0000429c      0x1c9 Objects - Object Layer\GOLSmallFont.o
 .debug_line    0x00004465      0x189 Objects - Object Layer\Gentium_72.o
 .debug_line    0x000045ee      0x189 Objects - Object Layer\Gentium_16.o
 .debug_line    0x00004777      0x18a Objects - Object Layer\Gentium_200.o
 .debug_line    0x00004901      0x18c Objects - Object Layer\FontCALIST_36.o
 .debug_line    0x00004a8d      0x268 Objects - Object Layer\ADS7843.o
 .debug_line    0x00004cf5      0x18b Objects - Object Layer\Pictures C32.o
 .debug_line    0x00004e80      0x18a Objects - Object Layer\Gentium_150.o
 .debug_line    0x0000500a      0x405 Objects - Object Layer\GDD_Screens_LedCam.o
 .debug_line    0x0000540f      0x374 Objects - Object Layer\GDD_X_Event_Handler_LedCam.o
 .debug_line    0x00005783      0x40e Objects - Object Layer\Main_LedCam.o
 .debug_line    0x00005b91      0x3a7 Objects - Object Layer\dee_emulation_pic32.o
 .debug_line    0x00005f38       0x87 c:/program files (x86)/microchip/mplabc32/v2.02/bin/../lib/gcc/pic32mx/4.5.1/../../../../pic32mx/lib/size\libc.a(malloc.o)
 .debug_line    0x00005fbf       0x93 c:/program files (x86)/microchip/mplabc32/v2.02/bin/../lib/gcc/pic32mx/4.5.1/../../../../pic32mx/lib/size\libc.a(sprintf_cdnopsuxX.eo)
 .debug_line    0x00006052       0x87 c:/program files (x86)/microchip/mplabc32/v2.02/bin/../lib/gcc/pic32mx/4.5.1/../../../../pic32mx/lib/size\libc.a(sbrk.o)
 .debug_line    0x000060d9       0xa4 c:/program files (x86)/microchip/mplabc32/v2.02/bin/../lib/gcc/pic32mx/4.5.1/../../../../pic32mx/lib/size\libc.a(default-general-exception-handler.o)
 .debug_line    0x0000617d       0xa6 c:/program files (x86)/microchip/mplabc32/v2.02/bin/../lib/gcc/pic32mx/4.5.1/../../../../pic32mx/lib/size\libc.a(default-bootstrap-exception-handler.o)
 .debug_line    0x00006223       0x93 c:/program files (x86)/microchip/mplabc32/v2.02/bin/../lib/gcc/pic32mx/4.5.1/../../../../pic32mx/lib/size\libc.a(default-on-reset.o)
 .debug_line    0x000062b6       0x97 c:/program files (x86)/microchip/mplabc32/v2.02/bin/../lib/gcc/pic32mx/4.5.1/../../../../pic32mx/lib/size\libc.a(default-on-bootstrap.o)
 .debug_line    0x0000634d        0x0 c:/program files (x86)/microchip/mplabc32/v2.02/bin/../lib/gcc/pic32mx/4.5.1/../../../../pic32mx/lib/size\libc.a(errno.o)
 .debug_line    0x0000634d       0x92 c:/program files (x86)/microchip/mplabc32/v2.02/bin/../lib/gcc/pic32mx/4.5.1/../../../../pic32mx/lib/size\libc.a(doprnt_cdnopsuxX.eo)
 .debug_line    0x000063df       0x91 c:/program files (x86)/microchip/mplabc32/v2.02/bin/../lib/gcc/pic32mx/4.5.1/../../../../pic32mx/lib/size\libc.a(_fputc_simple.o)
 .debug_line    0x00006470        0x0 c:/program files (x86)/microchip/mplabc32/v2.02/bin/../lib/gcc/pic32mx/4.5.1/../../../../pic32mx/lib/size\libc.a(ctype.o)
 .debug_line    0x00006470       0x88 c:/program files (x86)/microchip/mplabc32/v2.02/bin/../lib/gcc/pic32mx/4.5.1/../../../../pic32mx/lib/size\libc.a(write.o)
 .debug_line    0x000064f8        0x0 c:/program files (x86)/microchip/mplabc32/v2.02/bin/../lib/gcc/pic32mx/4.5.1/../../../../pic32mx/lib/size\libc.a(_iob.o)
 .debug_line    0x000064f8       0x92 c:/program files (x86)/microchip/mplabc32/v2.02/bin/../lib/gcc/pic32mx/4.5.1/../../../../pic32mx/lib/size\libc.a(_flsbuf_simple.o)
 .debug_line    0x0000658a       0x8c c:/program files (x86)/microchip/mplabc32/v2.02/bin/../lib/gcc/pic32mx/4.5.1/../../../../pic32mx/lib/size\libc.a(_mon_putc.o)
 .debug_line    0x00006616        0x0 c:/program files (x86)/microchip/mplabc32/v2.02/bin/../lib/gcc/pic32mx/4.5.1/../../../../pic32mx/lib/size\libc.a(c32_uart.o)
 .debug_line    0x00006616       0x6e c:/program files (x86)/microchip/mplabc32/v2.02/bin/../lib/gcc/pic32mx/4.5.1/../../../../pic32mx/lib/size\libmchp_peripheral.a(open_core_timer_lib.o)
 .debug_line    0x00006684       0x70 c:/program files (x86)/microchip/mplabc32/v2.02/bin/../lib/gcc/pic32mx/4.5.1/../../../../pic32mx/lib/size\libmchp_peripheral.a(update_core_timer_lib.o)
 .debug_line    0x000066f4       0x62 c:/program files (x86)/microchip/mplabc32/v2.02/bin/../lib/gcc/pic32mx/4.5.1/../../../../pic32mx/lib/size\libmchp_peripheral_32MX795F512L.a(pcache.o)
 .debug_line    0x00006756       0x72 c:/program files (x86)/microchip/mplabc32/v2.02/bin/../lib/gcc/pic32mx/4.5.1/../../../../pic32mx/lib/size\libmchp_peripheral_32MX795F512L.a(int_enable_interrupts_lib.o)
 .debug_line    0x000067c8       0x73 c:/program files (x86)/microchip/mplabc32/v2.02/bin/../lib/gcc/pic32mx/4.5.1/../../../../pic32mx/lib/size\libmchp_peripheral_32MX795F512L.a(int_disable_interrupts_lib.o)
 .debug_line    0x0000683b       0x73 c:/program files (x86)/microchip/mplabc32/v2.02/bin/../lib/gcc/pic32mx/4.5.1/../../../../pic32mx/lib/size\libmchp_peripheral_32MX795F512L.a(int_restore_interrupts_lib.o)
 .debug_line    0x000068ae       0x6e c:/program files (x86)/microchip/mplabc32/v2.02/bin/../lib/gcc/pic32mx/4.5.1/../../../../pic32mx/lib/size\libmchp_peripheral_32MX795F512L.a(int_enable_mv_int_lib.o)
 .debug_line    0x0000691c       0x6b c:/program files (x86)/microchip/mplabc32/v2.02/bin/../lib/gcc/pic32mx/4.5.1/../../../../pic32mx/lib/size\libmchp_peripheral_32MX795F512L.a(nvm_erase_page_lib.o)
 .debug_line    0x00006987       0xc0 c:/program files (x86)/microchip/mplabc32/v2.02/bin/../lib/gcc/pic32mx/4.5.1/../../../../pic32mx/lib/size\libmchp_peripheral_32MX795F512L.a(nvm_operation_lib.o)
 .debug_line    0x00006a47       0x6b c:/program files (x86)/microchip/mplabc32/v2.02/bin/../lib/gcc/pic32mx/4.5.1/../../../../pic32mx/lib/size\libmchp_peripheral_32MX795F512L.a(nvm_write_word_lib.o)
 .debug_line    0x00006ab2       0xbe c:/program files (x86)/microchip/mplabc32/v2.02/bin/../lib/gcc/pic32mx/4.5.1/size\libgcc.a(_lshrdi3.o)
 .debug_line    0x00006b70      0x118 c:/program files (x86)/microchip/mplabc32/v2.02/bin/../lib/gcc/pic32mx/4.5.1/size\libgcc.a(_udivdi3.o)
 .debug_line    0x00006c88      0x12e c:/program files (x86)/microchip/mplabc32/v2.02/bin/../lib/gcc/pic32mx/4.5.1/size\libgcc.a(_umoddi3.o)

.debug_frame    0x00000000     0x1634
 *(.debug_frame)
 .debug_frame   0x00000000       0xe0 Objects - Object Layer\Button.o
 .debug_frame   0x000000e0      0x138 Objects - Object Layer\GOL.o
 .debug_frame   0x00000218       0x64 Objects - Object Layer\Picture.o
 .debug_frame   0x0000027c      0x380 Objects - Object Layer\Primitive.o
 .debug_frame   0x000005fc       0x9c Objects - Object Layer\ProgressBar.o
 .debug_frame   0x00000698      0x114 Objects - Object Layer\Slider.o
 .debug_frame   0x000007ac       0x88 Objects - Object Layer\StaticText.o
 .debug_frame   0x00000834       0x44 Objects - Object Layer\TimeDelay.o
 .debug_frame   0x00000878       0x60 Objects - Object Layer\drv_spi.o
 .debug_frame   0x000008d8       0xe0 Objects - Object Layer\TouchScreenResistive.o
 .debug_frame   0x000009b8      0x1d0 Objects - Object Layer\SSD1963.o
 .debug_frame   0x00000b88       0x8c Objects - Object Layer\TouchScreen.o
 .debug_frame   0x00000c14       0x20 Objects - Object Layer\Beep.o
 .debug_frame   0x00000c34      0x170 Objects - Object Layer\SST25VF016.o
 .debug_frame   0x00000da4       0x40 Objects - Object Layer\ADS7843.o
 .debug_frame   0x00000de4       0xf4 Objects - Object Layer\GDD_Screens_LedCam.o
 .debug_frame   0x00000ed8      0x138 Objects - Object Layer\GDD_X_Event_Handler_LedCam.o
 .debug_frame   0x00001010       0xcc Objects - Object Layer\Main_LedCam.o
 .debug_frame   0x000010dc      0x154 Objects - Object Layer\dee_emulation_pic32.o
 .debug_frame   0x00001230       0x68 c:/program files (x86)/microchip/mplabc32/v2.02/bin/../lib/gcc/pic32mx/4.5.1/../../../../pic32mx/lib/size\libc.a(malloc.o)
 .debug_frame   0x00001298       0x2c c:/program files (x86)/microchip/mplabc32/v2.02/bin/../lib/gcc/pic32mx/4.5.1/../../../../pic32mx/lib/size\libc.a(sprintf_cdnopsuxX.eo)
 .debug_frame   0x000012c4       0x88 c:/program files (x86)/microchip/mplabc32/v2.02/bin/../lib/gcc/pic32mx/4.5.1/../../../../pic32mx/lib/size\libc.a(sbrk.o)
 .debug_frame   0x0000134c       0x20 c:/program files (x86)/microchip/mplabc32/v2.02/bin/../lib/gcc/pic32mx/4.5.1/../../../../pic32mx/lib/size\libc.a(default-general-exception-handler.o)
 .debug_frame   0x0000136c       0x20 c:/program files (x86)/microchip/mplabc32/v2.02/bin/../lib/gcc/pic32mx/4.5.1/../../../../pic32mx/lib/size\libc.a(default-bootstrap-exception-handler.o)
 .debug_frame   0x0000138c       0x20 c:/program files (x86)/microchip/mplabc32/v2.02/bin/../lib/gcc/pic32mx/4.5.1/../../../../pic32mx/lib/size\libc.a(default-on-reset.o)
 .debug_frame   0x000013ac       0x20 c:/program files (x86)/microchip/mplabc32/v2.02/bin/../lib/gcc/pic32mx/4.5.1/../../../../pic32mx/lib/size\libc.a(default-on-bootstrap.o)
 .debug_frame   0x000013cc       0x38 c:/program files (x86)/microchip/mplabc32/v2.02/bin/../lib/gcc/pic32mx/4.5.1/../../../../pic32mx/lib/size\libc.a(doprnt_cdnopsuxX.eo)
 .debug_frame   0x00001404       0x2c c:/program files (x86)/microchip/mplabc32/v2.02/bin/../lib/gcc/pic32mx/4.5.1/../../../../pic32mx/lib/size\libc.a(_fputc_simple.o)
 .debug_frame   0x00001430       0x2c c:/program files (x86)/microchip/mplabc32/v2.02/bin/../lib/gcc/pic32mx/4.5.1/../../../../pic32mx/lib/size\libc.a(write.o)
 .debug_frame   0x0000145c       0x28 c:/program files (x86)/microchip/mplabc32/v2.02/bin/../lib/gcc/pic32mx/4.5.1/../../../../pic32mx/lib/size\libc.a(_flsbuf_simple.o)
 .debug_frame   0x00001484       0x20 c:/program files (x86)/microchip/mplabc32/v2.02/bin/../lib/gcc/pic32mx/4.5.1/../../../../pic32mx/lib/size\libc.a(_mon_putc.o)
 .debug_frame   0x000014a4       0x20 c:/program files (x86)/microchip/mplabc32/v2.02/bin/../lib/gcc/pic32mx/4.5.1/../../../../pic32mx/lib/size\libmchp_peripheral.a(open_core_timer_lib.o)
 .debug_frame   0x000014c4       0x20 c:/program files (x86)/microchip/mplabc32/v2.02/bin/../lib/gcc/pic32mx/4.5.1/../../../../pic32mx/lib/size\libmchp_peripheral.a(update_core_timer_lib.o)
 .debug_frame   0x000014e4       0x30 c:/program files (x86)/microchip/mplabc32/v2.02/bin/../lib/gcc/pic32mx/4.5.1/../../../../pic32mx/lib/size\libmchp_peripheral_32MX795F512L.a(pcache.o)
 .debug_frame   0x00001514       0x20 c:/program files (x86)/microchip/mplabc32/v2.02/bin/../lib/gcc/pic32mx/4.5.1/../../../../pic32mx/lib/size\libmchp_peripheral_32MX795F512L.a(int_enable_interrupts_lib.o)
 .debug_frame   0x00001534       0x20 c:/program files (x86)/microchip/mplabc32/v2.02/bin/../lib/gcc/pic32mx/4.5.1/../../../../pic32mx/lib/size\libmchp_peripheral_32MX795F512L.a(int_disable_interrupts_lib.o)
 .debug_frame   0x00001554       0x20 c:/program files (x86)/microchip/mplabc32/v2.02/bin/../lib/gcc/pic32mx/4.5.1/../../../../pic32mx/lib/size\libmchp_peripheral_32MX795F512L.a(int_restore_interrupts_lib.o)
 .debug_frame   0x00001574       0x28 c:/program files (x86)/microchip/mplabc32/v2.02/bin/../lib/gcc/pic32mx/4.5.1/../../../../pic32mx/lib/size\libmchp_peripheral_32MX795F512L.a(int_enable_mv_int_lib.o)
 .debug_frame   0x0000159c       0x28 c:/program files (x86)/microchip/mplabc32/v2.02/bin/../lib/gcc/pic32mx/4.5.1/../../../../pic32mx/lib/size\libmchp_peripheral_32MX795F512L.a(nvm_erase_page_lib.o)
 .debug_frame   0x000015c4       0x28 c:/program files (x86)/microchip/mplabc32/v2.02/bin/../lib/gcc/pic32mx/4.5.1/../../../../pic32mx/lib/size\libmchp_peripheral_32MX795F512L.a(nvm_operation_lib.o)
 .debug_frame   0x000015ec       0x28 c:/program files (x86)/microchip/mplabc32/v2.02/bin/../lib/gcc/pic32mx/4.5.1/../../../../pic32mx/lib/size\libmchp_peripheral_32MX795F512L.a(nvm_write_word_lib.o)
 .debug_frame   0x00001614       0x20 c:/program files (x86)/microchip/mplabc32/v2.02/bin/../lib/gcc/pic32mx/4.5.1/size\libgcc.a(_lshrdi3.o)

.debug_str      0x00000000     0x39d3
 *(.debug_str)
 .debug_str     0x00000000      0x12f Objects - Object Layer\Window.o
 .debug_str     0x0000012f      0x1f1 Objects - Object Layer\Button.o
 .debug_str     0x00000320      0x12f Objects - Object Layer\CheckBox.o
 .debug_str     0x0000044f      0x12f Objects - Object Layer\EditBox.o
 .debug_str     0x0000057e      0x26a Objects - Object Layer\GOL.o
 .debug_str     0x000007e8      0x12f Objects - Object Layer\Grid.o
 .debug_str     0x00000917      0x12f Objects - Object Layer\GroupBox.o
 .debug_str     0x00000a46      0x12f Objects - Object Layer\ListBox.o
 .debug_str     0x00000b75      0x12f Objects - Object Layer\Meter.o
 .debug_str     0x00000ca4      0x14c Objects - Object Layer\Picture.o
 .debug_str     0x00000df0      0x2c0 Objects - Object Layer\Primitive.o
 .debug_str     0x000010b0      0x1a6 Objects - Object Layer\ProgressBar.o
 .debug_str     0x00001256      0x12f Objects - Object Layer\RadioButton.o
 .debug_str     0x00001385      0x12f Objects - Object Layer\RoundDial.o
 .debug_str     0x000014b4      0x1d7 Objects - Object Layer\Slider.o
 .debug_str     0x0000168b      0x16d Objects - Object Layer\StaticText.o
 .debug_str     0x000017f8      0x12f Objects - Object Layer\TimeDelay.o
 .debug_str     0x00001927      0x12f Objects - Object Layer\Monofont.o
 .debug_str     0x00001a56      0x12f Objects - Object Layer\DigitalMeter.o
 .debug_str     0x00001b85      0x16c Objects - Object Layer\drv_spi.o
 .debug_str     0x00001cf1      0x1b5 Objects - Object Layer\TouchScreenResistive.o
 .debug_str     0x00001ea6        0xf Objects - Object Layer\GOLSchemeDefault.o
 .debug_str     0x00001eb5      0x12f Objects - Object Layer\MCHP25LC256.o
 .debug_str     0x00001fe4      0x219 Objects - Object Layer\SSD1963.o
 .debug_str     0x000021fd      0x184 Objects - Object Layer\TouchScreen.o
 .debug_str     0x00002381      0x12f Objects - Object Layer\Beep.o
 .debug_str     0x000024b0      0x140 Objects - Object Layer\SST25VF016.o
 .debug_str     0x000025f0        0x0 Objects - Object Layer\Font25PixelsHeight.o
 .debug_str     0x000025f0        0x0 Objects - Object Layer\Font35PixelsHeight.o
 .debug_str     0x000025f0       0x11 Objects - Object Layer\GOLFontDefault.o
 .debug_str     0x00002601      0x12f Objects - Object Layer\GOLSmallFont.o
 .debug_str     0x00002730      0x13c Objects - Object Layer\Gentium_72.o
 .debug_str     0x0000286c      0x13c Objects - Object Layer\Gentium_16.o
 .debug_str     0x000029a8      0x13d Objects - Object Layer\Gentium_200.o
 .debug_str     0x00002ae5      0x13b Objects - Object Layer\FontCALIST_36.o
 .debug_str     0x00002c20      0x156 Objects - Object Layer\ADS7843.o
 .debug_str     0x00002d76      0x1ec Objects - Object Layer\Pictures C32.o
 .debug_str     0x00002f62      0x13d Objects - Object Layer\Gentium_150.o
 .debug_str     0x0000309f      0x2e2 Objects - Object Layer\GDD_Screens_LedCam.o
 .debug_str     0x00003381      0x1fb Objects - Object Layer\GDD_X_Event_Handler_LedCam.o
 .debug_str     0x0000357c      0x28c Objects - Object Layer\Main_LedCam.o
 .debug_str     0x00003808      0x1cb Objects - Object Layer\dee_emulation_pic32.o
 .debug_str     0x000039d3        0x0 c:/program files (x86)/microchip/mplabc32/v2.02/bin/../lib/gcc/pic32mx/4.5.1/../../../../pic32mx/lib/size\libc.a(malloc.o)
 .debug_str     0x000039d3        0x0 c:/program files (x86)/microchip/mplabc32/v2.02/bin/../lib/gcc/pic32mx/4.5.1/../../../../pic32mx/lib/size\libc.a(sprintf_cdnopsuxX.eo)
 .debug_str     0x000039d3        0x0 c:/program files (x86)/microchip/mplabc32/v2.02/bin/../lib/gcc/pic32mx/4.5.1/../../../../pic32mx/lib/size\libc.a(sbrk.o)
 .debug_str     0x000039d3        0x0 c:/program files (x86)/microchip/mplabc32/v2.02/bin/../lib/gcc/pic32mx/4.5.1/../../../../pic32mx/lib/size\libc.a(default-general-exception-handler.o)
 .debug_str     0x000039d3        0x0 c:/program files (x86)/microchip/mplabc32/v2.02/bin/../lib/gcc/pic32mx/4.5.1/../../../../pic32mx/lib/size\libc.a(default-bootstrap-exception-handler.o)
 .debug_str     0x000039d3        0x0 c:/program files (x86)/microchip/mplabc32/v2.02/bin/../lib/gcc/pic32mx/4.5.1/../../../../pic32mx/lib/size\libc.a(default-on-reset.o)
 .debug_str     0x000039d3        0x0 c:/program files (x86)/microchip/mplabc32/v2.02/bin/../lib/gcc/pic32mx/4.5.1/../../../../pic32mx/lib/size\libc.a(default-on-bootstrap.o)
 .debug_str     0x000039d3        0x0 c:/program files (x86)/microchip/mplabc32/v2.02/bin/../lib/gcc/pic32mx/4.5.1/../../../../pic32mx/lib/size\libc.a(errno.o)
 .debug_str     0x000039d3        0x0 c:/program files (x86)/microchip/mplabc32/v2.02/bin/../lib/gcc/pic32mx/4.5.1/../../../../pic32mx/lib/size\libc.a(doprnt_cdnopsuxX.eo)
 .debug_str     0x000039d3        0x0 c:/program files (x86)/microchip/mplabc32/v2.02/bin/../lib/gcc/pic32mx/4.5.1/../../../../pic32mx/lib/size\libc.a(_fputc_simple.o)
 .debug_str     0x000039d3        0x0 c:/program files (x86)/microchip/mplabc32/v2.02/bin/../lib/gcc/pic32mx/4.5.1/../../../../pic32mx/lib/size\libc.a(ctype.o)
 .debug_str     0x000039d3        0x0 c:/program files (x86)/microchip/mplabc32/v2.02/bin/../lib/gcc/pic32mx/4.5.1/../../../../pic32mx/lib/size\libc.a(write.o)
 .debug_str     0x000039d3        0x0 c:/program files (x86)/microchip/mplabc32/v2.02/bin/../lib/gcc/pic32mx/4.5.1/../../../../pic32mx/lib/size\libc.a(_iob.o)